04-07 14:59:35.827   839   839 I MQTT_BROKER: Sending PUBACK to dimsupportservice (Mid: 62848)
04-07 14:59:35.828   839   839 I MQTT_BROKER: Sending PUBLISH to dimsub|270359-localhos (d0, q1, r0, m62818, 'ihu/heartbeat/navigation', ... (43 bytes))
04-07 14:59:35.829   839   839 I MQTT_BROKER: Received PUBACK from dimsub|270359-localhos (Mid: 62818)
04-07 14:59:35.833  2450  2605 W CCS-2022-01-26: ManagerBase:sendHeartbeat()
04-07 14:59:35.835   839   839 I MQTT_BROKER: Received PUBLISH from dimsupportservice (d0, q1, r0, m62849, 'ihu/heartbeat/media', ... (43 bytes))
04-07 14:59:35.835   839   839 I MQTT_BROKER: Sending PUBACK to dimsupportservice (Mid: 62849)
04-07 14:59:35.835   839   839 I MQTT_BROKER: Sending PUBLISH to dimsub|270359-localhos (d0, q1, r0, m62819, 'ihu/heartbeat/media', ... (43 bytes))
04-07 14:59:35.836   839   839 I MQTT_BROKER: Received PUBACK from dimsub|270359-localhos (Mid: 62819)
04-07 14:59:35.838   572   593 I VNS.MessageHandler: rxMsg: aa 83 21 09 00 00 00 22 2e 00 04 16 14 0b aa 84 33 07 16 04 07 0e 3b 23 01 18
04-07 14:59:35.850   676   733 I VHAL.ActiveCoolingHandler: [T1] Result : 0 / Temp : 51
04-07 14:59:35.856   572   591 I VNS.MessageHandler: txMsg: aa 01 51 0f d9 56 5f 3a 0c 29 3a 64 00 00 00 00 00 00 00 64
04-07 14:59:35.856   572   591 I VNS.MessageHandler: txMsg: aa 01 51 06 d9 9d 2c 7c 04 35 d9
04-07 14:59:35.872  1457  1457 I CCS-2022-01-26: EthernetManagerHandler:isDataEnabled: true
04-07 14:59:35.918   572   593 I VNS.MessageHandler: rxMsg: aa 84 33 07 16 04 07 0e 3b 23 01 18
04-07 14:59:35.944   572   593 I VNS.MessageHandler: rxMsg: aa 84 9d 04 02 1c ba 6e 7d aa 84 53 03 01 00 00 7f
04-07 14:59:35.944   572   593 D VNS.MessageDefinitionManager: There is no parse information. msgId = 0x8453
04-07 14:59:35.953   659  1407 D u-blox  : CAndroidDatabase::getFixType: fixType is 0
04-07 14:59:35.956   659  1407 I chatty  : uid=1021 gps thread identical 115 lines
04-07 14:59:35.956   659  1407 D u-blox  : CAndroidDatabase::getFixType: fixType is 0
04-07 14:59:35.959   659  1407 D u-blox  : CAndroidDatabase::getFixType: fixType is 0
04-07 14:59:35.959   659  1407 D u-blox  : CAndroidDatabase::getFixType: fixType is 0
04-07 14:59:35.976   852   852 W /system/bin/vbfupdate: ERROR connecting: 111:Connection refused
04-07 14:59:35.981   572   593 I VNS.MessageHandler: rxMsg: aa ee 01 78 30 00 02 01 00 00 00 00 02 00 00 00 00 00 01 02 00 00 01 03 00 00 00 01 f1 23 00 00 00 00 00 1c 2f 39 01 01 00 00 0f 00 85 00 00 03 3c 0f 3c 00 00 00 00 02 02 00 1e 3c 01 00 00 09 00 00 00 00 00 00 00 00 00 00 00 00 02 a0 00 00 02 00 04 00 01 00 00 99 02 00 00 01 01 03 03 01 01 03 03 00 04 01 01 01 01 08 00 00 00 01 00 00 00 00 00 00 00 00 00 00 87 09 00 0e cb
04-07 14:59:35.981   572   593 D VNS.MessageDefinitionManager: There is no parse information. msgId = 0xee01
04-07 14:59:35.984   572   593 I VNS.MessageHandler: rxMsg: aa ee 03 13 00 00 00 00 00 00 00 00 00 00 ff 00 02 00 00 00 00 0a 0b a8
04-07 14:59:35.984   572   593 D VNS.MessageDefinitionManager: There is no parse information. msgId = 0xee03
04-07 14:59:35.998   572   593 I VNS.MessageHandler: rxMsg: aa 84 33 07 16 04 07 0e 3b 23 01 18
04-07 14:59:36.024   572   593 I VNS.MessageHandler: rxMsg: aa 84 9d 04 02 1c ba 6f 7c
04-07 14:59:36.050  1924 10300 D libnav  : [decode(57)] msgUserTMCCount = 3, msgUserOLRCount = 0, liveFlowTMCCount = 8851, liveFlowOLRCount = 20
04-07 14:59:36.055   659   659 V u-blox  : CGpsIf::injectTime: timeGpsUtc=2022.04.07 08:07:25.490 timeReference=86431716 uncertainty=0.042 ms
04-07 14:59:36.055   659   659 V u-blox  : CUbxGpsState::putTime: NTP time injected (UTC)
04-07 14:59:36.058  1924 10300 D libnav  : [endUpdatingTrafficData(3825)] totalIncidentSize = 0 bytes, totalFlowSize = 0 bytes 
04-07 14:59:36.058  1924 10300 D libnav  : [NAV_CNavCore_requestTPEGGetMessages(12213)] Traffic decoding took 1200ms.
04-07 14:59:36.060   572   593 I VNS.MessageHandler: rxMsg: aa ee 04 3e a0 01 00 00 01 00 00 11 00 01 00 01 00 00 00 2b 00 1a 04 02 01 00 01 fe 01 01 01 00 00 00 00 00 00 00 00 00 e0 00 00 00 00 00 00 00 00 00 00 00 00 00 00 00 00 00 00 00 00 00 00 00 00 00 e7
04-07 14:59:36.060   572   593 D VNS.MessageDefinitionManager: There is no parse information. msgId = 0xee04
04-07 14:59:36.077  1924  1924 V EnNavCore2 Traffic: TrafficDataDownloadTask [publishProgress : 125] >> [STATUS_END] Traffic Data Download onEnd
04-07 14:59:36.078   572   593 I VNS.MessageHandler: rxMsg: aa 84 33 07 16 04 07 0e 3b 23 01 18
04-07 14:59:36.103   572   593 I VNS.MessageHandler: rxMsg: aa 84 9d 04 02 1c ba 70 63
04-07 14:59:36.131   659   659 V u-blox  : CGpsIf::injectTime: timeGpsUtc=2022.04.07 08:07:25.490 timeReference=86431716 uncertainty=0.042 ms
04-07 14:59:36.132   659   659 V u-blox  : CUbxGpsState::putTime: NTP time injected (UTC)
04-07 14:59:36.223   572   593 I VNS.MessageHandler: rxMsg: aa 84 9d 04 02 1c ba 71 62
04-07 14:59:36.227  3118  3146 W CCS-2022-01-26: ManagerBase:sendHeartbeat()
04-07 14:59:36.229  1525  1628 E CCS-2022-01-26: DimSupportService:sendHeartbeat: PID 3118 ;Type 3
04-07 14:59:36.232   839   839 I MQTT_BROKER: Received PUBLISH from dimsupportservice (d0, q1, r0, m62850, 'ihu/heartbeat/telephone', ... (43 bytes))
04-07 14:59:36.232   839   839 I MQTT_BROKER: Sending PUBACK to dimsupportservice (Mid: 62850)
04-07 14:59:36.232   839   839 I MQTT_BROKER: Sending PUBLISH to dimsub|270359-localhos (d0, q1, r0, m62820, 'ihu/heartbeat/telephone', ... (43 bytes))
04-07 14:59:36.234   839   839 I MQTT_BROKER: Received PUBACK from dimsub|270359-localhos (Mid: 62820)
04-07 14:59:36.240   572   593 I VNS.MessageHandler: rxMsg: aa 84 33 07 16 04 07 0e 3b 23 01 18
04-07 14:59:36.249   572   591 I VNS.MessageHandler: txMsg: aa 01 93 04 01 00 00 00 3d
04-07 14:59:36.303   572   593 I VNS.MessageHandler: rxMsg: aa 84 9d 04 02 1c ba 72 61
04-07 14:59:36.308   572   591 I VNS.MessageHandler: txMsg: aa 01 37 07 a0 00 00 02 00 04 00 3d
04-07 14:59:36.318   572   593 I VNS.MessageHandler: rxMsg: aa 84 33 07 16 04 07 0e 3b 23 01 18
04-07 14:59:36.338   572   593 I VNS.MessageHandler: rxMsg: aa 83 21 09 00 00 00 22 2e 00 05 11 13 0a
04-07 14:59:36.399   572   593 I VNS.MessageHandler: rxMsg: aa 84 33 07 16 04 07 0e 3b 24 01 1f
04-07 14:59:36.405   676   736 I VHAL.TimeHandler: [PA]PROP_CLOCK_GET_DATE(1)mYr(2022)mMth(3)mDay(7)
04-07 14:59:36.405   676   736 I VHAL.TimeHandler: [PA]PROP_CLOCK_GET_TIME(1)mHr(14)mMins(59)mSec(36)
04-07 14:59:36.405   676   736 I VHAL.TimeHandler: [PROP_PA_CI_Timedicated] availability : 1
04-07 14:59:36.405   676   736 I VHAL.TimeHandler: [PA]PROP_PA_CI_Timedicated(1)mHr(14)mMins(59)mSec(36)
04-07 14:59:36.406   676   736 I VHAL.TimeHandler: [PA]mPA_CL_DateIndicated_Availability(1)mYr(2022)mMth(3)mDay(7)
04-07 14:59:36.406   676   736 I VHAL.TimeHandler: mTiAndDateVld(1)
04-07 14:59:36.406   676   736 I VHAL.TimeHandler: [onSignalChanged] mYr(2022)mMth(3)mDay(7)|y(2022)m(3)d(7)
04-07 14:59:36.406   676   736 I VHAL.TimeHandler: [onSignalChanged] mHr(14)mMins(59)mSec(36)|Hr(14)m(59)Sec(36)
04-07 14:59:36.424   572   593 I VNS.MessageHandler: rxMsg: aa 84 9d 04 02 1c ba 73 60
04-07 14:59:36.478   572   593 I VNS.MessageHandler: rxMsg: aa 84 33 07 16 04 07 0e 3b 24 01 1f
04-07 14:59:36.480   852   852 W /system/bin/vbfupdate: ERROR connecting: 111:Connection refused
04-07 14:59:36.484   572   593 I VNS.MessageHandler: rxMsg: aa ee 03 13 00 00 00 00 00 00 00 00 00 00 ff 00 02 00 00 00 00 0a 0b a8
04-07 14:59:36.484   572   593 D VNS.MessageDefinitionManager: There is no parse information. msgId = 0xee03
04-07 14:59:36.504   572   593 I VNS.MessageHandler: rxMsg: aa 84 9d 04 02 1c ba 74 67
04-07 14:59:36.572   676  2141 I VHAL.PowerModeHandler: get::propId=0x21404302
04-07 14:59:36.572  1292  1292 I chatty  : uid=1000(system) com.android.car expire 66 lines
04-07 14:59:36.583   572   591 I VNS.MessageHandler: txMsg: aa 01 50 04 ef 2a 00 00 3a
04-07 14:59:36.624   572   593 I VNS.MessageHandler: rxMsg: aa 84 9d 04 02 1c ba 75 66
04-07 14:59:36.638   572   593 I VNS.MessageHandler: rxMsg: aa 84 33 07 16 04 07 0e 3b 24 01 1f
04-07 14:59:36.681  1182  1703 W CCS-2022-01-26: ManagerBase:sendHeartbeat()
04-07 14:59:36.682  1525  1628 E CCS-2022-01-26: DimSupportService:sendHeartbeat: PID 1182 ;Type 1
04-07 14:59:36.684   839   839 I MQTT_BROKER: Received PUBLISH from dimsupportservice (d0, q1, r0, m62851, 'ihu/heartbeat/media', ... (43 bytes))
04-07 14:59:36.684   839   839 I MQTT_BROKER: Sending PUBACK to dimsupportservice (Mid: 62851)
04-07 14:59:36.684   839   839 I MQTT_BROKER: Sending PUBLISH to dimsub|270359-localhos (d0, q1, r0, m62821, 'ihu/heartbeat/media', ... (43 bytes))
04-07 14:59:36.686   839   839 I MQTT_BROKER: Received PUBACK from dimsub|270359-localhos (Mid: 62821)
04-07 14:59:36.703   572   593 I VNS.MessageHandler: rxMsg: aa 84 9d 04 02 1c ba 76 65
04-07 14:59:36.712  2471  2507 W NAVSVC  : V202201271208-537:<openapi-navi> NaviService => invokeNaviAPI:NaviBaseModel{protocolID=2000, callbackId=-1033631525, protocolVersion='10', packageName='com.ecarx.xiaoka', mapVendor='-1', extraData=Bundle[EMPTY_PARCEL], timeout=0}
04-07 14:59:36.712  2471  2507 D NaviService: invokeNaviAPI: 2000-->com.ecarx.xiaoka, return RspLocation{locationInfo=LocationInfo{latLng=LatLng{latitude=57.70833, longitude=11.97359, coordType='gcj02'}, accuracy=0.0, altitude=0.0, speed=0.0, bearing=0.0, fixTime=0, lastGeoDecodeLatLng=null, country='Sweden', countryCode='1', province='Vstra Gtalands ln ', city='Gteborg', cityCode='', adcode='', address='Drottningtorget', formatedAddress='Drottningtorget, Gteborg, 411 03, Sverige', geoDecodeTime=0, adname='null'}{base=NaviBaseModel{protocolID=2000, callbackId=-1033631525, protocolVersion='10', packageName='com.ecarx.xiaoka', mapVendor='-1', extraData=Bundle[{}], timeout=0}}; }
04-07 14:59:36.719   572   593 I VNS.MessageHandler: rxMsg: aa 84 33 07 16 04 07 0e 3b 24 01 1f
04-07 14:59:36.723   676  2141 I VHAL.PowerModeHandler: get::propId=0x21404302
04-07 14:59:36.738   572   591 I VNS.MessageHandler: txMsg: aa 01 50 04 ef 2a 00 00 3a
04-07 14:59:36.781   572   591 I VNS.MessageHandler: txMsg: aa 01 51 03 d9 5e 00 7e
04-07 14:59:36.798   572   593 I VNS.MessageHandler: rxMsg: aa 84 33 07 16 04 07 0e 3b 24 01 1f
04-07 14:59:36.823   572   593 I VNS.MessageHandler: rxMsg: aa 84 9d 04 02 1c ba 77 64
04-07 14:59:36.838   572   593 I VNS.MessageHandler: rxMsg: aa 83 21 09 00 00 00 22 2e 00 09 12 20 36
04-07 14:59:36.878   572   593 I VNS.MessageHandler: rxMsg: aa 84 33 07 16 04 07 0e 3b 24 01 1f
04-07 14:59:36.943   572   593 I VNS.MessageHandler: rxMsg: aa 84 9d 04 02 1c ba 78 6b
04-07 14:59:36.953   659  1407 D u-blox  : CAndroidDatabase::getFixType: fixType is 0
04-07 14:59:36.957   659  1407 D u-blox  : CAndroidDatabase::getFixType: fixType is 0
04-07 14:59:36.983   852   852 W /system/bin/vbfupdate: ERROR connecting: 111:Connection refused
04-07 14:59:36.989   572   593 I VNS.MessageHandler: rxMsg: aa ee 03 13 00 00 00 00 00 00 00 00 00 00 ff 00 02 00 00 00 00 0a 0b a8
04-07 14:59:36.989   572   593 D VNS.MessageDefinitionManager: There is no parse information. msgId = 0xee03
04-07 14:59:37.028   572   593 I VNS.MessageHandler: rxMsg: aa 84 9d 04 02 1c ba 79 6a
04-07 14:59:37.038   572   593 I VNS.MessageHandler: rxMsg: aa 84 33 07 16 04 07 0e 3b 24 01 1f
04-07 14:59:37.068   572   593 I VNS.MessageHandler: rxMsg: aa 84 53 03 00 81 00 ff
04-07 14:59:37.068   572   593 D VNS.MessageDefinitionManager: There is no parse information. msgId = 0x8453
04-07 14:59:37.108   572   593 I VNS.MessageHandler: rxMsg: aa 84 9d 04 02 1c ba 7a 69
04-07 14:59:37.118   572   593 I VNS.MessageHandler: rxMsg: aa 84 33 07 16 04 07 0e 3b 24 01 1f
04-07 14:59:37.198   572   593 I VNS.MessageHandler: rxMsg: aa 84 33 07 16 04 07 0e 3b 24 01 1f
04-07 14:59:37.235   572   593 I VNS.MessageHandler: rxMsg: aa 84 9d 04 02 1c ba 7b 68
04-07 14:59:37.260   676  2141 I VHAL.PowerModeHandler: get::propId=0x21404302
04-07 14:59:37.271   572   591 I VNS.MessageHandler: txMsg: aa 01 50 04 ef 2a 00 00 3a
04-07 14:59:37.278   572   593 I VNS.MessageHandler: rxMsg: aa 84 33 07 16 04 07 0e 3b 24 01 1f
04-07 14:59:37.308   572   591 I VNS.MessageHandler: txMsg: aa 01 37 07 a0 00 00 02 00 04 00 3d
04-07 14:59:37.315   572   593 I VNS.MessageHandler: rxMsg: aa 84 9d 04 02 1c ba 7c 6f
04-07 14:59:37.348   572   593 I VNS.MessageHandler: rxMsg: aa 83 21 09 00 00 00 22 2e 00 09 13 19 0e
04-07 14:59:37.434   572   593 I VNS.MessageHandler: rxMsg: aa 84 9d 04 02 1c ba 7d 6e
04-07 14:59:37.438   572   593 I VNS.MessageHandler: rxMsg: aa 84 33 07 16 04 07 0e 3b 25 01 1e
04-07 14:59:37.439   676   736 I VHAL.TimeHandler: [PA]PROP_CLOCK_GET_DATE(1)mYr(2022)mMth(3)mDay(7)
04-07 14:59:37.440   676   736 I VHAL.TimeHandler: [PA]PROP_CLOCK_GET_TIME(1)mHr(14)mMins(59)mSec(37)
04-07 14:59:37.440   676   736 I VHAL.TimeHandler: [PROP_PA_CI_Timedicated] availability : 1
04-07 14:59:37.440   676   736 I VHAL.TimeHandler: [PA]PROP_PA_CI_Timedicated(1)mHr(14)mMins(59)mSec(37)
04-07 14:59:37.440   676   736 I VHAL.TimeHandler: [PA]mPA_CL_DateIndicated_Availability(1)mYr(2022)mMth(3)mDay(7)
04-07 14:59:37.440   676   736 I VHAL.TimeHandler: mTiAndDateVld(1)
04-07 14:59:37.440   676   736 I VHAL.TimeHandler: [onSignalChanged] mYr(2022)mMth(3)mDay(7)|y(2022)m(3)d(7)
04-07 14:59:37.440   676   736 I VHAL.TimeHandler: [onSignalChanged] mHr(14)mMins(59)mSec(37)|Hr(14)m(59)Sec(37)
04-07 14:59:37.485   852   852 W /system/bin/vbfupdate: ERROR connecting: 111:Connection refused
04-07 14:59:37.495   572   593 I VNS.MessageHandler: rxMsg: aa ee 03 13 00 00 00 00 00 00 00 00 00 00 ff 00 02 00 00 00 00 0a 0b a8
04-07 14:59:37.495   572   593 D VNS.MessageDefinitionManager: There is no parse information. msgId = 0xee03
04-07 14:59:37.514   572   593 I VNS.MessageHandler: rxMsg: aa 84 9d 04 02 1c ba 7e 6d
04-07 14:59:37.519   572   593 I VNS.MessageHandler: rxMsg: aa 84 33 07 16 04 07 0e 3b 25 01 1e
04-07 14:59:37.598   572   593 I VNS.MessageHandler: rxMsg: aa 84 33 07 16 04 07 0e 3b 25 01 1e
04-07 14:59:37.620   962  1016 D [TEM]IPCMD.Message: IpcmdBusTx[IHU] :[0] 0000 00 a9 09 04 00 00 00 1e a9 04 06 07 03 06 00 00 e0 80 00 00 00 c0 80 00 00 00 00 00 00 ff 00 00 00 00 00 20 00 00 
04-07 14:59:37.620   962  1016 D [TEM]IPCMD.Message: IpcmdBusTx[IHU] :[0] 0000 00 a9 09 04 00 00 00 1e a9 04 06 07 03 06 00 00 e0 80 00 00 00 c0 80 00 00 00 00 00 00 ff 00 00 00 00 00 20 00 00 
04-07 14:59:37.621   962  1016 D [TEM]IPCMD.Message: IpcmdBusTx[IHU] :[0] 0000 00 a9 09 03 00 00 00 20 a9 03 06 07 03 06 00 00 00 00 00 00 00 00 00 c0 06 32 55 90 00 00 00 00 00 00 00 8b 00 00 8b 00 
04-07 14:59:37.621   962  1016 D [TEM]IPCMD.Message: IpcmdBusTx[IHU] :[0] 0000 00 a9 09 02 00 00 00 38 a9 02 06 07 03 06 00 00 00 00 00 00 00 00 00 c0 06 32 55 90 c0 80 00 00 00 c0 80 00 00 00 03 e8 00 00 00 00 80 01 86 a0 00 00 d8 9f ff ff ff ff ff ff fe ff ff ff ff 00 
04-07 14:59:37.634   572   593 I VNS.MessageHandler: rxMsg: aa 84 9d 04 02 1c ba 7f 6c
04-07 14:59:37.678   572   593 I VNS.MessageHandler: rxMsg: aa 84 33 07 16 04 07 0e 3b 25 01 1e
04-07 14:59:37.697   883   953 D [TEM]IPCMD.Message: IpcmdBusRx[TEM] :[0] 0000 ff ff ff 01 00 00 00 0c ff 01 06 3c 03 06 01 00 01 00 00 00 
04-07 14:59:37.714   572   593 I VNS.MessageHandler: rxMsg: aa 84 9d 04 02 1c ba 80 93
04-07 14:59:37.735   572   591 I VNS.MessageHandler: txMsg: aa 01 51 03 d9 5e 00 7e
04-07 14:59:37.794   883  1041 D [TEM]IPCMD.Message: IpcmdBusTx[IHU] :[0] 0000 ff ff ff 01 00 00 00 0c ff 01 06 94 03 06 01 00 05 00 00 00 
04-07 14:59:37.795  1166  1756 W CCS-2022-01-26: ManagerBase:sendHeartbeat()
04-07 14:59:37.797  1525  1628 E CCS-2022-01-26: DimSupportService:sendHeartbeat: PID 1166 ;Type 2
04-07 14:59:37.797  1525  1628 I CCS-2022-01-26: NavigationHandler:timestamp 1649336377795,periodicity 2
04-07 14:59:37.799   839   839 I MQTT_BROKER: Received PUBLISH from dimsupportservice (d0, q1, r0, m62852, 'ihu/heartbeat/navigation', ... (43 bytes))
04-07 14:59:37.799   839   839 I MQTT_BROKER: Sending PUBACK to dimsupportservice (Mid: 62852)
04-07 14:59:37.799   839   839 I MQTT_BROKER: Sending PUBLISH to dimsub|270359-localhos (d0, q1, r0, m62822, 'ihu/heartbeat/navigation', ... (43 bytes))
04-07 14:59:37.800   839   839 I MQTT_BROKER: Received PUBACK from dimsub|270359-localhos (Mid: 62822)
04-07 14:59:37.826  2151  2669 W CCS-2022-01-26: ManagerBase:sendHeartbeat()
04-07 14:59:37.827  1525  1628 E CCS-2022-01-26: DimSupportService:sendHeartbeat: PID 2151 ;Type 2
04-07 14:59:37.827  1525  1628 I CCS-2022-01-26: NavigationHandler:timestamp 1649336377826,periodicity 2
04-07 14:59:37.828   839   839 I MQTT_BROKER: Received PUBLISH from dimsupportservice (d0, q1, r0, m62853, 'ihu/heartbeat/navigation', ... (43 bytes))
04-07 14:59:37.828   839   839 I MQTT_BROKER: Sending PUBACK to dimsupportservice (Mid: 62853)
04-07 14:59:37.829   839   839 I MQTT_BROKER: Sending PUBLISH to dimsub|270359-localhos (d0, q1, r0, m62823, 'ihu/heartbeat/navigation', ... (43 bytes))
04-07 14:59:37.830   839   839 I MQTT_BROKER: Received PUBACK from dimsub|270359-localhos (Mid: 62823)
04-07 14:59:37.834   572   593 I VNS.MessageHandler: rxMsg: aa 84 9d 04 02 1c ba 81 92
04-07 14:59:37.838   572   593 I VNS.MessageHandler: rxMsg: aa 84 33 07 16 04 07 0e 3b 25 01 1e
04-07 14:59:37.845   572   591 I VNS.MessageHandler: txMsg: aa 01 50 04 ef 2d 9e 00 a3
04-07 14:59:37.845   572   591 I VNS.MessageHandler: txMsg: aa 01 50 04 50 44 00 02 e9
04-07 14:59:37.846   572   591 I VNS.MessageHandler: txMsg: aa 01 50 04 d0 4f 00 02 62
04-07 14:59:37.846   572   591 I VNS.MessageHandler: txMsg: aa 01 50 04 ef 20 00 03 33
04-07 14:59:37.846   572   591 I VNS.MessageHandler: txMsg: aa 01 50 04 ef 28 00 00 38
04-07 14:59:37.846   572   591 I VNS.MessageHandler: txMsg: aa 01 50 04 ef 2c 00 00 3c
04-07 14:59:37.846   572   591 I VNS.MessageHandler: txMsg: aa 01 50 04 ef 29 00 00 39
04-07 14:59:37.846   572   591 I VNS.MessageHandler: txMsg: aa 01 50 04 ef 2b 00 00 3b
04-07 14:59:37.849   572   593 I VNS.MessageHandler: rxMsg: aa 83 21 09 00 00 00 22 2e 00 05 17 20 3f
04-07 14:59:37.919   572   593 I VNS.MessageHandler: rxMsg: aa 84 33 07 16 04 07 0e 3b 25 01 1e
04-07 14:59:37.953   659  1407 D u-blox  : CAndroidDatabase::getFixType: fixType is 0
04-07 14:59:37.954   572   593 I VNS.MessageHandler: rxMsg: aa 84 9d 04 02 1c ba 82 91
04-07 14:59:37.955   659  1407 D u-blox  : CAndroidDatabase::getFixType: fixType is 0
04-07 14:59:37.957   659  1407 D u-blox  : CAndroidDatabase::getFixType: fixType is 0
04-07 14:59:37.957   659  1407 D u-blox  : CAndroidDatabase::getFixType: fixType is 0
04-07 14:59:37.988   852   852 W /system/bin/vbfupdate: ERROR connecting: 111:Connection refused
04-07 14:59:37.995   572   593 I VNS.MessageHandler: rxMsg: aa ee 03 13 00 00 00 00 00 00 00 00 00 00 ff 00 02 00 00 00 00 0a 0b a8
04-07 14:59:37.995   572   593 D VNS.MessageDefinitionManager: There is no parse information. msgId = 0xee03
04-07 14:59:37.999   572   593 I VNS.MessageHandler: rxMsg: aa 84 33 07 16 04 07 0e 3b 25 01 1e
04-07 14:59:38.035   572   593 I VNS.MessageHandler: rxMsg: aa 84 9d 04 02 1c ba 83 90 aa 84 53 03 01 00 00 7f
04-07 14:59:38.035   572   593 D VNS.MessageDefinitionManager: There is no parse information. msgId = 0x8453
04-07 14:59:38.048   676  2141 I VHAL.PowerModeHandler: get::propId=0x21404302
04-07 14:59:38.061   572   591 I VNS.MessageHandler: txMsg: aa 01 50 04 ef 2a 00 00 3a
04-07 14:59:38.070   676  2141 I VHAL.PowerModeHandler: get::propId=0x21404302
04-07 14:59:38.084   572   591 I VNS.MessageHandler: txMsg: aa 01 50 04 ef 2a 00 00 3a
04-07 14:59:38.101   883   953 D [TEM]IPCMD.Message: IpcmdBusRx[VCM] :[0] 0000 ff ff ff 01 00 00 00 0c ff 01 06 5b 03 06 01 00 03 00 00 00 
04-07 14:59:38.114   572   593 I VNS.MessageHandler: rxMsg: aa 84 9d 04 02 1c ba 84 97
04-07 14:59:38.131   962   997 D [TEM]IPCMD.Message: IpcmdBusRx[TEM] :[0] 0000 00 a3 03 06 00 00 00 0a a3 06 05 7f 03 05 00 00 3c c0 
04-07 14:59:38.137  2151  2356 D GKAI:GUI:1.0.0: [MKTokenManager] token
04-07 14:59:38.137  2151  2356 D GKAI:GUI:1.0.0: [MKTokenManager] ecarxId is null
04-07 14:59:38.137  2151  2356 D GKAI:GUI:1.0.0: [MKTokenManager] token
04-07 14:59:38.137  2151  2356 D GKAI:GUI:1.0.0: [MKTokenManager] ecarxId is null
04-07 14:59:38.159   572   593 I VNS.MessageHandler: rxMsg: aa 84 33 07 16 04 07 0e 3b 25 01 1e
04-07 14:59:38.189  1166  1458 D GKAI:GUI:1.0.0: [MKTokenManager] token
04-07 14:59:38.189  1166  1458 D GKAI:GUI:1.0.0: [MKTokenManager] ecarxId is null
04-07 14:59:38.189  1166  1458 D GKAI:GUI:1.0.0: [MKTokenManager] token
04-07 14:59:38.189  1166  1458 D GKAI:GUI:1.0.0: [MKTokenManager] ecarxId is null
04-07 14:59:38.234   572   593 I VNS.MessageHandler: rxMsg: aa 84 9d 04 02 1c ba 85 96
04-07 14:59:38.239   572   593 I VNS.MessageHandler: rxMsg: aa 84 33 07 16 04 07 0e 3b 25 01 1e
04-07 14:59:38.249   572   591 I VNS.MessageHandler: txMsg: aa 01 93 04 01 00 00 00 3d
04-07 14:59:38.308   572   591 I VNS.MessageHandler: txMsg: aa 01 37 07 a0 00 00 02 00 04 00 3d
04-07 14:59:38.314  2354  2420 W CCS-2022-01-26: ManagerBase:sendHeartbeat()
04-07 14:59:38.314   572   593 I VNS.MessageHandler: rxMsg: aa 84 9d 04 02 1c ba 86 95
04-07 14:59:38.316  1525  1628 E CCS-2022-01-26: DimSupportService:sendHeartbeat: PID 2354 ;Type 3
04-07 14:59:38.317   839   839 I MQTT_BROKER: Received PUBLISH from dimsupportservice (d0, q1, r0, m62854, 'ihu/heartbeat/telephone', ... (43 bytes))
04-07 14:59:38.317   839   839 I MQTT_BROKER: Sending PUBACK to dimsupportservice (Mid: 62854)
04-07 14:59:38.318   839   839 I MQTT_BROKER: Sending PUBLISH to dimsub|270359-localhos (d0, q1, r0, m62824, 'ihu/heartbeat/telephone', ... (43 bytes))
04-07 14:59:38.319   572   593 I VNS.MessageHandler: rxMsg: aa 84 33 07 16 04 07 0e 3b 25 01 1e
04-07 14:59:38.320   839   839 I MQTT_BROKER: Received PUBACK from dimsub|270359-localhos (Mid: 62824)
04-07 14:59:38.349   572   593 I VNS.MessageHandler: rxMsg: aa 83 21 09 00 00 00 22 2e 00 04 11 17 0f
04-07 14:59:38.399   572   593 I VNS.MessageHandler: rxMsg: aa 84 33 07 16 04 07 0e 3b 26 01 1d
04-07 14:59:38.405   676   736 I VHAL.TimeHandler: [PA]PROP_CLOCK_GET_DATE(1)mYr(2022)mMth(3)mDay(7)
04-07 14:59:38.405   676   736 I VHAL.TimeHandler: [PA]PROP_CLOCK_GET_TIME(1)mHr(14)mMins(59)mSec(38)
04-07 14:59:38.405   676   736 I VHAL.TimeHandler: [PROP_PA_CI_Timedicated] availability : 1
04-07 14:59:38.405   676   736 I VHAL.TimeHandler: [PA]PROP_PA_CI_Timedicated(1)mHr(14)mMins(59)mSec(38)
04-07 14:59:38.405   676   736 I VHAL.TimeHandler: [PA]mPA_CL_DateIndicated_Availability(1)mYr(2022)mMth(3)mDay(7)
04-07 14:59:38.405   676   736 I VHAL.TimeHandler: mTiAndDateVld(1)
04-07 14:59:38.405   676   736 I VHAL.TimeHandler: [onSignalChanged] mYr(2022)mMth(3)mDay(7)|y(2022)m(3)d(7)
04-07 14:59:38.405   676   736 I VHAL.TimeHandler: [onSignalChanged] mHr(14)mMins(59)mSec(38)|Hr(14)m(59)Sec(38)
04-07 14:59:38.434   572   593 I VNS.MessageHandler: rxMsg: aa 84 9d 04 02 1c ba 87 94
04-07 14:59:38.479   962  1015 D [TEM]IPCMD.Message: IpcmdBusTx[IHU] :[0] 0000 00 a9 09 01 00 00 00 1e a9 01 06 bf 03 06 00 00 e0 80 00 00 00 c0 80 00 00 00 00 00 00 ff 00 00 00 00 00 20 00 00 
04-07 14:59:38.491   852   852 W /system/bin/vbfupdate: ERROR connecting: 111:Connection refused
04-07 14:59:38.499   572   593 I VNS.MessageHandler: rxMsg: aa ee 03 13 00 00 00 00 00 00 00 00 00 00 ff 00 02 00 00 00 00 0a 0b a8
04-07 14:59:38.500   572   593 D VNS.MessageDefinitionManager: There is no parse information. msgId = 0xee03
04-07 14:59:38.559   572   593 I VNS.MessageHandler: rxMsg: aa 84 9d 04 02 1c ba 88 9b aa 84 33 07 16 04 07 0e 3b 26 01 1d
04-07 14:59:38.639   572   593 I VNS.MessageHandler: rxMsg: aa 84 9d 04 02 1c ba 89 9a aa 84 33 07 16 04 07 0e 3b 26 01 1d
04-07 14:59:38.690   572   591 I VNS.MessageHandler: txMsg: aa 01 51 03 d9 5e 00 7e
04-07 14:59:38.698  1139  1303 W NAVSVC  : V202201271208-537:<openapi-navi> NaviService => invokeNaviAPI:NaviBaseModel{protocolID=2000, callbackId=126050083, protocolVersion='10', packageName='com.ecarx.xiaoka', mapVendor='-1', extraData=Bundle[EMPTY_PARCEL], timeout=0}
04-07 14:59:38.699  1139  1303 D NaviService: invokeNaviAPI: 2000-->com.ecarx.xiaoka, return RspLocation{locationInfo=LocationInfo{latLng=LatLng{latitude=57.70833, longitude=11.97359, coordType='gcj02'}, accuracy=0.0, altitude=0.0, speed=0.0, bearing=0.0, fixTime=0, lastGeoDecodeLatLng=null, country='Sweden', countryCode='1', province='Vstra Gtalands ln ', city='Gteborg', cityCode='', adcode='', address='Drottningtorget', formatedAddress='Drottningtorget, Gteborg, 411 03, Sverige', geoDecodeTime=0, adname='null'}{base=NaviBaseModel{protocolID=2000, callbackId=126050083, protocolVersion='10', packageName='com.ecarx.xiaoka', mapVendor='-1', extraData=Bundle[{}], timeout=0}}; }
04-07 14:59:38.719   572   593 I VNS.MessageHandler: rxMsg: aa 84 9d 04 02 1c ba 8a 99 aa 84 33 07 16 04 07 0e 3b 26 01 1d
04-07 14:59:38.800   572   593 I VNS.MessageHandler: rxMsg: aa 84 33 07 16 04 07 0e 3b 26 01 1d
04-07 14:59:38.833  2450  2605 W CCS-2022-01-26: ManagerBase:sendHeartbeat()
04-07 14:59:38.836  1525  1628 E CCS-2022-01-26: DimSupportService:sendHeartbeat: PID 2450 ;Type 1
04-07 14:59:38.838   839   839 I MQTT_BROKER: Received PUBLISH from dimsupportservice (d0, q1, r0, m62855, 'ihu/heartbeat/media', ... (43 bytes))
04-07 14:59:38.838   839   839 I MQTT_BROKER: Sending PUBACK to dimsupportservice (Mid: 62855)
04-07 14:59:38.839   839   839 I MQTT_BROKER: Sending PUBLISH to dimsub|270359-localhos (d0, q1, r0, m62825, 'ihu/heartbeat/media', ... (43 bytes))
04-07 14:59:38.839   572   593 I VNS.MessageHandler: rxMsg: aa 84 9d 04 02 1c ba 8b 98
04-07 14:59:38.840   839   839 I MQTT_BROKER: Received PUBACK from dimsub|270359-localhos (Mid: 62825)
04-07 14:59:38.847   676  2141 I VHAL.PowerModeHandler: get::propId=0x21404302
04-07 14:59:38.850   676   733 I VHAL.ActiveCoolingHandler: [T1] Result : 0 / Temp : 51
04-07 14:59:38.854   572   593 I VNS.MessageHandler: rxMsg: aa 83 21 09 00 00 00 22 2e 00 05 16 1e 00
04-07 14:59:38.857   572   591 I VNS.MessageHandler: txMsg: aa 01 51 0f d9 56 5f 3a 0c 29 3a 64 00 00 00 00 00 00 00 64
04-07 14:59:38.858   572   591 I VNS.MessageHandler: txMsg: aa 01 51 06 d9 9d 2c 7c 04 35 d9
04-07 14:59:38.858   572   591 I VNS.MessageHandler: txMsg: aa 01 50 04 ef 2a 00 00 3a
04-07 14:59:38.879   572   593 I VNS.MessageHandler: rxMsg: aa 84 33 07 16 04 07 0e 3b 26 01 1d
04-07 14:59:38.919   572   593 I VNS.MessageHandler: rxMsg: aa 84 9d 04 02 1c ba 8c 9f
04-07 14:59:38.955   659  1407 V u-blox  : : notifyDatabaseAboutNavPvt: UBX NAV PVT iTow=103964000
04-07 14:59:38.955   659  1407 D u-blox  : CAndroidDatabase::getFixType: fixType is 0
04-07 14:59:38.958   659  1407 D u-blox  : CAndroidDatabase::getFixType: fixType is 0
04-07 14:59:38.958   659  1407 V u-blox  : CProtocolUBX::ProcessEsfStatus: GYRO Z Cal.: 0, WT Cal.: 0, ACCEL X Cal.:0
04-07 14:59:38.958   994  1385 I chatty  : uid=1000(system) LocationWorkerT expire 21 lines
04-07 14:59:38.993   852   852 W /system/bin/vbfupdate: ERROR connecting: 111:Connection refused
04-07 14:59:38.997   572   593 I VNS.MessageHandler: rxMsg: aa ee 01 78 30 00 02 01 00 00 00 00 02 00 00 00 00 00 01 02 00 00 01 03 00 00 00 01 f1 23 00 00 00 00 00 1c 30 00 01 01 00 00 0f 00 85 00 00 03 3c 0f 3c 00 00 00 00 02 02 00 1e 3c 01 00 00 09 00 00 00 00 00 00 00 00 00 00 00 00 02 a0 00 00 02 00 04 00 01 00 00 99 02 00 00 01 01 03 03 01 01 03 03 00 04 01 01 01 01 08 00 00 00 01 00 00 00 00 00 00 00 00 00 00 87 0a 00 0e ee
04-07 14:59:38.997   572   593 D VNS.MessageDefinitionManager: There is no parse information. msgId = 0xee01
04-07 14:59:39.002   572   593 I VNS.MessageHandler: rxMsg: aa 84 53 03 00 81 00 ff aa 83 03 14 11 01 11 00 02 11 36 16 01 14 02 22 01 20 05 15 29 00 0f 01 2f aa ee 09 14 ff 02 02 00 00 00 00 00 01 a1 00 00 00 01 01 01 00 04 01 00 02 aa ee 03 13 00 00 00 00 00 00 00 00 00 00 ff 00 02 00 00 00 00 0a 0b a8 aa ee 03 2e ff 01 00 02 02 00 01 00 03 04 05 06 00 00 00 00 32 04 01 01 00 6b 00 01 01 12 00 01 02 01 00 6b 82 00 08 00 00 00 00 7f 00 00 00 00 00 00 41
04-07 14:59:39.002   572   593 D VNS.MessageDefinitionManager: There is no parse information. msgId = 0x8453
04-07 14:59:39.002   572   593 D VNS.MessageDefinitionManager: There is no parse information. msgId = 0xee09
04-07 14:59:39.002   572   593 D VNS.MessageDefinitionManager: There is no parse information. msgId = 0xee03
04-07 14:59:39.002   572   593 D VNS.MessageDefinitionManager: There is no parse information. msgId = 0xee03
04-07 14:59:39.008   676   736 D VHAL.DiagHandler: VP verInt : 54
04-07 14:59:39.008   676   736 D VHAL.DiagHandler: VP Version : VP_DCY11_IHU_EU_DCY11_IP754_220120_02
04-07 14:59:39.008   676   736 I VHAL.DiagHandler: setPropValue: propId[0x21105309], value[VP_DCY11_IHU_EU_DCY11_IP754_220120_02]
04-07 14:59:39.008   676   736 I VHAL.DiagHandler: askDIDInformation
04-07 14:59:39.008   676   736 I VHAL.DiagHandler: askDIDInformation
04-07 14:59:39.014   572   591 I VNS.MessageHandler: txMsg: aa 02 51 03 f1 aa 00 a1
04-07 14:59:39.014   572   591 I VNS.MessageHandler: txMsg: aa 02 51 03 f1 ab 00 a0
04-07 14:59:39.035   572   593 I VNS.MessageHandler: rxMsg: aa 82 51 0b f1 aa 00 88 91 60 29 30 20 20 41 08
04-07 14:59:39.039   572   593 I VNS.MessageHandler: rxMsg: aa 84 9d 04 02 1c ba 8d 9e aa 84 33 07 16 04 07 0e 3b 26 01 1d
04-07 14:59:39.040   676   736 I VHAL.DiagHandler: [onGetAsyncReceived] signalId: 0x0251
04-07 14:59:39.041   676   736 I VHAL.DiagHandler: [onGetAsyncReceived] SIGNAL_AskDIDInformation HWSD_message data[88 91 60 29 30 A]
04-07 14:59:39.041   676   736 I VHAL.DiagHandler: setPropValue: propId[0x21105317], value[8891602930A]
04-07 14:59:39.044   572   593 I VNS.MessageHandler: rxMsg: aa 82 51 0b f1 ab 00 88 91 60 30 30 20 20 41 10
04-07 14:59:39.050   676   736 I VHAL.DiagHandler: [onGetAsyncReceived] signalId: 0x0251
04-07 14:59:39.051   676   736 I VHAL.DiagHandler: [onGetAsyncReceived] SIGNAL_AskDIDInformation DU_Message data[88 91 60 30 30 A]
04-07 14:59:39.051   676   736 I VHAL.DiagHandler: setPropValue: propId[0x21105318], value[8891603030A]
04-07 14:59:39.119   572   593 I VNS.MessageHandler: rxMsg: aa 84 9d 04 02 1c ba 8e 9d aa 84 33 07 16 04 07 0e 3b 26 01 1d
04-07 14:59:39.199   572   593 I VNS.MessageHandler: rxMsg: aa 84 33 07 16 04 07 0e 3b 26 01 1d
04-07 14:59:39.227  3118  3146 W CCS-2022-01-26: ManagerBase:sendHeartbeat()
04-07 14:59:39.228  1525  1628 E CCS-2022-01-26: DimSupportService:sendHeartbeat: PID 3118 ;Type 3
04-07 14:59:39.230   839   839 I MQTT_BROKER: Received PUBLISH from dimsupportservice (d0, q1, r0, m62856, 'ihu/heartbeat/telephone', ... (43 bytes))
04-07 14:59:39.230   839   839 I MQTT_BROKER: Sending PUBACK to dimsupportservice (Mid: 62856)
04-07 14:59:39.231   839   839 I MQTT_BROKER: Sending PUBLISH to dimsub|270359-localhos (d0, q1, r0, m62826, 'ihu/heartbeat/telephone', ... (43 bytes))
04-07 14:59:39.232   839   839 I MQTT_BROKER: Received PUBACK from dimsub|270359-localhos (Mid: 62826)
04-07 14:59:39.239   572   593 I VNS.MessageHandler: rxMsg: aa 84 9d 04 02 1c ba 8f 9c
04-07 14:59:39.279   572   593 I VNS.MessageHandler: rxMsg: aa 84 33 07 16 04 07 0e 3b 26 01 1d
04-07 14:59:39.309   572   591 I VNS.MessageHandler: txMsg: aa 01 37 07 a0 00 00 02 00 04 00 3d
04-07 14:59:39.319   572   593 I VNS.MessageHandler: rxMsg: aa 84 9d 04 02 1c ba 90 83
04-07 14:59:39.355   572   593 I VNS.MessageHandler: rxMsg: aa 83 21 09 00 00 00 22 2e 00 05 12 1f 05
04-07 14:59:39.418   676  2141 I VHAL.PowerModeHandler: get::propId=0x21404302
04-07 14:59:39.429   572   591 I VNS.MessageHandler: txMsg: aa 01 50 04 ef 2a 00 00 3a
04-07 14:59:39.440   572   593 I VNS.MessageHandler: rxMsg: aa 84 9d 04 02 1c ba 91 82 aa 84 33 07 16 04 07 0e 3b 27 01 1c
04-07 14:59:39.446   676   736 I VHAL.TimeHandler: [PA]PROP_CLOCK_GET_DATE(1)mYr(2022)mMth(3)mDay(7)
04-07 14:59:39.446   676   736 I VHAL.TimeHandler: [PA]PROP_CLOCK_GET_TIME(1)mHr(14)mMins(59)mSec(39)
04-07 14:59:39.447   676   736 I VHAL.TimeHandler: [PROP_PA_CI_Timedicated] availability : 1
04-07 14:59:39.447   676   736 I VHAL.TimeHandler: [PA]PROP_PA_CI_Timedicated(1)mHr(14)mMins(59)mSec(39)
04-07 14:59:39.447   676   736 I VHAL.TimeHandler: [PA]mPA_CL_DateIndicated_Availability(1)mYr(2022)mMth(3)mDay(7)
04-07 14:59:39.447   676   736 I VHAL.TimeHandler: mTiAndDateVld(1)
04-07 14:59:39.447   676   736 I VHAL.TimeHandler: [onSignalChanged] mYr(2022)mMth(3)mDay(7)|y(2022)m(3)d(7)
04-07 14:59:39.447   676   736 I VHAL.TimeHandler: [onSignalChanged] mHr(14)mMins(59)mSec(39)|Hr(14)m(59)Sec(39)
04-07 14:59:39.449   676  2141 I VHAL.PowerModeHandler: get::propId=0x21404302
04-07 14:59:39.462   572   591 I VNS.MessageHandler: txMsg: aa 01 50 04 ef 2a 00 00 3a
04-07 14:59:39.496   852   852 W /system/bin/vbfupdate: ERROR connecting: 111:Connection refused
04-07 14:59:39.500   572   593 I VNS.MessageHandler: rxMsg: aa ee 03 13 00 00 00 00 00 00 00 00 00 00 ff 00 02 00 00 00 00 0a 0b a8
04-07 14:59:39.500   572   593 D VNS.MessageDefinitionManager: There is no parse information. msgId = 0xee03
04-07 14:59:39.519   572   593 I VNS.MessageHandler: rxMsg: aa 84 9d 04 02 1c ba 92 81 aa 84 33 07 16 04 07 0e 3b 27 01 1c
04-07 14:59:39.558   676  2141 I VHAL.PowerModeHandler: get::propId=0x21404302
04-07 14:59:39.570   572   591 I VNS.MessageHandler: txMsg: aa 01 50 04 ef 2a 00 00 3a
04-07 14:59:39.598   676  2141 I VHAL.PowerModeHandler: get::propId=0x21404302
04-07 14:59:39.600   572   593 I VNS.MessageHandler: rxMsg: aa 84 33 07 16 04 07 0e 3b 27 01 1c
04-07 14:59:39.610   572   591 I VNS.MessageHandler: txMsg: aa 01 50 04 ef 2a 00 00 3a
04-07 14:59:39.639   572   593 I VNS.MessageHandler: rxMsg: aa 84 9d 04 02 1c ba 93 80
04-07 14:59:39.667   572   591 I VNS.MessageHandler: txMsg: aa 01 51 03 d9 5e 00 7e
04-07 14:59:39.679   572   593 I VNS.MessageHandler: rxMsg: aa 84 33 07 16 04 07 0e 3b 27 01 1c
04-07 14:59:39.681  1182  1703 W CCS-2022-01-26: ManagerBase:sendHeartbeat()
04-07 14:59:39.683  1525  1628 E CCS-2022-01-26: DimSupportService:sendHeartbeat: PID 1182 ;Type 1
04-07 14:59:39.684   839   839 I MQTT_BROKER: Received PUBLISH from dimsupportservice (d0, q1, r0, m62857, 'ihu/heartbeat/media', ... (43 bytes))
04-07 14:59:39.684   839   839 I MQTT_BROKER: Sending PUBACK to dimsupportservice (Mid: 62857)
04-07 14:59:39.685   839   839 I MQTT_BROKER: Sending PUBLISH to dimsub|270359-localhos (d0, q1, r0, m62827, 'ihu/heartbeat/media', ... (43 bytes))
04-07 14:59:39.686   839   839 I MQTT_BROKER: Received PUBACK from dimsub|270359-localhos (Mid: 62827)
04-07 14:59:39.694   676  2141 I VHAL.PowerModeHandler: get::propId=0x21404302
04-07 14:59:39.707   572   591 I VNS.MessageHandler: txMsg: aa 01 50 04 ef 2a 00 00 3a
04-07 14:59:39.717  2471  2507 W NAVSVC  : V202201271208-537:<openapi-navi> NaviService => invokeNaviAPI:NaviBaseModel{protocolID=2000, callbackId=-1613462644, protocolVersion='10', packageName='com.ecarx.xiaoka', mapVendor='-1', extraData=Bundle[EMPTY_PARCEL], timeout=0}
04-07 14:59:39.718  2471  2507 D NaviService: invokeNaviAPI: 2000-->com.ecarx.xiaoka, return RspLocation{locationInfo=LocationInfo{latLng=LatLng{latitude=57.70833, longitude=11.97359, coordType='gcj02'}, accuracy=0.0, altitude=0.0, speed=0.0, bearing=0.0, fixTime=0, lastGeoDecodeLatLng=null, country='Sweden', countryCode='1', province='Vstra Gtalands ln ', city='Gteborg', cityCode='', adcode='', address='Drottningtorget', formatedAddress='Drottningtorget, Gteborg, 411 03, Sverige', geoDecodeTime=0, adname='null'}{base=NaviBaseModel{protocolID=2000, callbackId=-1613462644, protocolVersion='10', packageName='com.ecarx.xiaoka', mapVendor='-1', extraData=Bundle[{}], timeout=0}}; }
04-07 14:59:39.719   572   593 I VNS.MessageHandler: rxMsg: aa 84 9d 04 02 1c ba 94 87
04-07 14:59:39.735   676  2141 I VHAL.PowerModeHandler: get::propId=0x21404302
04-07 14:59:39.746   572   591 I VNS.MessageHandler: txMsg: aa 01 50 04 ef 2a 00 00 3a
04-07 14:59:39.775  1436  2951 I DPMJ    : |REQ:RCVR| DPM creating socket
04-07 14:59:39.794  1166  1756 W CCS-2022-01-26: ManagerBase:sendHeartbeat()
04-07 14:59:39.795  1525  1628 E CCS-2022-01-26: DimSupportService:sendHeartbeat: PID 1166 ;Type 2
04-07 14:59:39.795  1525  1628 I CCS-2022-01-26: NavigationHandler:timestamp 1649336379794,periodicity 2
04-07 14:59:39.796   839   839 I MQTT_BROKER: Received PUBLISH from dimsupportservice (d0, q1, r0, m62858, 'ihu/heartbeat/navigation', ... (43 bytes))
04-07 14:59:39.796   839   839 I MQTT_BROKER: Sending PUBACK to dimsupportservice (Mid: 62858)
04-07 14:59:39.796   839   839 I MQTT_BROKER: Sending PUBLISH to dimsub|270359-localhos (d0, q1, r0, m62828, 'ihu/heartbeat/navigation', ... (43 bytes))
04-07 14:59:39.798   839   839 I MQTT_BROKER: Received PUBACK from dimsub|270359-localhos (Mid: 62828)
04-07 14:59:39.826  2151  2669 W CCS-2022-01-26: ManagerBase:sendHeartbeat()
04-07 14:59:39.827  1525  1628 E CCS-2022-01-26: DimSupportService:sendHeartbeat: PID 2151 ;Type 2
04-07 14:59:39.827  1525  1628 I CCS-2022-01-26: NavigationHandler:timestamp 1649336379826,periodicity 2
04-07 14:59:39.829   839   839 I MQTT_BROKER: Received PUBLISH from dimsupportservice (d0, q1, r0, m62859, 'ihu/heartbeat/navigation', ... (43 bytes))
04-07 14:59:39.829   839   839 I MQTT_BROKER: Sending PUBACK to dimsupportservice (Mid: 62859)
04-07 14:59:39.829   839   839 I MQTT_BROKER: Sending PUBLISH to dimsub|270359-localhos (d0, q1, r0, m62829, 'ihu/heartbeat/navigation', ... (43 bytes))
04-07 14:59:39.831   839   839 I MQTT_BROKER: Received PUBACK from dimsub|270359-localhos (Mid: 62829)
04-07 14:59:39.839   572   593 I VNS.MessageHandler: rxMsg: aa 84 9d 04 02 1c ba 95 86 aa 84 33 07 16 04 07 0e 3b 27 01 1c
04-07 14:59:39.855   572   593 I VNS.MessageHandler: rxMsg: aa 83 21 09 00 00 00 22 2e 00 06 13 1c 04
04-07 14:59:39.919   572   593 I VNS.MessageHandler: rxMsg: aa 84 9d 04 02 1c ba 96 85 aa 84 33 07 16 04 07 0e 3b 27 01 1c
04-07 14:59:39.953   659  1407 D u-blox  : CAndroidDatabase::getFixType: fixType is 0
04-07 14:59:39.955   659  1407 D u-blox  : CAndroidDatabase::getFixType: fixType is 0
04-07 14:59:39.958   659  1407 D u-blox  : CAndroidDatabase::getFixType: fixType is 0
04-07 14:59:39.958   659  1407 D u-blox  : CAndroidDatabase::getFixType: fixType is 0
04-07 14:59:39.966   572   593 I VNS.MessageHandler: rxMsg: aa ee 04 18 f0 00 00 00 01 00 00 00 00 00 00 00 00 00 00 00 00 31 01 01 00 00 01 01 98
04-07 14:59:39.966   572   593 D VNS.MessageDefinitionManager: There is no parse information. msgId = 0xee04
04-07 14:59:39.999   852   852 W /system/bin/vbfupdate: ERROR connecting: 111:Connection refused
04-07 14:59:40.001   572   593 I VNS.MessageHandler: rxMsg: aa 84 33 07 16 04 07 0e 3b 27 01 1c aa ee 03 13 00 00 00 00 00 00 00 00 00 00 ff 00 02 00 00 00 00 0a 0b a8
04-07 14:59:40.001   572   593 D VNS.MessageDefinitionManager: There is no parse information. msgId = 0xee03
04-07 14:59:40.039   572   593 I VNS.MessageHandler: rxMsg: aa 84 9d 04 02 1c ba 97 84
04-07 14:59:40.079   572   593 I VNS.MessageHandler: rxMsg: aa 84 33 07 16 04 07 0e 3b 27 01 1c
04-07 14:59:40.124   572   593 I VNS.MessageHandler: rxMsg: aa 84 9d 04 02 1c ba 98 8b aa 84 53 03 01 00 00 7f
04-07 14:59:40.125   572   593 D VNS.MessageDefinitionManager: There is no parse information. msgId = 0x8453
04-07 14:59:40.204   572   593 I VNS.MessageHandler: rxMsg: aa 84 9d 04 02 1c ba 99 8a
04-07 14:59:40.239   572   593 I VNS.MessageHandler: rxMsg: aa 84 33 07 16 04 07 0e 3b 27 01 1c
04-07 14:59:40.249   572   591 I VNS.MessageHandler: txMsg: aa 01 93 04 01 00 00 00 3d
04-07 14:59:40.310   572   591 I VNS.MessageHandler: txMsg: aa 01 37 07 a0 00 00 02 00 04 00 3d
04-07 14:59:40.319   572   593 I VNS.MessageHandler: rxMsg: aa 84 33 07 16 04 07 0e 3b 27 01 1c
04-07 14:59:40.324   572   593 I VNS.MessageHandler: rxMsg: aa 84 9d 04 02 1c ba 9a 89
04-07 14:59:40.359   572   593 I VNS.MessageHandler: rxMsg: aa 83 21 09 00 00 00 22 2e 00 05 17 15 0a
04-07 14:59:40.399   572   593 I VNS.MessageHandler: rxMsg: aa 84 33 07 16 04 07 0e 3b 28 01 13
04-07 14:59:40.405   676   736 I VHAL.TimeHandler: [PA]PROP_CLOCK_GET_DATE(1)mYr(2022)mMth(3)mDay(7)
04-07 14:59:40.406   676   736 I VHAL.TimeHandler: [PA]PROP_CLOCK_GET_TIME(1)mHr(14)mMins(59)mSec(40)
04-07 14:59:40.406   676   736 I VHAL.TimeHandler: [PROP_PA_CI_Timedicated] availability : 1
04-07 14:59:40.406   676   736 I VHAL.TimeHandler: [PA]PROP_PA_CI_Timedicated(1)mHr(14)mMins(59)mSec(40)
04-07 14:59:40.406   676   736 I VHAL.TimeHandler: [PA]mPA_CL_DateIndicated_Availability(1)mYr(2022)mMth(3)mDay(7)
04-07 14:59:40.406   676   736 I VHAL.TimeHandler: mTiAndDateVld(1)
04-07 14:59:40.406   676   736 I VHAL.TimeHandler: [onSignalChanged] mYr(2022)mMth(3)mDay(7)|y(2022)m(3)d(7)
04-07 14:59:40.406   676   736 I VHAL.TimeHandler: [onSignalChanged] mHr(14)mMins(59)mSec(40)|Hr(14)m(59)Sec(40)
04-07 14:59:40.421  1241  1262 I chatty  : uid=1000(system) LGE-VEHICLE-EVE expire 42 lines
04-07 14:59:40.445   572   593 I VNS.MessageHandler: rxMsg: aa 84 9d 04 02 1c ba 9b 88
04-07 14:59:40.459   572   593 I VNS.MessageHandler: rxMsg: aa ee 05 01 30 70
04-07 14:59:40.459   572   593 D VNS.MessageDefinitionManager: There is no parse information. msgId = 0xee05
04-07 14:59:40.479   572   593 I VNS.MessageHandler: rxMsg: aa 84 33 07 16 04 07 0e 3b 28 01 13
04-07 14:59:40.502   852   852 W /system/bin/vbfupdate: ERROR connecting: 111:Connection refused
04-07 14:59:40.505   572   593 I VNS.MessageHandler: rxMsg: aa ee 03 13 00 00 00 00 00 00 00 00 00 00 ff 00 02 00 00 00 00 0a 0b a8
04-07 14:59:40.505   572   593 D VNS.MessageDefinitionManager: There is no parse information. msgId = 0xee03
04-07 14:59:40.524   572   593 I VNS.MessageHandler: rxMsg: aa 84 9d 04 02 1c ba 9c 8f
04-07 14:59:40.604   572   593 I VNS.MessageHandler: rxMsg: aa 84 9d 04 02 1c ba 9d 8e
04-07 14:59:40.615   682   714 I chatty  : uid=1000(system) vendor.lge.hard expire 11 lines
04-07 14:59:40.621   572   591 I VNS.MessageHandler: txMsg: aa 01 51 03 d9 5e 00 7e
04-07 14:59:40.626   682   749 I chatty  : uid=1000(system) vendor.lge.hard expire 11 lines
04-07 14:59:40.635   572   593 I VNS.MessageHandler: rxMsg: aa 84 33 07 16 04 07 0e 3b 28 01 13
04-07 14:59:40.684   572   593 I VNS.MessageHandler: rxMsg: aa 84 9d 04 02 1c ba 9e 8d
04-07 14:59:40.715   572   593 I VNS.MessageHandler: rxMsg: aa 84 33 07 16 04 07 0e 3b 28 01 13
04-07 14:59:40.795   572   593 I VNS.MessageHandler: rxMsg: aa 84 33 07 16 04 07 0e 3b 28 01 13
04-07 14:59:40.804   572   593 I VNS.MessageHandler: rxMsg: aa 84 9d 04 02 1c ba 9f 8c
04-07 14:59:40.847   572   591 I VNS.MessageHandler: txMsg: aa 01 50 04 ef 2d 9e 00 a3
04-07 14:59:40.847   572   591 I VNS.MessageHandler: txMsg: aa 01 50 04 50 44 00 02 e9
04-07 14:59:40.848   572   591 I VNS.MessageHandler: txMsg: aa 01 50 04 d0 4f 00 02 62
04-07 14:59:40.848   572   591 I VNS.MessageHandler: txMsg: aa 01 50 04 ef 20 00 03 33
04-07 14:59:40.848   572   591 I VNS.MessageHandler: txMsg: aa 01 50 04 ef 28 00 00 38
04-07 14:59:40.848   572   591 I VNS.MessageHandler: txMsg: aa 01 50 04 ef 2c 00 00 3c
04-07 14:59:40.848   572   591 I VNS.MessageHandler: txMsg: aa 01 50 04 ef 29 00 00 39
04-07 14:59:40.849   572   591 I VNS.MessageHandler: txMsg: aa 01 50 04 ef 2b 00 00 3b
04-07 14:59:40.860   572   593 I VNS.MessageHandler: rxMsg: aa 83 21 09 00 00 00 22 2e 00 06 17 1e 02
04-07 14:59:40.866   682   725 I chatty  : uid=1000(system) vendor.lge.hard expire 24 lines
04-07 14:59:40.876   572   593 I VNS.MessageHandler: rxMsg: aa 84 33 07 16 04 07 0e 3b 28 01 13
04-07 14:59:40.876  1457  1457 I CCS-2022-01-26: EthernetManagerHandler:isDataEnabled: true
04-07 14:59:40.884   572   593 I VNS.MessageHandler: rxMsg: aa 84 9d 04 02 1c ba a0 b3
04-07 14:59:40.955   659  1407 D u-blox  : CAndroidDatabase::getFixType: fixType is 0
04-07 14:59:40.957   659  1407 D u-blox  : CAndroidDatabase::getFixType: fixType is 0
04-07 14:59:40.959   659  1407 D u-blox  : CAndroidDatabase::getFixType: fixType is 0
04-07 14:59:40.959   659  1407 D u-blox  : CAndroidDatabase::getFixType: fixType is 0
04-07 14:59:41.004   852   852 W /system/bin/vbfupdate: ERROR connecting: 111:Connection refused
04-07 14:59:41.006   572   593 I VNS.MessageHandler: rxMsg: aa 84 9d 04 02 1c ba a1 b2 aa ee 03 13 00 00 00 00 00 00 00 00 00 00 ff 00 02 00 00 00 00 0a 0b a8
04-07 14:59:41.006   572   593 D VNS.MessageDefinitionManager: There is no parse information. msgId = 0xee03
04-07 14:59:41.035   572   593 I VNS.MessageHandler: rxMsg: aa 84 33 07 16 04 07 0e 3b 28 01 13
04-07 14:59:41.081   572   593 I VNS.MessageHandler: rxMsg: aa ee 04 3e a0 01 00 00 01 00 00 11 00 01 00 01 00 00 00 2b 00 1a 04 02 01 00 01 fe 01 01 01 00 00 00 00 00 00 00 00 00 e0 00 00 00 00 00 00 00 00 00 00 00 00 00 00 00 00 00 00 00 00 00 00 00 00 00 e7
04-07 14:59:41.081   572   593 D VNS.MessageDefinitionManager: There is no parse information. msgId = 0xee04
04-07 14:59:41.085   572   593 I VNS.MessageHandler: rxMsg: aa 84 9d 04 02 1c ba a2 b1 aa 84 53 03 00 81 00 ff
04-07 14:59:41.085   572   593 D VNS.MessageDefinitionManager: There is no parse information. msgId = 0x8453
04-07 14:59:41.117   572   593 I VNS.MessageHandler: rxMsg: aa 84 33 07 16 04 07 0e 3b 28 01 13
04-07 14:59:41.140  2151  2356 D GKAI:GUI:1.0.0: [MKTokenManager] token
04-07 14:59:41.140  2151  2356 D GKAI:GUI:1.0.0: [MKTokenManager] ecarxId is null
04-07 14:59:41.140  2151  2356 D GKAI:GUI:1.0.0: [MKTokenManager] token
04-07 14:59:41.140  2151  2356 D GKAI:GUI:1.0.0: [MKTokenManager] ecarxId is null
04-07 14:59:41.192  1166  1458 D GKAI:GUI:1.0.0: [MKTokenManager] token
04-07 14:59:41.192  1166  1458 D GKAI:GUI:1.0.0: [MKTokenManager] ecarxId is null
04-07 14:59:41.192  1166  1458 D GKAI:GUI:1.0.0: [MKTokenManager] token
04-07 14:59:41.192  1166  1458 D GKAI:GUI:1.0.0: [MKTokenManager] ecarxId is null
04-07 14:59:41.195   572   593 I VNS.MessageHandler: rxMsg: aa 84 33 07 16 04 07 0e 3b 28 01 13
04-07 14:59:41.204   572   593 I VNS.MessageHandler: rxMsg: aa 84 9d 04 02 1c ba a3 b0
04-07 14:59:41.275   572   593 I VNS.MessageHandler: rxMsg: aa 84 33 07 16 04 07 0e 3b 28 01 13
04-07 14:59:41.285   572   593 I VNS.MessageHandler: rxMsg: aa 84 9d 04 02 1c ba a4 b7
04-07 14:59:41.309   572   591 I VNS.MessageHandler: txMsg: aa 01 37 07 a0 00 00 02 00 04 00 3d
04-07 14:59:41.314  2354  2420 W CCS-2022-01-26: ManagerBase:sendHeartbeat()
04-07 14:59:41.316  1525  1628 E CCS-2022-01-26: DimSupportService:sendHeartbeat: PID 2354 ;Type 3
04-07 14:59:41.317   839   839 I MQTT_BROKER: Received PUBLISH from dimsupportservice (d0, q1, r0, m62860, 'ihu/heartbeat/telephone', ... (43 bytes))
04-07 14:59:41.317   839   839 I MQTT_BROKER: Sending PUBACK to dimsupportservice (Mid: 62860)
04-07 14:59:41.318   839   839 I MQTT_BROKER: Sending PUBLISH to dimsub|270359-localhos (d0, q1, r0, m62830, 'ihu/heartbeat/telephone', ... (43 bytes))
04-07 14:59:41.319   839   839 I MQTT_BROKER: Received PUBACK from dimsub|270359-localhos (Mid: 62830)
04-07 14:59:41.360   572   593 I VNS.MessageHandler: rxMsg: aa 83 21 09 00 00 00 22 2e 00 05 11 1d 04
04-07 14:59:41.405   572   593 I VNS.MessageHandler: rxMsg: aa 84 9d 04 02 1c ba a5 b6
04-07 14:59:41.435   572   593 I VNS.MessageHandler: rxMsg: aa 84 33 07 16 04 07 0e 3b 29 01 12
04-07 14:59:41.440   676   736 I VHAL.TimeHandler: [PA]PROP_CLOCK_GET_DATE(1)mYr(2022)mMth(3)mDay(7)
04-07 14:59:41.441   676   736 I VHAL.TimeHandler: [PA]PROP_CLOCK_GET_TIME(1)mHr(14)mMins(59)mSec(41)
04-07 14:59:41.441   676   736 I VHAL.TimeHandler: [PROP_PA_CI_Timedicated] availability : 1
04-07 14:59:41.441   676   736 I VHAL.TimeHandler: [PA]PROP_PA_CI_Timedicated(1)mHr(14)mMins(59)mSec(41)
04-07 14:59:41.441   676   736 I VHAL.TimeHandler: [PA]mPA_CL_DateIndicated_Availability(1)mYr(2022)mMth(3)mDay(7)
04-07 14:59:41.441   676   736 I VHAL.TimeHandler: mTiAndDateVld(1)
04-07 14:59:41.441   676   736 I VHAL.TimeHandler: [onSignalChanged] mYr(2022)mMth(3)mDay(7)|y(2022)m(3)d(7)
04-07 14:59:41.441   676   736 I VHAL.TimeHandler: [onSignalChanged] mHr(14)mMins(59)mSec(41)|Hr(14)m(59)Sec(41)
04-07 14:59:41.485   572   593 I VNS.MessageHandler: rxMsg: aa 84 9d 04 02 1c ba a6 b5
04-07 14:59:41.489  2805  2805 D EnNavCore2 >: MapDrawHandler [handleMessage : 130] >> Navigation Alive Log [103964639] doBackgroundWork procced : false, isPausedFromLogout : true
04-07 14:59:41.506   572   593 I VNS.MessageHandler: rxMsg: aa ee 03 13 00 00 00 00 00 00 00 00 00 00 ff 00 02 00 00 00 00 0a 0b a8
04-07 14:59:41.506   572   593 D VNS.MessageDefinitionManager: There is no parse information. msgId = 0xee03
04-07 14:59:41.507   852   852 W /system/bin/vbfupdate: ERROR connecting: 111:Connection refused
04-07 14:59:41.515   572   593 I VNS.MessageHandler: rxMsg: aa 84 33 07 16 04 07 0e 3b 29 01 12
04-07 14:59:41.568   682   732 I chatty  : uid=1000(system) vendor.lge.hard expire 22 lines
04-07 14:59:41.575   572   591 I VNS.MessageHandler: txMsg: aa 01 51 03 d9 5e 00 7e
04-07 14:59:41.595   572   593 I VNS.MessageHandler: rxMsg: aa 84 33 07 16 04 07 0e 3b 29 01 12
04-07 14:59:41.605   572   593 I VNS.MessageHandler: rxMsg: aa 84 9d 04 02 1c ba a7 b4
04-07 14:59:41.652   829   931 E storaged: getDiskStats failed with result NOT_SUPPORTED and size 0
04-07 14:59:41.675   572   593 I VNS.MessageHandler: rxMsg: aa 84 33 07 16 04 07 0e 3b 29 01 12
04-07 14:59:41.685   572   593 I VNS.MessageHandler: rxMsg: aa 84 9d 04 02 1c ba a8 bb
04-07 14:59:41.702  1139  1303 W NAVSVC  : V202201271208-537:<openapi-navi> NaviService => invokeNaviAPI:NaviBaseModel{protocolID=2000, callbackId=-1552619865, protocolVersion='10', packageName='com.ecarx.xiaoka', mapVendor='-1', extraData=Bundle[EMPTY_PARCEL], timeout=0}
