04-07 14:55:28.099   883   953 I chatty  : uid=1054(vehicle_network) iplm@1.0-servic expire 2 lines
04-07 14:55:28.122   962   997 I chatty  : uid=1054(vehicle_network) temil@1.0-servi expire 1 line
04-07 14:55:28.289   962  1015 I chatty  : uid=1054(vehicle_network) temil@1.0-servi expire 1 line
04-07 14:55:30.241   572   593 I chatty  : uid=1054(vehicle_network) /vendor/bin/hw/vnsd expire 168 lines
04-07 14:55:30.406   676   736 I chatty  : uid=1054(vehicle_network) common@2.0-serv expire 48 lines
04-07 14:55:30.661   572   591 I chatty  : uid=1054(vehicle_network) /vendor/bin/hw/vnsd expire 35 lines
04-07 14:55:32.850   676   733 I chatty  : uid=1054(vehicle_network) common@2.0-serv expire 2 lines
04-07 14:55:35.510   676 29996 I chatty  : uid=1054(vehicle_network) HwBinder:676_4 expire 12 lines
04-07 14:55:36.002   572   593 I chatty  : uid=1054(vehicle_network) /vendor/bin/hw/vnsd expire 141 lines
04-07 14:55:36.206   572   591 I chatty  : uid=1054(vehicle_network) /vendor/bin/hw/vnsd expire 43 lines
04-07 14:55:36.412   676   736 I chatty  : uid=1054(vehicle_network) common@2.0-serv expire 51 lines
04-07 14:55:37.521   883  1041 I chatty  : uid=1054(vehicle_network) iplm@1.0-servic expire 1 line
04-07 14:55:37.583   962  1016 I chatty  : uid=1054(vehicle_network) temil@1.0-servi expire 4 lines
04-07 14:55:38.099   883   953 I chatty  : uid=1054(vehicle_network) iplm@1.0-servic expire 2 lines
04-07 14:55:38.131   962   997 I chatty  : uid=1054(vehicle_network) temil@1.0-servi expire 1 line
04-07 14:55:38.296   962  1015 I chatty  : uid=1054(vehicle_network) temil@1.0-servi expire 1 line
04-07 14:55:38.851   676   733 I chatty  : uid=1054(vehicle_network) common@2.0-serv expire 3 lines
04-07 14:55:40.924   572   593 I chatty  : uid=1054(vehicle_network) /vendor/bin/hw/vnsd expire 164 lines
04-07 14:55:41.230   572   591 I chatty  : uid=1054(vehicle_network) /vendor/bin/hw/vnsd expire 38 lines
04-07 14:55:41.449   676   736 I chatty  : uid=1054(vehicle_network) common@2.0-serv expire 48 lines
04-07 14:55:41.647   829   931 E storaged: getDiskStats failed with result NOT_SUPPORTED and size 0
04-07 14:55:45.531   676 29996 I chatty  : uid=1054(vehicle_network) HwBinder:676_4 expire 12 lines
04-07 14:55:46.879   572   593 I chatty  : uid=1054(vehicle_network) /vendor/bin/hw/vnsd expire 149 lines
04-07 14:55:47.232   572   591 I chatty  : uid=1054(vehicle_network) /vendor/bin/hw/vnsd expire 35 lines
04-07 14:55:47.446   676   736 I chatty  : uid=1054(vehicle_network) common@2.0-serv expire 51 lines
04-07 14:55:47.533   883  1041 I chatty  : uid=1054(vehicle_network) iplm@1.0-servic expire 1 line
04-07 14:55:47.539   962  1016 I chatty  : uid=1054(vehicle_network) temil@1.0-servi expire 4 lines
04-07 14:55:47.850   676   733 I chatty  : uid=1054(vehicle_network) common@2.0-serv expire 2 lines
04-07 14:55:48.099   883   953 I chatty  : uid=1054(vehicle_network) iplm@1.0-servic expire 2 lines
04-07 14:55:48.133   962   997 I chatty  : uid=1054(vehicle_network) temil@1.0-servi expire 1 line
04-07 14:55:48.304   962  1015 I chatty  : uid=1054(vehicle_network) temil@1.0-servi expire 1 line
04-07 14:55:51.630   572   593 I chatty  : uid=1054(vehicle_network) /vendor/bin/hw/vnsd expire 169 lines
04-07 14:55:51.678   572   591 I chatty  : uid=1054(vehicle_network) /vendor/bin/hw/vnsd expire 40 lines
04-07 14:55:52.406   676   736 I chatty  : uid=1054(vehicle_network) common@2.0-serv expire 40 lines
04-07 14:55:53.850   676   733 I chatty  : uid=1054(vehicle_network) common@2.0-serv expire 2 lines
04-07 14:55:55.663   676 29996 I chatty  : uid=1054(vehicle_network) HwBinder:676_4 expire 12 lines
04-07 14:55:57.437   572   593 I chatty  : uid=1054(vehicle_network) /vendor/bin/hw/vnsd expire 139 lines
04-07 14:55:57.443   676   736 I chatty  : uid=1054(vehicle_network) common@2.0-serv expire 59 lines
04-07 14:55:57.473   572   591 I chatty  : uid=1054(vehicle_network) /vendor/bin/hw/vnsd expire 40 lines
04-07 14:55:57.543   883  1041 I chatty  : uid=1054(vehicle_network) iplm@1.0-servic expire 1 line
04-07 14:55:57.606   962  1016 I chatty  : uid=1054(vehicle_network) temil@1.0-servi expire 4 lines
04-07 14:55:58.100   883   953 I chatty  : uid=1054(vehicle_network) iplm@1.0-servic expire 2 lines
04-07 14:55:58.131   962   997 I chatty  : uid=1054(vehicle_network) temil@1.0-servi expire 1 line
04-07 14:55:58.313   962  1015 I chatty  : uid=1054(vehicle_network) temil@1.0-servi expire 1 line
04-07 14:55:59.850   676   733 I chatty  : uid=1054(vehicle_network) common@2.0-serv expire 3 lines
04-07 14:56:02.438   572   593 I chatty  : uid=1054(vehicle_network) /vendor/bin/hw/vnsd expire 158 lines
04-07 14:56:02.708   572   591 I chatty  : uid=1054(vehicle_network) /vendor/bin/hw/vnsd expire 40 lines
04-07 14:56:03.444   676   736 I chatty  : uid=1054(vehicle_network) common@2.0-serv expire 43 lines
04-07 14:56:05.702   676 29996 I chatty  : uid=1054(vehicle_network) HwBinder:676_4 expire 7 lines
04-07 14:56:07.553   883  1041 I chatty  : uid=1054(vehicle_network) iplm@1.0-servic expire 1 line
04-07 14:56:07.564   962  1016 I chatty  : uid=1054(vehicle_network) temil@1.0-servi expire 4 lines
04-07 14:56:07.890   572   593 I chatty  : uid=1054(vehicle_network) /vendor/bin/hw/vnsd expire 153 lines
04-07 14:56:08.088   676 29996 I chatty  : uid=1054(vehicle_network) HwBinder:676_4 expire 5 lines
04-07 14:56:08.099   883   953 I chatty  : uid=1054(vehicle_network) iplm@1.0-servic expire 2 lines
04-07 14:56:08.100   572   591 I chatty  : uid=1054(vehicle_network) /vendor/bin/hw/vnsd expire 40 lines
04-07 14:56:08.131   962   997 I chatty  : uid=1054(vehicle_network) temil@1.0-servi expire 1 line
04-07 14:56:08.321   962  1015 I chatty  : uid=1054(vehicle_network) temil@1.0-servi expire 1 line
04-07 14:56:08.407   676   736 I chatty  : uid=1054(vehicle_network) common@2.0-serv expire 51 lines
04-07 14:56:08.850   676   733 I chatty  : uid=1054(vehicle_network) common@2.0-serv expire 4 lines
04-07 14:56:13.021   572   593 I chatty  : uid=1054(vehicle_network) /vendor/bin/hw/vnsd expire 152 lines
04-07 14:56:13.241   572   591 I chatty  : uid=1054(vehicle_network) /vendor/bin/hw/vnsd expire 36 lines
04-07 14:56:13.447   676   736 I chatty  : uid=1054(vehicle_network) common@2.0-serv expire 48 lines
04-07 14:56:15.731   676 29996 I chatty  : uid=1054(vehicle_network) HwBinder:676_4 expire 9 lines
04-07 14:56:17.564   883  1041 I chatty  : uid=1054(vehicle_network) iplm@1.0-servic expire 1 line
04-07 14:56:17.631   962  1016 I chatty  : uid=1054(vehicle_network) temil@1.0-servi expire 4 lines
04-07 14:56:18.099   883   953 I chatty  : uid=1054(vehicle_network) iplm@1.0-servic expire 1 line
04-07 14:56:18.131   962   997 I chatty  : uid=1054(vehicle_network) temil@1.0-servi expire 1 line
04-07 14:56:18.329   962  1015 I chatty  : uid=1054(vehicle_network) temil@1.0-servi expire 1 line
04-07 14:56:18.417   572   593 I chatty  : uid=1054(vehicle_network) /vendor/bin/hw/vnsd expire 160 lines
04-07 14:56:18.420   883   953 I chatty  : uid=1054(vehicle_network) iplm@1.0-servic expire 1 line
04-07 14:56:18.572   676   736 I chatty  : uid=1054(vehicle_network) common@2.0-serv expire 51 lines
04-07 14:56:18.578   572   591 I chatty  : uid=1054(vehicle_network) /vendor/bin/hw/vnsd expire 38 lines
04-07 14:56:18.599   676 29996 I chatty  : uid=1054(vehicle_network) HwBinder:676_4 expire 3 lines
04-07 14:56:20.851   676   733 I chatty  : uid=1054(vehicle_network) common@2.0-serv expire 3 lines
04-07 14:56:24.070   572   593 I chatty  : uid=1054(vehicle_network) /vendor/bin/hw/vnsd expire 138 lines
04-07 14:56:24.212   572   591 I chatty  : uid=1054(vehicle_network) /vendor/bin/hw/vnsd expire 44 lines
04-07 14:56:24.405   676   736 I chatty  : uid=1054(vehicle_network) common@2.0-serv expire 51 lines
04-07 14:56:25.768   676 29996 I chatty  : uid=1054(vehicle_network) HwBinder:676_4 expire 12 lines
04-07 14:56:27.575   883  1041 I chatty  : uid=1054(vehicle_network) iplm@1.0-servic expire 1 line
04-07 14:56:27.597   962  1016 I chatty  : uid=1054(vehicle_network) temil@1.0-servi expire 4 lines
04-07 14:56:28.099   883   953 I chatty  : uid=1054(vehicle_network) iplm@1.0-servic expire 2 lines
04-07 14:56:28.132   962   997 I chatty  : uid=1054(vehicle_network) temil@1.0-servi expire 1 line
04-07 14:56:28.336   962  1015 I chatty  : uid=1054(vehicle_network) temil@1.0-servi expire 1 line
04-07 14:56:28.711   572   593 I chatty  : uid=1054(vehicle_network) /vendor/bin/hw/vnsd expire 170 lines
04-07 14:56:28.718   572   591 I chatty  : uid=1054(vehicle_network) /vendor/bin/hw/vnsd expire 36 lines
04-07 14:56:29.446   676   736 I chatty  : uid=1054(vehicle_network) common@2.0-serv expire 47 lines
04-07 14:56:29.850   676   733 I chatty  : uid=1054(vehicle_network) common@2.0-serv expire 4 lines
04-07 14:56:34.409   676   736 I chatty  : uid=1054(vehicle_network) common@2.0-serv expire 52 lines
04-07 14:56:34.442   572   593 I chatty  : uid=1054(vehicle_network) /vendor/bin/hw/vnsd expire 142 lines
04-07 14:56:35.249   572   591 I chatty  : uid=1054(vehicle_network) /vendor/bin/hw/vnsd expire 38 lines
04-07 14:56:35.801   676 29996 I chatty  : uid=1054(vehicle_network) HwBinder:676_4 expire 12 lines
04-07 14:56:37.557   962  1016 I chatty  : uid=1054(vehicle_network) temil@1.0-servi expire 4 lines
04-07 14:56:37.587   883  1041 I chatty  : uid=1054(vehicle_network) iplm@1.0-servic expire 1 line
04-07 14:56:38.099   883   953 I chatty  : uid=1054(vehicle_network) iplm@1.0-servic expire 2 lines
04-07 14:56:38.132   962   997 I chatty  : uid=1054(vehicle_network) temil@1.0-servi expire 1 line
04-07 14:56:38.344   962  1015 I chatty  : uid=1054(vehicle_network) temil@1.0-servi expire 1 line
04-07 14:56:39.694   572   593 I chatty  : uid=1054(vehicle_network) /vendor/bin/hw/vnsd expire 170 lines
04-07 14:56:39.716   572   591 I chatty  : uid=1054(vehicle_network) /vendor/bin/hw/vnsd expire 35 lines
04-07 14:56:40.412   676   736 I chatty  : uid=1054(vehicle_network) common@2.0-serv expire 48 lines
04-07 14:56:41.648   829   931 E storaged: getDiskStats failed with result NOT_SUPPORTED and size 0
04-07 14:56:41.850   676   733 I chatty  : uid=1054(vehicle_network) common@2.0-serv expire 4 lines
04-07 14:56:45.719   572   591 I chatty  : uid=1054(vehicle_network) /vendor/bin/hw/vnsd expire 48 lines
04-07 14:56:45.720   572   593 I chatty  : uid=1054(vehicle_network) /vendor/bin/hw/vnsd expire 133 lines
04-07 14:56:45.836   676 29996 I chatty  : uid=1054(vehicle_network) HwBinder:676_4 expire 12 lines
04-07 14:56:46.405   676   736 I chatty  : uid=1054(vehicle_network) common@2.0-serv expire 51 lines
04-07 14:56:47.598   883  1041 I chatty  : uid=1054(vehicle_network) iplm@1.0-servic expire 1 line
04-07 14:56:47.619   962  1016 I chatty  : uid=1054(vehicle_network) temil@1.0-servi expire 4 lines
04-07 14:56:48.099   883   953 I chatty  : uid=1054(vehicle_network) iplm@1.0-servic expire 2 lines
04-07 14:56:48.132   962   997 I chatty  : uid=1054(vehicle_network) temil@1.0-servi expire 1 line
04-07 14:56:48.351   962  1015 I chatty  : uid=1054(vehicle_network) temil@1.0-servi expire 1 line
04-07 14:56:51.142   572   593 I chatty  : uid=1054(vehicle_network) /vendor/bin/hw/vnsd expire 165 lines
04-07 14:56:51.254   572   591 I chatty  : uid=1054(vehicle_network) /vendor/bin/hw/vnsd expire 37 lines
04-07 14:56:51.447   676   736 I chatty  : uid=1054(vehicle_network) common@2.0-serv expire 48 lines
04-07 14:56:53.850   676   733 I chatty  : uid=1054(vehicle_network) common@2.0-serv expire 2 lines
04-07 14:56:55.878   676 29996 I chatty  : uid=1054(vehicle_network) HwBinder:676_4 expire 12 lines
04-07 14:56:56.856   572   591 I chatty  : uid=1054(vehicle_network) /vendor/bin/hw/vnsd expire 42 lines
04-07 14:56:56.877   572   593 I chatty  : uid=1054(vehicle_network) /vendor/bin/hw/vnsd expire 143 lines
04-07 14:56:57.445   676   736 I chatty  : uid=1054(vehicle_network) common@2.0-serv expire 51 lines
04-07 14:56:57.582   962  1016 I chatty  : uid=1054(vehicle_network) temil@1.0-servi expire 4 lines
04-07 14:56:57.612   883  1041 I chatty  : uid=1054(vehicle_network) iplm@1.0-servic expire 1 line
04-07 14:56:58.100   883   953 I chatty  : uid=1054(vehicle_network) iplm@1.0-servic expire 2 lines
04-07 14:56:58.131   962   997 I chatty  : uid=1054(vehicle_network) temil@1.0-servi expire 1 line
04-07 14:56:58.359   962  1015 I chatty  : uid=1054(vehicle_network) temil@1.0-servi expire 1 line
04-07 14:56:59.850   676   733 I chatty  : uid=1054(vehicle_network) common@2.0-serv expire 3 lines
04-07 14:57:01.599   572   593 I chatty  : uid=1054(vehicle_network) /vendor/bin/hw/vnsd expire 169 lines
04-07 14:57:02.222   572   591 I chatty  : uid=1054(vehicle_network) /vendor/bin/hw/vnsd expire 38 lines
04-07 14:57:02.405   676   736 I chatty  : uid=1054(vehicle_network) common@2.0-serv expire 43 lines
04-07 14:57:05.912   676 29996 I chatty  : uid=1054(vehicle_network) HwBinder:676_4 expire 12 lines
04-07 14:57:07.305   572   593 I chatty  : uid=1054(vehicle_network) /vendor/bin/hw/vnsd expire 147 lines
04-07 14:57:07.441   676   736 I chatty  : uid=1054(vehicle_network) common@2.0-serv expire 52 lines
04-07 14:57:07.520   572   591 I chatty  : uid=1054(vehicle_network) /vendor/bin/hw/vnsd expire 36 lines
04-07 14:57:07.546   962  1016 I chatty  : uid=1054(vehicle_network) temil@1.0-servi expire 4 lines
04-07 14:57:07.622   883  1041 I chatty  : uid=1054(vehicle_network) iplm@1.0-servic expire 1 line
04-07 14:57:08.100   883   953 I chatty  : uid=1054(vehicle_network) iplm@1.0-servic expire 2 lines
04-07 14:57:08.132   962   997 I chatty  : uid=1054(vehicle_network) temil@1.0-servi expire 1 line
04-07 14:57:08.367   962  1015 I chatty  : uid=1054(vehicle_network) temil@1.0-servi expire 1 line
--------- beginning of crash
04-07 14:57:08.791  9191  9192 F libc    : Fatal signal 11 (SIGSEGV), code 1 (SEGV_MAPERR), fault addr 0x130 in tid 9192 (dumpsys), pid 9191 (dumpsys)
04-07 14:57:08.852   676   733 I chatty  : uid=1054(vehicle_network) common@2.0-serv expire 4 lines
04-07 14:57:12.407   676   736 I chatty  : uid=1054(vehicle_network) common@2.0-serv expire 47 lines
04-07 14:57:12.446   572   593 I chatty  : uid=1054(vehicle_network) /vendor/bin/hw/vnsd expire 156 lines
04-07 14:57:12.739   572   591 I chatty  : uid=1054(vehicle_network) /vendor/bin/hw/vnsd expire 39 lines
04-07 14:57:15.944   676 29996 I chatty  : uid=1054(vehicle_network) HwBinder:676_4 expire 6 lines
04-07 14:57:17.601   962  1016 I chatty  : uid=1054(vehicle_network) temil@1.0-servi expire 4 lines
04-07 14:57:17.632   883  1041 I chatty  : uid=1054(vehicle_network) iplm@1.0-servic expire 1 line
04-07 14:57:18.019   572   593 I chatty  : uid=1054(vehicle_network) /vendor/bin/hw/vnsd expire 153 lines
04-07 14:57:18.035   676 29996 I chatty  : uid=1054(vehicle_network) HwBinder:676_4 expire 6 lines
04-07 14:57:18.045   572   591 I chatty  : uid=1054(vehicle_network) /vendor/bin/hw/vnsd expire 40 lines
04-07 14:57:18.099   883   953 I chatty  : uid=1054(vehicle_network) iplm@1.0-servic expire 2 lines
04-07 14:57:18.131   962   997 I chatty  : uid=1054(vehicle_network) temil@1.0-servi expire 1 line
04-07 14:57:18.373   962  1015 I chatty  : uid=1054(vehicle_network) temil@1.0-servi expire 1 line
04-07 14:57:18.418   676   736 I chatty  : uid=1054(vehicle_network) common@2.0-serv expire 51 lines
04-07 14:57:20.850   676   733 I chatty  : uid=1054(vehicle_network) common@2.0-serv expire 3 lines
04-07 14:57:23.280   572   593 I chatty  : uid=1054(vehicle_network) /vendor/bin/hw/vnsd expire 152 lines
04-07 14:57:23.349   572   591 I chatty  : uid=1054(vehicle_network) /vendor/bin/hw/vnsd expire 42 lines
04-07 14:57:23.445   676   736 I chatty  : uid=1054(vehicle_network) common@2.0-serv expire 42 lines
04-07 14:57:25.980   676 29996 I chatty  : uid=1054(vehicle_network) HwBinder:676_4 expire 8 lines
04-07 14:57:27.521   883   953 I chatty  : uid=1054(vehicle_network) iplm@1.0-servic expire 2 lines
04-07 14:57:27.543   962  1016 I chatty  : uid=1054(vehicle_network) temil@1.0-servi expire 4 lines
04-07 14:57:27.643   883  1041 I chatty  : uid=1054(vehicle_network) iplm@1.0-servic expire 1 line
04-07 14:57:28.131   962   997 I chatty  : uid=1054(vehicle_network) temil@1.0-servi expire 1 line
04-07 14:57:28.380   962  1015 I chatty  : uid=1054(vehicle_network) temil@1.0-servi expire 1 line
04-07 14:57:28.406   676   736 I chatty  : uid=1054(vehicle_network) common@2.0-serv expire 57 lines
04-07 14:57:28.430   572   593 I chatty  : uid=1054(vehicle_network) /vendor/bin/hw/vnsd expire 159 lines
04-07 14:57:28.459   676 29996 I chatty  : uid=1054(vehicle_network) HwBinder:676_4 expire 4 lines
04-07 14:57:28.469   572   591 I chatty  : uid=1054(vehicle_network) /vendor/bin/hw/vnsd expire 34 lines
04-07 14:57:29.851   676   733 I chatty  : uid=1054(vehicle_network) common@2.0-serv expire 4 lines
04-07 14:57:33.753   572   591 I chatty  : uid=1054(vehicle_network) /vendor/bin/hw/vnsd expire 41 lines
04-07 14:57:33.832   572   593 I chatty  : uid=1054(vehicle_network) /vendor/bin/hw/vnsd expire 142 lines
04-07 14:57:34.403   676   736 I chatty  : uid=1054(vehicle_network) common@2.0-serv expire 51 lines
04-07 14:57:36.051   676 29996 I chatty  : uid=1054(vehicle_network) HwBinder:676_4 expire 10 lines
04-07 14:57:37.533   883   953 I chatty  : uid=1054(vehicle_network) iplm@1.0-servic expire 2 lines
04-07 14:57:37.594   962  1016 I chatty  : uid=1054(vehicle_network) temil@1.0-servi expire 4 lines
04-07 14:57:37.653   883  1041 I chatty  : uid=1054(vehicle_network) iplm@1.0-servic expire 1 line
04-07 14:57:38.131   962   997 I chatty  : uid=1054(vehicle_network) temil@1.0-servi expire 1 line
04-07 14:57:38.386   962  1015 I chatty  : uid=1054(vehicle_network) temil@1.0-servi expire 1 line
04-07 14:57:38.868   572   591 I chatty  : uid=1054(vehicle_network) /vendor/bin/hw/vnsd expire 36 lines
04-07 14:57:38.878   572   593 I chatty  : uid=1054(vehicle_network) /vendor/bin/hw/vnsd expire 168 lines
04-07 14:57:38.885   676 29996 I chatty  : uid=1054(vehicle_network) HwBinder:676_4 expire 2 lines
04-07 14:57:39.444   676   736 I chatty  : uid=1054(vehicle_network) common@2.0-serv expire 48 lines
04-07 14:57:41.649   829   931 E storaged: getDiskStats failed with result NOT_SUPPORTED and size 0
04-07 14:57:41.850   676   733 I chatty  : uid=1054(vehicle_network) common@2.0-serv expire 3 lines
04-07 14:57:44.746   572   593 I chatty  : uid=1054(vehicle_network) /vendor/bin/hw/vnsd expire 137 lines
04-07 14:57:44.856   572   591 I chatty  : uid=1054(vehicle_network) /vendor/bin/hw/vnsd expire 46 lines
04-07 14:57:45.445   676   736 I chatty  : uid=1054(vehicle_network) common@2.0-serv expire 49 lines
04-07 14:57:46.091   676 29996 I chatty  : uid=1054(vehicle_network) HwBinder:676_4 expire 12 lines
04-07 14:57:47.540   962  1016 I chatty  : uid=1054(vehicle_network) temil@1.0-servi expire 4 lines
04-07 14:57:47.548   883   953 I chatty  : uid=1054(vehicle_network) iplm@1.0-servic expire 2 lines
04-07 14:57:47.664   883  1041 I chatty  : uid=1054(vehicle_network) iplm@1.0-servic expire 1 line
04-07 14:57:48.131   962   997 I chatty  : uid=1054(vehicle_network) temil@1.0-servi expire 1 line
04-07 14:57:48.392   962  1015 I chatty  : uid=1054(vehicle_network) temil@1.0-servi expire 1 line
04-07 14:57:49.442   676   736 I chatty  : uid=1054(vehicle_network) common@2.0-serv expire 42 lines
04-07 14:57:49.516   572   593 I chatty  : uid=1054(vehicle_network) /vendor/bin/hw/vnsd expire 176 lines
04-07 14:57:50.221   572   591 I chatty  : uid=1054(vehicle_network) /vendor/bin/hw/vnsd expire 35 lines
04-07 14:57:50.850   676   733 I chatty  : uid=1054(vehicle_network) common@2.0-serv expire 4 lines
04-07 14:57:55.292   572   593 I chatty  : uid=1054(vehicle_network) /vendor/bin/hw/vnsd expire 143 lines
04-07 14:57:55.443   676   736 I chatty  : uid=1054(vehicle_network) common@2.0-serv expire 51 lines
04-07 14:57:55.996   572   591 I chatty  : uid=1054(vehicle_network) /vendor/bin/hw/vnsd expire 38 lines
04-07 14:57:56.154   676 29996 I chatty  : uid=1054(vehicle_network) HwBinder:676_4 expire 12 lines
04-07 14:57:56.294   994  3719 D ConnectivityService: requestNetwork for uid/pid:1010021/2978 NetworkRequest [ TRACK_DEFAULT id=419, [ Capabilities: INTERNET&NOT_RESTRICTED&TRUSTED Unwanted:  Uid: 1010021] ]
04-07 14:57:56.329   994  1212 D ConnectivityService: releasing NetworkRequest [ TRACK_DEFAULT id=419, [ Capabilities: INTERNET&NOT_RESTRICTED&TRUSTED Unwanted:  Uid: 1010021] ] (release request)
04-07 14:57:57.562   883   953 I chatty  : uid=1054(vehicle_network) iplm@1.0-servic expire 2 lines
04-07 14:57:57.608   962  1016 I chatty  : uid=1054(vehicle_network) temil@1.0-servi expire 4 lines
04-07 14:57:57.676   883  1041 I chatty  : uid=1054(vehicle_network) iplm@1.0-servic expire 1 line
04-07 14:57:58.131   962   997 I chatty  : uid=1054(vehicle_network) temil@1.0-servi expire 1 line
04-07 14:57:58.400   962  1015 I chatty  : uid=1054(vehicle_network) temil@1.0-servi expire 1 line
04-07 14:58:00.277   572   591 I chatty  : uid=1054(vehicle_network) /vendor/bin/hw/vnsd expire 34 lines
04-07 14:58:00.285   572   593 I chatty  : uid=1054(vehicle_network) /vendor/bin/hw/vnsd expire 168 lines
04-07 14:58:00.405   676   736 I chatty  : uid=1054(vehicle_network) common@2.0-serv expire 51 lines
04-07 14:58:02.850   676   733 I chatty  : uid=1054(vehicle_network) common@2.0-serv expire 3 lines
04-07 14:58:06.041   572   593 I chatty  : uid=1054(vehicle_network) /vendor/bin/hw/vnsd expire 137 lines
04-07 14:58:06.182   676 29996 I chatty  : uid=1054(vehicle_network) HwBinder:676_4 expire 12 lines
04-07 14:58:06.191   572   591 I chatty  : uid=1054(vehicle_network) /vendor/bin/hw/vnsd expire 45 lines
04-07 14:58:06.411   676   736 I chatty  : uid=1054(vehicle_network) common@2.0-serv expire 51 lines
04-07 14:58:07.572   962  1016 I chatty  : uid=1054(vehicle_network) temil@1.0-servi expire 4 lines
04-07 14:58:07.574   883   953 I chatty  : uid=1054(vehicle_network) iplm@1.0-servic expire 2 lines
04-07 14:58:07.689   883  1041 I chatty  : uid=1054(vehicle_network) iplm@1.0-servic expire 1 line
04-07 14:58:08.132   962   997 I chatty  : uid=1054(vehicle_network) temil@1.0-servi expire 1 line
04-07 14:58:08.406   962  1015 I chatty  : uid=1054(vehicle_network) temil@1.0-servi expire 1 line
04-07 14:58:10.888   572   593 I chatty  : uid=1054(vehicle_network) /vendor/bin/hw/vnsd expire 170 lines
04-07 14:58:11.281   572   591 I chatty  : uid=1054(vehicle_network) /vendor/bin/hw/vnsd expire 33 lines
04-07 14:58:11.448   676   736 I chatty  : uid=1054(vehicle_network) common@2.0-serv expire 48 lines
04-07 14:58:11.850   676   733 I chatty  : uid=1054(vehicle_network) common@2.0-serv expire 2 lines
04-07 14:58:16.271   676 29996 I chatty  : uid=1054(vehicle_network) HwBinder:676_4 expire 12 lines
04-07 14:58:16.785   572   591 I chatty  : uid=1054(vehicle_network) /vendor/bin/hw/vnsd expire 40 lines
04-07 14:58:16.804   572   593 I chatty  : uid=1054(vehicle_network) /vendor/bin/hw/vnsd expire 143 lines
04-07 14:58:17.445   676   736 I chatty  : uid=1054(vehicle_network) common@2.0-serv expire 51 lines
04-07 14:58:17.539   962  1016 I chatty  : uid=1054(vehicle_network) temil@1.0-servi expire 4 lines
04-07 14:58:17.590   883   953 I chatty  : uid=1054(vehicle_network) iplm@1.0-servic expire 2 lines
04-07 14:58:17.700   883  1041 I chatty  : uid=1054(vehicle_network) iplm@1.0-servic expire 1 line
04-07 14:58:17.850   676   733 I chatty  : uid=1054(vehicle_network) common@2.0-serv expire 2 lines
--------- beginning of main
04-07 14:58:17.956   659  1407 D u-blox  : CAndroidDatabase::getFixType: fixType is 0
04-07 14:58:17.957   659  1407 D u-blox  : CAndroidDatabase::getFixType: fixType is 0
04-07 14:58:17.959   659  1407 D u-blox  : CAndroidDatabase::getFixType: fixType is 0
04-07 14:58:17.959   659  1407 D u-blox  : CAndroidDatabase::getFixType: fixType is 0
04-07 14:58:18.131   962   997 I chatty  : uid=1054(vehicle_network) temil@1.0-servi expire 1 line
04-07 14:58:18.228  3118  3146 W CCS-2022-01-26: ManagerBase:sendHeartbeat()
04-07 14:58:18.415   962  1015 I chatty  : uid=1054(vehicle_network) temil@1.0-servi expire 1 line
04-07 14:58:18.453   852   852 W /system/bin/vbfupdate: ERROR connecting: 111:Connection refused
04-07 14:58:18.577  2471  2507 W NAVSVC  : V202201271208-537:<openapi-navi> NaviService => invokeNaviAPI:NaviBaseModel{protocolID=2000, callbackId=-1261125664, protocolVersion='10', packageName='com.ecarx.xiaoka', mapVendor='-1', extraData=Bundle[EMPTY_PARCEL], timeout=0}
04-07 14:58:18.577  2471  2507 D NaviService: invokeNaviAPI: 2000-->com.ecarx.xiaoka, return RspLocation{locationInfo=LocationInfo{latLng=LatLng{latitude=57.70833, longitude=11.97359, coordType='gcj02'}, accuracy=0.0, altitude=0.0, speed=0.0, bearing=0.0, fixTime=0, lastGeoDecodeLatLng=null, country='Sweden', countryCode='1', province='Vstra Gtalands ln ', city='Gteborg', cityCode='', adcode='', address='Drottningtorget', formatedAddress='Drottningtorget, Gteborg, 411 03, Sverige', geoDecodeTime=0, adname='null'}{base=NaviBaseModel{protocolID=2000, callbackId=-1261125664, protocolVersion='10', packageName='com.ecarx.xiaoka', mapVendor='-1', extraData=Bundle[{}], timeout=0}}; }
04-07 14:58:18.681  1182  1703 W CCS-2022-01-26: ManagerBase:sendHeartbeat()
04-07 14:58:18.951   659  1407 V u-blox  : : notifyDatabaseAboutNavPvt: UBX NAV PVT iTow=103884000
04-07 14:58:18.951   659  1407 D u-blox  : CAndroidDatabase::getFixType: fixType is 0
04-07 14:58:18.954   659  1407 D u-blox  : CAndroidDatabase::getFixType: fixType is 0
04-07 14:58:18.954   659  1407 V u-blox  : CProtocolUBX::ProcessEsfStatus: GYRO Z Cal.: 0, WT Cal.: 0, ACCEL X Cal.:0
04-07 14:58:18.956   852   852 W /system/bin/vbfupdate: ERROR connecting: 111:Connection refused
04-07 14:58:19.136   962   997 I chatty  : uid=1054(vehicle_network) temil@1.0-servi expire 4 lines
04-07 14:58:19.137  1241  1886 I chatty  : uid=1000(system) HwBinder:1241_1 expire 6 lines
04-07 14:58:19.457  1292  1465 I chatty  : uid=1000(system) VEHICLE-HAL expire 341 lines
04-07 14:58:19.462   852   852 W /system/bin/vbfupdate: ERROR connecting: 111:Connection refused
04-07 14:58:19.751  1436  2951 I DPMJ    : |REQ:RCVR| DPM creating socket
04-07 14:58:19.794  1166  1756 W CCS-2022-01-26: ManagerBase:sendHeartbeat()
04-07 14:58:19.796   839   839 I chatty  : uid=1054(vehicle_network) /vendor/bin/mosquitto expire 200 lines
04-07 14:58:19.952   659  1407 D u-blox  : CAndroidDatabase::getFixType: fixType is 0
04-07 14:58:19.955   659  1407 I chatty  : uid=1021 gps thread identical 193 lines
04-07 14:58:19.956   659  1407 D u-blox  : CAndroidDatabase::getFixType: fixType is 0
04-07 14:58:19.956   659  1407 D u-blox  : CAndroidDatabase::getFixType: fixType is 0
04-07 14:58:19.966   852   852 W /system/bin/vbfupdate: ERROR connecting: 111:Connection refused
04-07 14:58:20.125  1166  1458 D GKAI:GUI:1.0.0: [MKTokenManager] token
04-07 14:58:20.125  1166  1458 D GKAI:GUI:1.0.0: [MKTokenManager] ecarxId is null
04-07 14:58:20.126  1166  1458 D GKAI:GUI:1.0.0: [MKTokenManager] token
04-07 14:58:20.126  1166  1458 D GKAI:GUI:1.0.0: [MKTokenManager] ecarxId is null
04-07 14:58:20.314  2354  2420 W CCS-2022-01-26: ManagerBase:sendHeartbeat()
04-07 14:58:20.469   852   852 W /system/bin/vbfupdate: ERROR connecting: 111:Connection refused
04-07 14:58:20.555  1139  1303 W NAVSVC  : V202201271208-537:<openapi-navi> NaviService => invokeNaviAPI:NaviBaseModel{protocolID=2000, callbackId=-1962975471, protocolVersion='10', packageName='com.ecarx.xiaoka', mapVendor='-1', extraData=Bundle[EMPTY_PARCEL], timeout=0}
04-07 14:58:20.555  1139  1303 D NaviService: invokeNaviAPI: 2000-->com.ecarx.xiaoka, return RspLocation{locationInfo=LocationInfo{latLng=LatLng{latitude=57.70833, longitude=11.97359, coordType='gcj02'}, accuracy=0.0, altitude=0.0, speed=0.0, bearing=0.0, fixTime=0, lastGeoDecodeLatLng=null, country='Sweden', countryCode='1', province='Vstra Gtalands ln ', city='Gteborg', cityCode='', adcode='', address='Drottningtorget', formatedAddress='Drottningtorget, Gteborg, 411 03, Sverige', geoDecodeTime=0, adname='null'}{base=NaviBaseModel{protocolID=2000, callbackId=-1962975471, protocolVersion='10', packageName='com.ecarx.xiaoka', mapVendor='-1', extraData=Bundle[{}], timeout=0}}; }
04-07 14:58:20.790  1457  1457 I CCS-2022-01-26: EthernetManagerHandler:isDataEnabled: true
04-07 14:58:20.833  2450  2605 W CCS-2022-01-26: ManagerBase:sendHeartbeat()
04-07 14:58:20.953   659  1407 D u-blox  : CAndroidDatabase::getFixType: fixType is 0
04-07 14:58:20.958   659  1407 D u-blox  : CAndroidDatabase::getFixType: fixType is 0
04-07 14:58:20.972   852   852 W /system/bin/vbfupdate: ERROR connecting: 111:Connection refused
04-07 14:58:21.227  3118  3146 W CCS-2022-01-26: ManagerBase:sendHeartbeat()
04-07 14:58:21.230  2805  2805 D EnNavCore2 >: MapDrawHandler [handleMessage : 130] >> Navigation Alive Log [103884380] doBackgroundWork procced : false, isPausedFromLogout : true
04-07 14:58:21.475   852   852 W /system/bin/vbfupdate: ERROR connecting: 111:Connection refused
04-07 14:58:21.584  2471  2507 W NAVSVC  : V202201271208-537:<openapi-navi> NaviService => invokeNaviAPI:NaviBaseModel{protocolID=2000, callbackId=-1449769772, protocolVersion='10', packageName='com.ecarx.xiaoka', mapVendor='-1', extraData=Bundle[EMPTY_PARCEL], timeout=0}
04-07 14:58:21.584  2471  2507 D NaviService: invokeNaviAPI: 2000-->com.ecarx.xiaoka, return RspLocation{locationInfo=LocationInfo{latLng=LatLng{latitude=57.70833, longitude=11.97359, coordType='gcj02'}, accuracy=0.0, altitude=0.0, speed=0.0, bearing=0.0, fixTime=0, lastGeoDecodeLatLng=null, country='Sweden', countryCode='1', province='Vstra Gtalands ln ', city='Gteborg', cityCode='', adcode='', address='Drottningtorget', formatedAddress='Drottningtorget, Gteborg, 411 03, Sverige', geoDecodeTime=0, adname='null'}{base=NaviBaseModel{protocolID=2000, callbackId=-1449769772, protocolVersion='10', packageName='com.ecarx.xiaoka', mapVendor='-1', extraData=Bundle[{}], timeout=0}}; }
04-07 14:58:21.679   572   593 I chatty  : uid=1054(vehicle_network) /vendor/bin/hw/vnsd expire 165 lines
04-07 14:58:21.681  1182  1703 W CCS-2022-01-26: ManagerBase:sendHeartbeat()
04-07 14:58:21.794  1166  1756 W CCS-2022-01-26: ManagerBase:sendHeartbeat()
04-07 14:58:21.912   572   591 I chatty  : uid=1054(vehicle_network) /vendor/bin/hw/vnsd expire 38 lines
04-07 14:58:21.957   659  1407 D u-blox  : CAndroidDatabase::getFixType: fixType is 0
04-07 14:58:21.959   659  1407 D u-blox  : CAndroidDatabase::getFixType: fixType is 0
04-07 14:58:21.979   852   852 W /system/bin/vbfupdate: ERROR connecting: 111:Connection refused
04-07 14:58:22.405   676   736 I chatty  : uid=1054(vehicle_network) common@2.0-serv expire 47 lines
04-07 14:58:22.482   852   852 W /system/bin/vbfupdate: ERROR connecting: 111:Connection refused
04-07 14:58:22.952   659  1407 D u-blox  : CAndroidDatabase::getFixType: fixType is 0
04-07 14:58:22.957   659  1407 D u-blox  : CAndroidDatabase::getFixType: fixType is 0
04-07 14:58:22.957   659  1407 D u-blox  : CAndroidDatabase::getFixType: fixType is 0
04-07 14:58:22.985   852   852 W /system/bin/vbfupdate: ERROR connecting: 111:Connection refused
04-07 14:58:23.029  1924  1924 D EnNavCore2 >: GLDIMSurfaceView$MainRoofHandler [Render : 126] >> Navigation Alive Log [103886178] Render Dim Map Proceed
04-07 14:58:23.129  1166  1458 D GKAI:GUI:1.0.0: [MKTokenManager] token
04-07 14:58:23.129  1166  1458 D GKAI:GUI:1.0.0: [MKTokenManager] ecarxId is null
04-07 14:58:23.129  1166  1458 D GKAI:GUI:1.0.0: [MKTokenManager] token
04-07 14:58:23.129  1166  1458 D GKAI:GUI:1.0.0: [MKTokenManager] ecarxId is null
04-07 14:58:23.314  2354  2420 W CCS-2022-01-26: ManagerBase:sendHeartbeat()
04-07 14:58:23.487   852   852 W /system/bin/vbfupdate: ERROR connecting: 111:Connection refused
04-07 14:58:23.490  1924  1924 D EnNavCore2 >: MapDrawHandler [handleMessage : 130] >> Navigation Alive Log [103886640] doBackgroundWork procced : true, isPausedFromLogout : false
04-07 14:58:23.562  1139  1303 W NAVSVC  : V202201271208-537:<openapi-navi> NaviService => invokeNaviAPI:NaviBaseModel{protocolID=2000, callbackId=-1888799136, protocolVersion='10', packageName='com.ecarx.xiaoka', mapVendor='-1', extraData=Bundle[EMPTY_PARCEL], timeout=0}
04-07 14:58:23.562  1139  1303 D NaviService: invokeNaviAPI: 2000-->com.ecarx.xiaoka, return RspLocation{locationInfo=LocationInfo{latLng=LatLng{latitude=57.70833, longitude=11.97359, coordType='gcj02'}, accuracy=0.0, altitude=0.0, speed=0.0, bearing=0.0, fixTime=0, lastGeoDecodeLatLng=null, country='Sweden', countryCode='1', province='Vstra Gtalands ln ', city='Gteborg', cityCode='', adcode='', address='Drottningtorget', formatedAddress='Drottningtorget, Gteborg, 411 03, Sverige', geoDecodeTime=0, adname='null'}{base=NaviBaseModel{protocolID=2000, callbackId=-1888799136, protocolVersion='10', packageName='com.ecarx.xiaoka', mapVendor='-1', extraData=Bundle[{}], timeout=0}}; }
04-07 14:58:23.752  1436  2951 I DPMJ    : |REQ:RCVR| DPM creating socket
04-07 14:58:23.794  1166  1756 W CCS-2022-01-26: ManagerBase:sendHeartbeat()
04-07 14:58:23.833  2450  2605 W CCS-2022-01-26: ManagerBase:sendHeartbeat()
04-07 14:58:23.851   676   733 I chatty  : uid=1054(vehicle_network) common@2.0-serv expire 2 lines
04-07 14:58:23.957   659  1407 D u-blox  : CAndroidDatabase::getFixType: fixType is 0
04-07 14:58:23.957   659  1407 D u-blox  : CAndroidDatabase::getFixType: fixType is 0
04-07 14:58:23.959   659  1407 D u-blox  : CAndroidDatabase::getFixType: fixType is 0
04-07 14:58:23.959   659  1407 D u-blox  : CAndroidDatabase::getFixType: fixType is 0
04-07 14:58:23.991   852   852 W /system/bin/vbfupdate: ERROR connecting: 111:Connection refused
04-07 14:58:24.227  3118  3146 W CCS-2022-01-26: ManagerBase:sendHeartbeat()
04-07 14:58:24.456   659   665 V u-blox  : CGpsIf::injectTime: timeGpsUtc=2022.04.07 08:07:25.490 timeReference=86431716 uncertainty=0.042 ms
04-07 14:58:24.456   659   665 V u-blox  : CUbxGpsState::putTime: NTP time injected (UTC)
04-07 14:58:24.495   852   852 W /system/bin/vbfupdate: ERROR connecting: 111:Connection refused
04-07 14:58:24.588  2471  2507 W NAVSVC  : V202201271208-537:<openapi-navi> NaviService => invokeNaviAPI:NaviBaseModel{protocolID=2000, callbackId=-1871915421, protocolVersion='10', packageName='com.ecarx.xiaoka', mapVendor='-1', extraData=Bundle[EMPTY_PARCEL], timeout=0}
04-07 14:58:24.588  2471  2507 D NaviService: invokeNaviAPI: 2000-->com.ecarx.xiaoka, return RspLocation{locationInfo=LocationInfo{latLng=LatLng{latitude=57.70833, longitude=11.97359, coordType='gcj02'}, accuracy=0.0, altitude=0.0, speed=0.0, bearing=0.0, fixTime=0, lastGeoDecodeLatLng=null, country='Sweden', countryCode='1', province='Vstra Gtalands ln ', city='Gteborg', cityCode='', adcode='', address='Drottningtorget', formatedAddress='Drottningtorget, Gteborg, 411 03, Sverige', geoDecodeTime=0, adname='null'}{base=NaviBaseModel{protocolID=2000, callbackId=-1871915421, protocolVersion='10', packageName='com.ecarx.xiaoka', mapVendor='-1', extraData=Bundle[{}], timeout=0}}; }
04-07 14:58:24.681  1182  1703 W CCS-2022-01-26: ManagerBase:sendHeartbeat()
04-07 14:58:24.954   659  1407 D u-blox  : CAndroidDatabase::getFixType: fixType is 0
04-07 14:58:24.958   659  1407 D u-blox  : CAndroidDatabase::getFixType: fixType is 0
04-07 14:58:24.997   852   852 W /system/bin/vbfupdate: ERROR connecting: 111:Connection refused
04-07 14:58:25.500   852   852 W /system/bin/vbfupdate: ERROR connecting: 111:Connection refused
04-07 14:58:25.794  1166  1756 W CCS-2022-01-26: ManagerBase:sendHeartbeat()
04-07 14:58:25.797  1457  1457 I CCS-2022-01-26: EthernetManagerHandler:isDataEnabled: true
04-07 14:58:25.948   659  1407 D u-blox  : CAndroidDatabase::getFixType: fixType is 0
04-07 14:58:25.954   994  1385 I chatty  : uid=1000(system) LocationWorkerT expire 20 lines
04-07 14:58:25.954   659  1407 D u-blox  : CAndroidDatabase::getFixType: fixType is 0
04-07 14:58:26.002   852   852 W /system/bin/vbfupdate: ERROR connecting: 111:Connection refused
04-07 14:58:26.082  2151  2356 I chatty  : uid=1000(system) MKTokenManager expire 16 lines
04-07 14:58:26.132  1166  1458 D GKAI:GUI:1.0.0: [MKTokenManager] token
04-07 14:58:26.132  1166  1458 D GKAI:GUI:1.0.0: [MKTokenManager] ecarxId is null
04-07 14:58:26.132  1166  1458 D GKAI:GUI:1.0.0: [MKTokenManager] token
04-07 14:58:26.132  1166  1458 D GKAI:GUI:1.0.0: [MKTokenManager] ecarxId is null
04-07 14:58:26.314   676 29996 I chatty  : uid=1054(vehicle_network) HwBinder:676_4 expire 12 lines
04-07 14:58:26.314  2354  2420 W CCS-2022-01-26: ManagerBase:sendHeartbeat()
04-07 14:58:26.508   852   852 W /system/bin/vbfupdate: ERROR connecting: 111:Connection refused
04-07 14:58:26.566  1139  1303 W NAVSVC  : V202201271208-537:<openapi-navi> NaviService => invokeNaviAPI:NaviBaseModel{protocolID=2000, callbackId=-20868143, protocolVersion='10', packageName='com.ecarx.xiaoka', mapVendor='-1', extraData=Bundle[EMPTY_PARCEL], timeout=0}
04-07 14:58:26.567  1139  1303 D NaviService: invokeNaviAPI: 2000-->com.ecarx.xiaoka, return RspLocation{locationInfo=LocationInfo{latLng=LatLng{latitude=57.70833, longitude=11.97359, coordType='gcj02'}, accuracy=0.0, altitude=0.0, speed=0.0, bearing=0.0, fixTime=0, lastGeoDecodeLatLng=null, country='Sweden', countryCode='1', province='Vstra Gtalands ln ', city='Gteborg', cityCode='', adcode='', address='Drottningtorget', formatedAddress='Drottningtorget, Gteborg, 411 03, Sverige', geoDecodeTime=0, adname='null'}{base=NaviBaseModel{protocolID=2000, callbackId=-20868143, protocolVersion='10', packageName='com.ecarx.xiaoka', mapVendor='-1', extraData=Bundle[{}], timeout=0}}; }
04-07 14:58:26.697   682   714 I chatty  : uid=1000(system) vendor.lge.hard expire 11 lines
04-07 14:58:26.708   682   749 I chatty  : uid=1000(system) vendor.lge.hard expire 11 lines
04-07 14:58:26.833  2450  2605 W CCS-2022-01-26: ManagerBase:sendHeartbeat()
04-07 14:58:26.949   659  1407 D u-blox  : CAndroidDatabase::getFixType: fixType is 0
04-07 14:58:26.954   659  1407 D u-blox  : CAndroidDatabase::getFixType: fixType is 0
04-07 14:58:26.954   659  1407 D u-blox  : CAndroidDatabase::getFixType: fixType is 0
04-07 14:58:27.011   852   852 W /system/bin/vbfupdate: ERROR connecting: 111:Connection refused
04-07 14:58:27.186   682   725 I chatty  : uid=1000(system) vendor.lge.hard expire 26 lines
04-07 14:58:27.227  3118  3146 W CCS-2022-01-26: ManagerBase:sendHeartbeat()
04-07 14:58:27.447   676   736 I chatty  : uid=1054(vehicle_network) common@2.0-serv expire 50 lines
04-07 14:58:27.476   572   593 I chatty  : uid=1054(vehicle_network) /vendor/bin/hw/vnsd expire 144 lines
04-07 14:58:27.514   852   852 W /system/bin/vbfupdate: ERROR connecting: 111:Connection refused
04-07 14:58:27.593  2471  2507 W NAVSVC  : V202201271208-537:<openapi-navi> NaviService => invokeNaviAPI:NaviBaseModel{protocolID=2000, callbackId=1326084013, protocolVersion='10', packageName='com.ecarx.xiaoka', mapVendor='-1', extraData=Bundle[EMPTY_PARCEL], timeout=0}
04-07 14:58:27.593  2471  2507 D NaviService: invokeNaviAPI: 2000-->com.ecarx.xiaoka, return RspLocation{locationInfo=LocationInfo{latLng=LatLng{latitude=57.70833, longitude=11.97359, coordType='gcj02'}, accuracy=0.0, altitude=0.0, speed=0.0, bearing=0.0, fixTime=0, lastGeoDecodeLatLng=null, country='Sweden', countryCode='1', province='Vstra Gtalands ln ', city='Gteborg', cityCode='', adcode='', address='Drottningtorget', formatedAddress='Drottningtorget, Gteborg, 411 03, Sverige', geoDecodeTime=0, adname='null'}{base=NaviBaseModel{protocolID=2000, callbackId=1326084013, protocolVersion='10', packageName='com.ecarx.xiaoka', mapVendor='-1', extraData=Bundle[{}], timeout=0}}; }
04-07 14:58:27.601   883   953 I chatty  : uid=1054(vehicle_network) iplm@1.0-servic expire 2 lines
04-07 14:58:27.608   962  1016 I chatty  : uid=1054(vehicle_network) temil@1.0-servi expire 4 lines
04-07 14:58:27.657   572   591 I chatty  : uid=1054(vehicle_network) /vendor/bin/hw/vnsd expire 42 lines
04-07 14:58:27.681  1182  1703 W CCS-2022-01-26: ManagerBase:sendHeartbeat()
04-07 14:58:27.713   883  1041 I chatty  : uid=1054(vehicle_network) iplm@1.0-servic expire 1 line
04-07 14:58:27.753  1436  2951 I DPMJ    : |REQ:RCVR| DPM creating socket
04-07 14:58:27.794  1166  1756 W CCS-2022-01-26: ManagerBase:sendHeartbeat()
04-07 14:58:27.952   659  1407 D u-blox  : CAndroidDatabase::getFixType: fixType is 0
04-07 14:58:27.957   659  1407 D u-blox  : CAndroidDatabase::getFixType: fixType is 0
04-07 14:58:28.018   852   852 W /system/bin/vbfupdate: ERROR connecting: 111:Connection refused
04-07 14:58:28.130   962   997 I chatty  : uid=1054(vehicle_network) temil@1.0-servi expire 1 line
04-07 14:58:28.427   682   732 I chatty  : uid=1000(system) vendor.lge.hard expire 25 lines
04-07 14:58:28.428   962  1015 I chatty  : uid=1054(vehicle_network) temil@1.0-servi expire 1 line
04-07 14:58:28.521   852   852 W /system/bin/vbfupdate: ERROR connecting: 111:Connection refused
04-07 14:58:28.954   659  1407 V u-blox  : : notifyDatabaseAboutNavPvt: UBX NAV PVT iTow=103894000
04-07 14:58:28.954   659  1407 D u-blox  : CAndroidDatabase::getFixType: fixType is 0
04-07 14:58:28.956   659  1407 D u-blox  : CAndroidDatabase::getFixType: fixType is 0
04-07 14:58:28.958   659  1407 D u-blox  : CAndroidDatabase::getFixType: fixType is 0
04-07 14:58:28.958   659  1407 D u-blox  : CAndroidDatabase::getFixType: fixType is 0
04-07 14:58:28.958   659  1407 V u-blox  : CProtocolUBX::ProcessEsfStatus: GYRO Z Cal.: 0, WT Cal.: 0, ACCEL X Cal.:0
04-07 14:58:29.025   852   852 W /system/bin/vbfupdate: ERROR connecting: 111:Connection refused
04-07 14:58:29.133  1166  1458 D GKAI:GUI:1.0.0: [MKTokenManager] token
04-07 14:58:29.133  1166  1458 D GKAI:GUI:1.0.0: [MKTokenManager] ecarxId is null
04-07 14:58:29.133  1166  1458 D GKAI:GUI:1.0.0: [MKTokenManager] token
04-07 14:58:29.133  1166  1458 D GKAI:GUI:1.0.0: [MKTokenManager] ecarxId is null
04-07 14:58:29.314  2354  2420 W CCS-2022-01-26: ManagerBase:sendHeartbeat()
04-07 14:58:29.532   852   852 W /system/bin/vbfupdate: ERROR connecting: 111:Connection refused
04-07 14:58:29.573  1139  1303 W NAVSVC  : V202201271208-537:<openapi-navi> NaviService => invokeNaviAPI:NaviBaseModel{protocolID=2000, callbackId=-1443038603, protocolVersion='10', packageName='com.ecarx.xiaoka', mapVendor='-1', extraData=Bundle[EMPTY_PARCEL], timeout=0}
04-07 14:58:29.575  1139  1303 D NaviService: invokeNaviAPI: 2000-->com.ecarx.xiaoka, return RspLocation{locationInfo=LocationInfo{latLng=LatLng{latitude=57.70833, longitude=11.97359, coordType='gcj02'}, accuracy=0.0, altitude=0.0, speed=0.0, bearing=0.0, fixTime=0, lastGeoDecodeLatLng=null, country='Sweden', countryCode='1', province='Vstra Gtalands ln ', city='Gteborg', cityCode='', adcode='', address='Drottningtorget', formatedAddress='Drottningtorget, Gteborg, 411 03, Sverige', geoDecodeTime=0, adname='null'}{base=NaviBaseModel{protocolID=2000, callbackId=-1443038603, protocolVersion='10', packageName='com.ecarx.xiaoka', mapVendor='-1', extraData=Bundle[{}], timeout=0}}; }
04-07 14:58:29.794  1166  1756 W CCS-2022-01-26: ManagerBase:sendHeartbeat()
04-07 14:58:29.833  2450  2605 W CCS-2022-01-26: ManagerBase:sendHeartbeat()
04-07 14:58:29.851   676   733 I chatty  : uid=1054(vehicle_network) common@2.0-serv expire 3 lines
04-07 14:58:29.954   659  1407 D u-blox  : CAndroidDatabase::getFixType: fixType is 0
04-07 14:58:29.956   659  1407 D u-blox  : CAndroidDatabase::getFixType: fixType is 0
04-07 14:58:29.959   659  1407 D u-blox  : CAndroidDatabase::getFixType: fixType is 0
04-07 14:58:29.959   659  1407 D u-blox  : CAndroidDatabase::getFixType: fixType is 0
04-07 14:58:30.035   852   852 W /system/bin/vbfupdate: ERROR connecting: 111:Connection refused
04-07 14:58:30.227  3118  3146 W CCS-2022-01-26: ManagerBase:sendHeartbeat()
04-07 14:58:30.419  1241  1262 I chatty  : uid=1000(system) LGE-VEHICLE-EVE expire 42 lines
04-07 14:58:30.539   852   852 W /system/bin/vbfupdate: ERROR connecting: 111:Connection refused
04-07 14:58:30.595  2471  2507 W NAVSVC  : V202201271208-537:<openapi-navi> NaviService => invokeNaviAPI:NaviBaseModel{protocolID=2000, callbackId=-326397133, protocolVersion='10', packageName='com.ecarx.xiaoka', mapVendor='-1', extraData=Bundle[EMPTY_PARCEL], timeout=0}
04-07 14:58:30.596  2471  2507 D NaviService: invokeNaviAPI: 2000-->com.ecarx.xiaoka, return RspLocation{locationInfo=LocationInfo{latLng=LatLng{latitude=57.70833, longitude=11.97359, coordType='gcj02'}, accuracy=0.0, altitude=0.0, speed=0.0, bearing=0.0, fixTime=0, lastGeoDecodeLatLng=null, country='Sweden', countryCode='1', province='Vstra Gtalands ln ', city='Gteborg', cityCode='', adcode='', address='Drottningtorget', formatedAddress='Drottningtorget, Gteborg, 411 03, Sverige', geoDecodeTime=0, adname='null'}{base=NaviBaseModel{protocolID=2000, callbackId=-326397133, protocolVersion='10', packageName='com.ecarx.xiaoka', mapVendor='-1', extraData=Bundle[{}], timeout=0}}; }
04-07 14:58:30.681  1182  1703 W CCS-2022-01-26: ManagerBase:sendHeartbeat()
04-07 14:58:30.804  1457  1457 I CCS-2022-01-26: EthernetManagerHandler:isDataEnabled: true
04-07 14:58:30.842  1924  1924 V EnNavCore2 Traffic: TrafficManager [startTrafficUpdateAndRefresh : 100] >> startTrafficUpdateAndRefresh
04-07 14:58:30.842  1924  1924 D EnNavCore2 [Network]: NetworkUtil [isNetworkConnected : 22] >> Check Network connection state
04-07 14:58:30.845  1924  1924 D EnNavCore2 [Network]: NetworkUtil [isNetworkConnected : 47] >> [Connected] ActiveNetwork : [type: Ethernet[], state: CONNECTED/CONNECTED, reason: (unspecified), extra: 02:00:00:03:12:01, failover: false, available: true, roaming: false]
04-07 14:58:30.846  1924  1924 V EnNavCore2 Traffic: TrafficManager [startTMCDataWithDownload : 397] >> startTMCDataWithDownload
04-07 14:58:30.846  1924  1924 D EnNavCore2 [Network]: NetworkUtil [isNetworkConnected : 22] >> Check Network connection state
04-07 14:58:30.848  1924  1924 D EnNavCore2 [Network]: NetworkUtil [isNetworkConnected : 47] >> [Connected] ActiveNetwork : [type: Ethernet[], state: CONNECTED/CONNECTED, reason: (unspecified), extra: 02:00:00:03:12:01, failover: false, available: true, roaming: false]
04-07 14:58:30.848  1924  1924 V EnNavCore2 Traffic: TrafficDataDownloadTask [publishProgress : 119] >> [STATUS_START] Start RSS for TMC & Flow Download
04-07 14:58:30.850  1924  9832 D EnNavCore2 [Network]: NetworkUtil [isNetworkReachable : 86] >> Check Network Reachable state
04-07 14:58:30.953   659  1407 D u-blox  : CAndroidDatabase::getFixType: fixType is 0
04-07 14:58:30.960   659  1407 D u-blox  : CAndroidDatabase::getFixType: fixType is 0
04-07 14:58:31.023  1924  9832 D EnNavCore2 [Network]: NetworkUtil [isNetworkReachable : 101] >> [Reachable] OK
04-07 14:58:31.024  1924  9832 D EnNavCore2 >: LocationMgr [getCurrentTimeMillsFromLocation : 510] >> getCurrentLocationTime toString :: 2022-04-07T14:58:31.023+02:00[Etc/GMT-2]
04-07 14:58:31.024  1924  9832 D libnav  : [NAV_CNavCore_requestTPEGProximity(12529)] updateType = 1, pInTargetPoint = {1197359, 5770833} 
04-07 14:58:31.042   852   852 W /system/bin/vbfupdate: ERROR connecting: 111:Connection refused
04-07 14:58:31.262  2805  2805 D EnNavCore2 >: MapDrawHandler [handleMessage : 130] >> Navigation Alive Log [103894412] doBackgroundWork procced : false, isPausedFromLogout : true
04-07 14:58:31.545   852   852 W /system/bin/vbfupdate: ERROR connecting: 111:Connection refused
04-07 14:58:31.658   682   705 I chatty  : uid=1000(system) vendor.lge.hard expire 3 lines
04-07 14:58:31.661  4848  4870 D RdsRadioManager: mCompleteListener onComplete
04-07 14:58:31.661  4848  4870 E RdsRadioManager: updateProgramInfoList size==>0
04-07 14:58:31.661  4848  4870 D RdsRadioManager: updateProgramInfoList ==>[]
04-07 14:58:31.661  4848  4870 D RadioManagerProxy: lastRdsList=>[]
04-07 14:58:31.661  4848  4870 D RadioManagerProxy: lastRdsList size=>0
04-07 14:58:31.661  4848  4870 D RadioManagerProxy: parseRdsList=>[]
04-07 14:58:31.661  4848  4870 D RadioManagerProxy: parseRdsList size=>0
04-07 14:58:31.754  1436  2951 I DPMJ    : |REQ:RCVR| DPM creating socket
04-07 14:58:31.794  1166  1756 W CCS-2022-01-26: ManagerBase:sendHeartbeat()
04-07 14:58:31.948   659  1407 D u-blox  : CAndroidDatabase::getFixType: fixType is 0
04-07 14:58:31.952   659  1407 D u-blox  : CAndroidDatabase::getFixType: fixType is 0
04-07 14:58:32.048   852   852 W /system/bin/vbfupdate: ERROR connecting: 111:Connection refused
04-07 14:58:32.135  1166  1458 D GKAI:GUI:1.0.0: [MKTokenManager] token
04-07 14:58:32.135  1166  1458 D GKAI:GUI:1.0.0: [MKTokenManager] ecarxId is null
04-07 14:58:32.135  1166  1458 D GKAI:GUI:1.0.0: [MKTokenManager] token
04-07 14:58:32.135  1166  1458 D GKAI:GUI:1.0.0: [MKTokenManager] ecarxId is null
04-07 14:58:32.314  2354  2420 W CCS-2022-01-26: ManagerBase:sendHeartbeat()
04-07 14:58:32.403   676   736 I chatty  : uid=1054(vehicle_network) common@2.0-serv expire 42 lines
04-07 14:58:32.427   572   593 I chatty  : uid=1054(vehicle_network) /vendor/bin/hw/vnsd expire 160 lines
04-07 14:58:32.473   572   591 I chatty  : uid=1054(vehicle_network) /vendor/bin/hw/vnsd expire 38 lines
04-07 14:58:32.550   852   852 W /system/bin/vbfupdate: ERROR connecting: 111:Connection refused
04-07 14:58:32.581  1139  1303 W NAVSVC  : V202201271208-537:<openapi-navi> NaviService => invokeNaviAPI:NaviBaseModel{protocolID=2000, callbackId=1535364205, protocolVersion='10', packageName='com.ecarx.xiaoka', mapVendor='-1', extraData=Bundle[EMPTY_PARCEL], timeout=0}
