04-07 14:59:09.953   659  1407 D u-blox  : CAndroidDatabase::getFixType: fixType is 0
04-07 14:59:09.954   659  1407 D u-blox  : CAndroidDatabase::getFixType: fixType is 0
04-07 14:59:09.997   572   593 I VNS.MessageHandler: rxMsg: aa 84 33 07 16 04 07 0e 3b 09 01 32
04-07 14:59:10.016   572   593 I VNS.MessageHandler: rxMsg: aa 84 9d 04 02 1c b9 6b 7b
04-07 14:59:10.077   572   593 I VNS.MessageHandler: rxMsg: aa 84 33 07 16 04 07 0e 3b 09 01 32
04-07 14:59:10.097   572   593 I VNS.MessageHandler: rxMsg: aa 84 9d 04 02 1c b9 6c 7c
04-07 14:59:10.217   572   593 I VNS.MessageHandler: rxMsg: aa 84 9d 04 02 1c b9 6d 7d
04-07 14:59:10.237   572   593 I VNS.MessageHandler: rxMsg: aa 84 33 07 16 04 07 0e 3b 09 01 32
04-07 14:59:10.243   572   591 I VNS.MessageHandler: txMsg: aa 01 93 04 01 00 00 00 3d
04-07 14:59:10.291   572   593 I VNS.MessageHandler: rxMsg: aa 83 21 09 00 00 00 22 2e 00 07 17 15 08
04-07 14:59:10.297   682   725 I chatty  : uid=1000(system) vendor.lge.hard expire 34 lines
04-07 14:59:10.297   572   593 I VNS.MessageHandler: rxMsg: aa 84 9d 04 02 1c b9 6e 7e
04-07 14:59:10.301   572   591 I VNS.MessageHandler: txMsg: aa 01 37 07 a0 00 00 02 00 04 00 3d
04-07 14:59:10.301   852   852 W /system/bin/vbfupdate: ERROR connecting: 111:Connection refused
04-07 14:59:10.317   572   593 I VNS.MessageHandler: rxMsg: aa 84 33 07 16 04 07 0e 3b 09 01 32
04-07 14:59:10.397   572   593 I VNS.MessageHandler: rxMsg: aa 84 33 07 16 04 07 0e 3b 0a 01 31
04-07 14:59:10.402   676   736 I VHAL.TimeHandler: [PA]PROP_CLOCK_GET_DATE(1)mYr(2022)mMth(3)mDay(7)
04-07 14:59:10.403   676   736 I VHAL.TimeHandler: [PA]PROP_CLOCK_GET_TIME(1)mHr(14)mMins(59)mSec(10)
04-07 14:59:10.403   676   736 I VHAL.TimeHandler: [PROP_PA_CI_Timedicated] availability : 1
04-07 14:59:10.403   676   736 I VHAL.TimeHandler: [PA]PROP_PA_CI_Timedicated(1)mHr(14)mMins(59)mSec(10)
04-07 14:59:10.403   676   736 I VHAL.TimeHandler: [PA]mPA_CL_DateIndicated_Availability(1)mYr(2022)mMth(3)mDay(7)
04-07 14:59:10.403   676   736 I VHAL.TimeHandler: mTiAndDateVld(1)
04-07 14:59:10.403   676   736 I VHAL.TimeHandler: [onSignalChanged] mYr(2022)mMth(3)mDay(7)|y(2022)m(3)d(7)
04-07 14:59:10.403   676   736 I VHAL.TimeHandler: [onSignalChanged] mHr(14)mMins(59)mSec(10)|Hr(14)m(59)Sec(10)
04-07 14:59:10.417   572   593 I VNS.MessageHandler: rxMsg: aa 84 9d 04 02 1c b9 6f 7f
04-07 14:59:10.422  1292  1465 I chatty  : uid=1000(system) VEHICLE-HAL expire 281 lines
04-07 14:59:10.437   572   593 I VNS.MessageHandler: rxMsg: aa ee 03 13 00 00 00 00 00 00 00 00 00 00 ff 00 02 00 00 00 00 0a 0b a8
04-07 14:59:10.438   572   593 D VNS.MessageDefinitionManager: There is no parse information. msgId = 0xee03
04-07 14:59:10.477   572   593 I VNS.MessageHandler: rxMsg: aa 84 33 07 16 04 07 0e 3b 0a 01 31
04-07 14:59:10.497   572   593 I VNS.MessageHandler: rxMsg: aa 84 9d 04 02 1c b9 70 60
04-07 14:59:10.617   572   593 I VNS.MessageHandler: rxMsg: aa 84 9d 04 02 1c b9 71 61 aa 84 53 03 00 81 00 ff
04-07 14:59:10.617   572   593 D VNS.MessageDefinitionManager: There is no parse information. msgId = 0x8453
04-07 14:59:10.637   572   593 I VNS.MessageHandler: rxMsg: aa 84 33 07 16 04 07 0e 3b 0a 01 31
04-07 14:59:10.717   572   593 I VNS.MessageHandler: rxMsg: aa 84 33 07 16 04 07 0e 3b 0a 01 31
04-07 14:59:10.737   572   593 I VNS.MessageHandler: rxMsg: aa 84 9d 04 02 1c b9 72 62
04-07 14:59:10.792   572   593 I VNS.MessageHandler: rxMsg: aa 83 21 09 00 00 00 22 2e 00 06 16 19 04
04-07 14:59:10.797   572   593 I VNS.MessageHandler: rxMsg: aa 84 33 07 16 04 07 0e 3b 0a 01 31
04-07 14:59:10.806   852   852 W /system/bin/vbfupdate: ERROR connecting: 111:Connection refused
04-07 14:59:10.817   572   593 I VNS.MessageHandler: rxMsg: aa 84 9d 04 02 1c b9 73 63
04-07 14:59:10.825   572   591 I VNS.MessageHandler: txMsg: aa 01 50 04 ef 2d 9e 00 a3
04-07 14:59:10.825   572   591 I VNS.MessageHandler: txMsg: aa 01 50 04 50 44 00 02 e9
04-07 14:59:10.826   572   591 I VNS.MessageHandler: txMsg: aa 01 50 04 d0 4f 00 02 62
04-07 14:59:10.826   572   591 I VNS.MessageHandler: txMsg: aa 01 50 04 ef 20 00 03 33
04-07 14:59:10.826   572   591 I VNS.MessageHandler: txMsg: aa 01 50 04 ef 28 00 00 38
04-07 14:59:10.826   572   591 I VNS.MessageHandler: txMsg: aa 01 50 04 ef 2c 00 00 3c
04-07 14:59:10.826   572   591 I VNS.MessageHandler: txMsg: aa 01 50 04 ef 29 00 00 39
04-07 14:59:10.827   572   591 I VNS.MessageHandler: txMsg: aa 01 50 04 ef 2b 00 00 3b
04-07 14:59:10.850  1457  1457 I CCS-2022-01-26: EthernetManagerHandler:isDataEnabled: true
04-07 14:59:10.857   682   714 I chatty  : uid=1000(system) vendor.lge.hard expire 15 lines
04-07 14:59:10.863   572   591 I VNS.MessageHandler: txMsg: aa 01 51 03 d9 5e 00 7e
04-07 14:59:10.868   682   749 I chatty  : uid=1000(system) vendor.lge.hard expire 15 lines
04-07 14:59:10.877   572   593 I VNS.MessageHandler: rxMsg: aa 84 33 07 16 04 07 0e 3b 0a 01 31
04-07 14:59:10.897   572   593 I VNS.MessageHandler: rxMsg: aa 84 9d 04 02 1c b9 74 64
04-07 14:59:10.942   572   593 I VNS.MessageHandler: rxMsg: aa ee 03 13 00 00 00 00 00 00 00 00 00 00 ff 00 02 00 00 00 00 0a 0b a8
04-07 14:59:10.942   572   593 D VNS.MessageDefinitionManager: There is no parse information. msgId = 0xee03
04-07 14:59:10.952   659  1407 D u-blox  : CAndroidDatabase::getFixType: fixType is 0
04-07 14:59:10.956   659  1407 I chatty  : uid=1021 gps thread identical 139 lines
04-07 14:59:10.956   659  1407 D u-blox  : CAndroidDatabase::getFixType: fixType is 0
04-07 14:59:11.019   572   593 I VNS.MessageHandler: rxMsg: aa ee 04 3e a0 01 00 00 01 00 00 11 00 01 00 01 00 00 00 2b 00 1a 04 02 01 00 01 fe 01 01 01 00 00 00 00 00 00 00 00 00 e0 00 00 00 00 00 00 00 00 00 00 00 00 00 00 00 00 00 00 00 00 00 00 00 00 00 e7
04-07 14:59:11.019   572   593 D VNS.MessageDefinitionManager: There is no parse information. msgId = 0xee04
04-07 14:59:11.022   572   593 I VNS.MessageHandler: rxMsg: aa 84 9d 04 02 1c b9 75 65
04-07 14:59:11.042   572   593 I VNS.MessageHandler: rxMsg: aa 84 33 07 16 04 07 0e 3b 0a 01 31
04-07 14:59:11.102   572   593 I VNS.MessageHandler: rxMsg: aa 84 9d 04 02 1c b9 76 66
04-07 14:59:11.120  2151  2356 D GKAI:GUI:1.0.0: [MKTokenManager] token
04-07 14:59:11.120  2151  2356 D GKAI:GUI:1.0.0: [MKTokenManager] ecarxId is null
04-07 14:59:11.120  2151  2356 D GKAI:GUI:1.0.0: [MKTokenManager] token
04-07 14:59:11.120  2151  2356 D GKAI:GUI:1.0.0: [MKTokenManager] ecarxId is null
04-07 14:59:11.122   572   593 I VNS.MessageHandler: rxMsg: aa 84 33 07 16 04 07 0e 3b 0a 01 31
04-07 14:59:11.165  1166  1458 D GKAI:GUI:1.0.0: [MKTokenManager] token
04-07 14:59:11.166  1166  1458 D GKAI:GUI:1.0.0: [MKTokenManager] ecarxId is null
04-07 14:59:11.166  1166  1458 D GKAI:GUI:1.0.0: [MKTokenManager] token
04-07 14:59:11.166  1166  1458 D GKAI:GUI:1.0.0: [MKTokenManager] ecarxId is null
04-07 14:59:11.202   572   593 I VNS.MessageHandler: rxMsg: aa 84 33 07 16 04 07 0e 3b 0a 01 31
04-07 14:59:11.222   572   593 I VNS.MessageHandler: rxMsg: aa 84 9d 04 02 1c b9 77 67
04-07 14:59:11.282   572   593 I VNS.MessageHandler: rxMsg: aa 84 33 07 16 04 07 0e 3b 0a 01 31
04-07 14:59:11.298   572   593 I VNS.MessageHandler: rxMsg: aa 83 21 09 00 00 00 22 2e 00 08 11 18 0c
04-07 14:59:11.302   572   591 I VNS.MessageHandler: txMsg: aa 01 37 07 a0 00 00 02 00 04 00 3d
04-07 14:59:11.302   572   593 I VNS.MessageHandler: rxMsg: aa 84 9d 04 02 1c b9 78 68
04-07 14:59:11.309   852   852 W /system/bin/vbfupdate: ERROR connecting: 111:Connection refused
04-07 14:59:11.314  2354  2420 W CCS-2022-01-26: ManagerBase:sendHeartbeat()
04-07 14:59:11.393  2805  2805 D EnNavCore2 >: MapDrawHandler [handleMessage : 130] >> Navigation Alive Log [103934543] doBackgroundWork procced : false, isPausedFromLogout : true
04-07 14:59:11.422   572   593 I VNS.MessageHandler: rxMsg: aa 84 9d 04 02 1c b9 79 69
04-07 14:59:11.444   572   593 I VNS.MessageHandler: rxMsg: aa 84 33 07 16 04 07 0e 3b 0b 01 30 aa ee 03 13 00 00 00 00 00 00 00 00 00 00 ff 00 02 00 00 00 00 0a 0b a8
04-07 14:59:11.444   572   593 D VNS.MessageDefinitionManager: There is no parse information. msgId = 0xee03
04-07 14:59:11.449   676   736 I VHAL.TimeHandler: [PA]PROP_CLOCK_GET_DATE(1)mYr(2022)mMth(3)mDay(7)
04-07 14:59:11.450   676   736 I VHAL.TimeHandler: [PA]PROP_CLOCK_GET_TIME(1)mHr(14)mMins(59)mSec(11)
04-07 14:59:11.450   676   736 I VHAL.TimeHandler: [PROP_PA_CI_Timedicated] availability : 1
04-07 14:59:11.450   676   736 I VHAL.TimeHandler: [PA]PROP_PA_CI_Timedicated(1)mHr(14)mMins(59)mSec(11)
04-07 14:59:11.450   676   736 I VHAL.TimeHandler: [PA]mPA_CL_DateIndicated_Availability(1)mYr(2022)mMth(3)mDay(7)
04-07 14:59:11.450   676   736 I VHAL.TimeHandler: mTiAndDateVld(1)
04-07 14:59:11.450   676   736 I VHAL.TimeHandler: [onSignalChanged] mYr(2022)mMth(3)mDay(7)|y(2022)m(3)d(7)
04-07 14:59:11.450   676   736 I VHAL.TimeHandler: [onSignalChanged] mHr(14)mMins(59)mSec(11)|Hr(14)m(59)Sec(11)
04-07 14:59:11.502   572   593 I VNS.MessageHandler: rxMsg: aa 84 9d 04 02 1c b9 7a 6a
04-07 14:59:11.528   572   593 I VNS.MessageHandler: rxMsg: aa 84 33 07 16 04 07 0e 3b 0b 01 30
04-07 14:59:11.588   572   593 I VNS.MessageHandler: rxMsg: aa 84 53 03 01 00 00 7f
04-07 14:59:11.588   572   593 D VNS.MessageDefinitionManager: There is no parse information. msgId = 0x8453
04-07 14:59:11.602   572   593 I VNS.MessageHandler: rxMsg: aa 84 33 07 16 04 07 0e 3b 0b 01 30
04-07 14:59:11.628   572   593 I VNS.MessageHandler: rxMsg: aa 84 9d 04 02 1c b9 7b 6b
04-07 14:59:11.651  1139  1303 W NAVSVC  : V202201271208-537:<openapi-navi> NaviService => invokeNaviAPI:NaviBaseModel{protocolID=2000, callbackId=764801157, protocolVersion='10', packageName='com.ecarx.xiaoka', mapVendor='-1', extraData=Bundle[EMPTY_PARCEL], timeout=0}
04-07 14:59:11.651  1139  1303 D NaviService: invokeNaviAPI: 2000-->com.ecarx.xiaoka, return RspLocation{locationInfo=LocationInfo{latLng=LatLng{latitude=57.70833, longitude=11.97359, coordType='gcj02'}, accuracy=0.0, altitude=0.0, speed=0.0, bearing=0.0, fixTime=0, lastGeoDecodeLatLng=null, country='Sweden', countryCode='1', province='Vstra Gtalands ln ', city='Gteborg', cityCode='', adcode='', address='Drottningtorget', formatedAddress='Drottningtorget, Gteborg, 411 03, Sverige', geoDecodeTime=0, adname='null'}{base=NaviBaseModel{protocolID=2000, callbackId=764801157, protocolVersion='10', packageName='com.ecarx.xiaoka', mapVendor='-1', extraData=Bundle[{}], timeout=0}}; }
04-07 14:59:11.749   572   593 I VNS.MessageHandler: rxMsg: aa 84 9d 04 02 1c b9 7c 6c
04-07 14:59:11.762   572   593 I VNS.MessageHandler: rxMsg: aa 84 33 07 16 04 07 0e 3b 0b 01 30
04-07 14:59:11.767  1436  2951 I DPMJ    : |REQ:RCVR| DPM creating socket
04-07 14:59:11.794  1166  1756 W CCS-2022-01-26: ManagerBase:sendHeartbeat()
04-07 14:59:11.797   839   839 I MQTT_BROKER: Received PUBLISH from dimsupportservice (d0, q1, r0, m62791, 'ihu/heartbeat/navigation', ... (43 bytes))
04-07 14:59:11.797   839   839 I MQTT_BROKER: Sending PUBACK to dimsupportservice (Mid: 62791)
04-07 14:59:11.797   839   839 I MQTT_BROKER: Sending PUBLISH to dimsub|270359-localhos (d0, q1, r0, m62761, 'ihu/heartbeat/navigation', ... (43 bytes))
04-07 14:59:11.799   839   839 I MQTT_BROKER: Received PUBACK from dimsub|270359-localhos (Mid: 62761)
04-07 14:59:11.802   572   593 I VNS.MessageHandler: rxMsg: aa 83 21 09 00 00 00 22 2e 00 08 12 19 0e
04-07 14:59:11.813   852   852 W /system/bin/vbfupdate: ERROR connecting: 111:Connection refused
04-07 14:59:11.816   572   591 I VNS.MessageHandler: txMsg: aa 01 51 03 d9 5e 00 7e
04-07 14:59:11.826  2151  2669 W CCS-2022-01-26: ManagerBase:sendHeartbeat()
04-07 14:59:11.828   839   839 I MQTT_BROKER: Received PUBLISH from dimsupportservice (d0, q1, r0, m62792, 'ihu/heartbeat/navigation', ... (43 bytes))
04-07 14:59:11.828   839   839 I MQTT_BROKER: Sending PUBACK to dimsupportservice (Mid: 62792)
04-07 14:59:11.829   839   839 I MQTT_BROKER: Sending PUBLISH to dimsub|270359-localhos (d0, q1, r0, m62762, 'ihu/heartbeat/navigation', ... (43 bytes))
04-07 14:59:11.829   572   593 I VNS.MessageHandler: rxMsg: aa 84 9d 04 02 1c b9 7d 6d
04-07 14:59:11.830   839   839 I MQTT_BROKER: Received PUBACK from dimsub|270359-localhos (Mid: 62762)
04-07 14:59:11.833  2450  2605 W CCS-2022-01-26: ManagerBase:sendHeartbeat()
04-07 14:59:11.836   839   839 I MQTT_BROKER: Received PUBLISH from dimsupportservice (d0, q1, r0, m62793, 'ihu/heartbeat/media', ... (43 bytes))
04-07 14:59:11.836   839   839 I MQTT_BROKER: Sending PUBACK to dimsupportservice (Mid: 62793)
04-07 14:59:11.836   839   839 I MQTT_BROKER: Sending PUBLISH to dimsub|270359-localhos (d0, q1, r0, m62763, 'ihu/heartbeat/media', ... (43 bytes))
04-07 14:59:11.838   839   839 I MQTT_BROKER: Received PUBACK from dimsub|270359-localhos (Mid: 62763)
04-07 14:59:11.842   572   593 I VNS.MessageHandler: rxMsg: aa 84 33 07 16 04 07 0e 3b 0b 01 30
04-07 14:59:11.851   676   733 I VHAL.ActiveCoolingHandler: [T1] Result : 0 / Temp : 51
04-07 14:59:11.856   572   591 I VNS.MessageHandler: txMsg: aa 01 51 0f d9 56 5f 3a 0c 29 3a 64 00 00 00 00 00 00 00 64
04-07 14:59:11.856   572   591 I VNS.MessageHandler: txMsg: aa 01 51 06 d9 9d 2c 7c 04 35 d9
04-07 14:59:11.909   572   593 I VNS.MessageHandler: rxMsg: aa 84 9d 04 02 1c b9 7e 6e
04-07 14:59:11.913   572   593 I VNS.MessageHandler: rxMsg: aa ee 04 18 f0 00 00 00 01 00 00 00 00 00 00 00 00 00 00 00 00 31 01 01 00 00 01 01 98
04-07 14:59:11.913   572   593 D VNS.MessageDefinitionManager: There is no parse information. msgId = 0xee04
04-07 14:59:11.923   572   593 I VNS.MessageHandler: rxMsg: aa 83 20 01 10 18 aa 84 33 07 16 04 07 0e 3b 0b 01 30
04-07 14:59:11.945   572   593 I VNS.MessageHandler: rxMsg: aa ee 01 78 30 00 02 01 00 00 00 00 02 00 00 00 00 00 01 02 00 00 01 03 00 00 00 01 f1 23 00 00 00 00 00 1c 2f 21 01 01 00 00 0f 00 85 00 00 03 3c 0f 3c 00 00 00 00 02 03 00 1e 3c 01 00 00 09 00 00 00 00 00 00 00 00 00 00 00 00 02 a0 00 00 02 00 04 00 01 00 00 99 02 00 00 01 01 03 03 01 01 03 03 00 04 01 01 01 01 08 00 00 00 01 00 00 00 00 00 00 00 00 00 00 87 01 00 0e da
04-07 14:59:11.945   572   593 D VNS.MessageDefinitionManager: There is no parse information. msgId = 0xee01
04-07 14:59:11.949   572   593 I VNS.MessageHandler: rxMsg: aa ee 03 13 00 00 00 00 00 00 00 00 00 00 ff 00 02 00 00 00 00 0a 0b a8
04-07 14:59:11.949   572   593 D VNS.MessageDefinitionManager: There is no parse information. msgId = 0xee03
04-07 14:59:11.952   659  1407 D u-blox  : CAndroidDatabase::getFixType: fixType is 0
04-07 14:59:11.957   659  1407 D u-blox  : CAndroidDatabase::getFixType: fixType is 0
04-07 14:59:11.972   572   593 I VNS.MessageHandler: rxMsg: aa 83 20 01 11 19
04-07 14:59:12.002   572   593 I VNS.MessageHandler: rxMsg: aa 84 33 07 16 04 07 0e 3b 0b 01 30
04-07 14:59:12.028   572   593 I VNS.MessageHandler: rxMsg: aa 84 9d 04 02 1c b9 7f 6f
04-07 14:59:12.082   572   593 I VNS.MessageHandler: rxMsg: aa 84 33 07 16 04 07 0e 3b 0b 01 30
04-07 14:59:12.107   572   593 I VNS.MessageHandler: rxMsg: aa 84 9d 04 02 1c b9 80 90
04-07 14:59:12.227  3118  3146 W CCS-2022-01-26: ManagerBase:sendHeartbeat()
04-07 14:59:12.228   572   593 I VNS.MessageHandler: rxMsg: aa 84 9d 04 02 1c b9 81 91
04-07 14:59:12.230   839   839 I MQTT_BROKER: Received PUBLISH from dimsupportservice (d0, q1, r0, m62794, 'ihu/heartbeat/telephone', ... (43 bytes))
04-07 14:59:12.230   839   839 I MQTT_BROKER: Sending PUBACK to dimsupportservice (Mid: 62794)
04-07 14:59:12.231   839   839 I MQTT_BROKER: Sending PUBLISH to dimsub|270359-localhos (d0, q1, r0, m62764, 'ihu/heartbeat/telephone', ... (43 bytes))
04-07 14:59:12.232   839   839 I MQTT_BROKER: Received PUBACK from dimsub|270359-localhos (Mid: 62764)
04-07 14:59:12.237   572   593 I VNS.MessageHandler: rxMsg: aa 84 33 07 16 04 07 0e 3b 0b 01 30
04-07 14:59:12.243   572   591 I VNS.MessageHandler: txMsg: aa 01 93 04 01 00 00 00 3d
04-07 14:59:12.301   572   591 I VNS.MessageHandler: txMsg: aa 01 37 07 a0 00 00 02 00 04 00 3d
04-07 14:59:12.302   572   593 I VNS.MessageHandler: rxMsg: aa 83 21 09 00 00 00 22 2e 00 06 15 17 09
04-07 14:59:12.307   572   593 I VNS.MessageHandler: rxMsg: aa 84 9d 04 02 1c b9 82 92
04-07 14:59:12.317   852   852 W /system/bin/vbfupdate: ERROR connecting: 111:Connection refused
04-07 14:59:12.317   572   593 I VNS.MessageHandler: rxMsg: aa 84 33 07 16 04 07 0e 3b 0b 01 30
04-07 14:59:12.397   572   593 I VNS.MessageHandler: rxMsg: aa 84 33 07 16 04 07 0e 3b 0c 01 37
04-07 14:59:12.403   676   736 I VHAL.TimeHandler: [PA]PROP_CLOCK_GET_DATE(1)mYr(2022)mMth(3)mDay(7)
04-07 14:59:12.403   676   736 I VHAL.TimeHandler: [PA]PROP_CLOCK_GET_TIME(1)mHr(14)mMins(59)mSec(12)
04-07 14:59:12.403   676   736 I VHAL.TimeHandler: [PROP_PA_CI_Timedicated] availability : 1
04-07 14:59:12.403   676   736 I VHAL.TimeHandler: [PA]PROP_PA_CI_Timedicated(1)mHr(14)mMins(59)mSec(12)
04-07 14:59:12.403   676   736 I VHAL.TimeHandler: [PA]mPA_CL_DateIndicated_Availability(1)mYr(2022)mMth(3)mDay(7)
04-07 14:59:12.403   676   736 I VHAL.TimeHandler: mTiAndDateVld(1)
04-07 14:59:12.403   676   736 I VHAL.TimeHandler: [onSignalChanged] mYr(2022)mMth(3)mDay(7)|y(2022)m(3)d(7)
04-07 14:59:12.403   676   736 I VHAL.TimeHandler: [onSignalChanged] mHr(14)mMins(59)mSec(12)|Hr(14)m(59)Sec(12)
04-07 14:59:12.427   572   593 I VNS.MessageHandler: rxMsg: aa 84 9d 04 02 1c b9 83 93
04-07 14:59:12.448   572   593 I VNS.MessageHandler: rxMsg: aa ee 03 13 00 00 00 00 00 00 00 00 00 00 ff 00 02 00 00 00 00 0a 0b a8
04-07 14:59:12.449   572   593 D VNS.MessageDefinitionManager: There is no parse information. msgId = 0xee03
04-07 14:59:12.477   572   593 I VNS.MessageHandler: rxMsg: aa 84 33 07 16 04 07 0e 3b 0c 01 37
04-07 14:59:12.507   572   593 I VNS.MessageHandler: rxMsg: aa 84 9d 04 02 1c b9 84 94
04-07 14:59:12.627   572   593 I VNS.MessageHandler: rxMsg: aa 84 9d 04 02 1c b9 85 95
04-07 14:59:12.637   572   593 I VNS.MessageHandler: rxMsg: aa 84 33 07 16 04 07 0e 3b 0c 01 37
04-07 14:59:12.668  2471  2507 W NAVSVC  : V202201271208-537:<openapi-navi> NaviService => invokeNaviAPI:NaviBaseModel{protocolID=2000, callbackId=1332659953, protocolVersion='10', packageName='com.ecarx.xiaoka', mapVendor='-1', extraData=Bundle[EMPTY_PARCEL], timeout=0}
04-07 14:59:12.668  2471  2507 D NaviService: invokeNaviAPI: 2000-->com.ecarx.xiaoka, return RspLocation{locationInfo=LocationInfo{latLng=LatLng{latitude=57.70833, longitude=11.97359, coordType='gcj02'}, accuracy=0.0, altitude=0.0, speed=0.0, bearing=0.0, fixTime=0, lastGeoDecodeLatLng=null, country='Sweden', countryCode='1', province='Vstra Gtalands ln ', city='Gteborg', cityCode='', adcode='', address='Drottningtorget', formatedAddress='Drottningtorget, Gteborg, 411 03, Sverige', geoDecodeTime=0, adname='null'}{base=NaviBaseModel{protocolID=2000, callbackId=1332659953, protocolVersion='10', packageName='com.ecarx.xiaoka', mapVendor='-1', extraData=Bundle[{}], timeout=0}}; }
04-07 14:59:12.681  1182  1703 W CCS-2022-01-26: ManagerBase:sendHeartbeat()
04-07 14:59:12.684   839   839 I MQTT_BROKER: Received PUBLISH from dimsupportservice (d0, q1, r0, m62795, 'ihu/heartbeat/media', ... (43 bytes))
04-07 14:59:12.684   839   839 I MQTT_BROKER: Sending PUBACK to dimsupportservice (Mid: 62795)
04-07 14:59:12.684   839   839 I MQTT_BROKER: Sending PUBLISH to dimsub|270359-localhos (d0, q1, r0, m62765, 'ihu/heartbeat/media', ... (43 bytes))
04-07 14:59:12.686   839   839 I MQTT_BROKER: Received PUBACK from dimsub|270359-localhos (Mid: 62765)
04-07 14:59:12.707   572   593 I VNS.MessageHandler: rxMsg: aa 84 53 03 00 81 00 ff
04-07 14:59:12.707   572   593 D VNS.MessageDefinitionManager: There is no parse information. msgId = 0x8453
04-07 14:59:12.717   572   593 I VNS.MessageHandler: rxMsg: aa 84 33 07 16 04 07 0e 3b 0c 01 37
04-07 14:59:12.747   572   593 I VNS.MessageHandler: rxMsg: aa 84 9d 04 02 1c b9 86 96
04-07 14:59:12.771   572   591 I VNS.MessageHandler: txMsg: aa 01 51 03 d9 5e 00 7e
04-07 14:59:12.797   572   593 I VNS.MessageHandler: rxMsg: aa 84 33 07 16 04 07 0e 3b 0c 01 37
04-07 14:59:12.802   572   593 I VNS.MessageHandler: rxMsg: aa 83 21 09 00 00 00 22 2e 00 04 19 24 34
04-07 14:59:12.820   852   852 W /system/bin/vbfupdate: ERROR connecting: 111:Connection refused
04-07 14:59:12.827   572   593 I VNS.MessageHandler: rxMsg: aa 84 9d 04 02 1c b9 87 97
04-07 14:59:12.877   572   593 I VNS.MessageHandler: rxMsg: aa 84 33 07 16 04 07 0e 3b 0c 01 37
04-07 14:59:12.907   572   593 I VNS.MessageHandler: rxMsg: aa 84 9d 04 02 1c b9 88 98
04-07 14:59:12.949   572   593 I VNS.MessageHandler: rxMsg: aa ee 03 13 00 00 00 00 00 00 00 00 00 00 ff 00 02 00 00 00 00 0a 0b a8
04-07 14:59:12.949   659  1407 D u-blox  : CAndroidDatabase::getFixType: fixType is 0
04-07 14:59:12.949   572   593 D VNS.MessageDefinitionManager: There is no parse information. msgId = 0xee03
04-07 14:59:12.951   659  1407 D u-blox  : CAndroidDatabase::getFixType: fixType is 0
04-07 14:59:12.955   659  1407 D u-blox  : CAndroidDatabase::getFixType: fixType is 0
04-07 14:59:12.955   659  1407 D u-blox  : CAndroidDatabase::getFixType: fixType is 0
04-07 14:59:13.027   572   593 I VNS.MessageHandler: rxMsg: aa 84 9d 04 02 1c b9 89 99
04-07 14:59:13.037   572   593 I VNS.MessageHandler: rxMsg: aa 84 33 07 16 04 07 0e 3b 0c 01 37
04-07 14:59:13.107   572   593 I VNS.MessageHandler: rxMsg: aa 84 9d 04 02 1c b9 8a 9a
04-07 14:59:13.117   572   593 I VNS.MessageHandler: rxMsg: aa 84 33 07 16 04 07 0e 3b 0c 01 37
04-07 14:59:13.197   572   593 I VNS.MessageHandler: rxMsg: aa 84 33 07 16 04 07 0e 3b 0c 01 37
04-07 14:59:13.198  1924  1924 D EnNavCore2 >: GLDIMSurfaceView$MainRoofHandler [Render : 126] >> Navigation Alive Log [103936347] Render Dim Map Proceed
04-07 14:59:13.227   572   593 I VNS.MessageHandler: rxMsg: aa 84 9d 04 02 1c b9 8b 9b
04-07 14:59:13.277   572   593 I VNS.MessageHandler: rxMsg: aa 84 33 07 16 04 07 0e 3b 0c 01 37
04-07 14:59:13.302   572   591 I VNS.MessageHandler: txMsg: aa 01 37 07 a0 00 00 02 00 04 00 3d
04-07 14:59:13.302   572   593 I VNS.MessageHandler: rxMsg: aa 83 21 09 00 00 00 22 2e 00 05 19 1c 0d
04-07 14:59:13.322   852   852 W /system/bin/vbfupdate: ERROR connecting: 111:Connection refused
04-07 14:59:13.347   572   593 I VNS.MessageHandler: rxMsg: aa 84 9d 04 02 1c b9 8c 9c
04-07 14:59:13.427   572   593 I VNS.MessageHandler: rxMsg: aa 84 9d 04 02 1c b9 8d 9d
04-07 14:59:13.437   572   593 I VNS.MessageHandler: rxMsg: aa 84 33 07 16 04 07 0e 3b 0d 01 36
04-07 14:59:13.443   676   736 I VHAL.TimeHandler: [PA]PROP_CLOCK_GET_DATE(1)mYr(2022)mMth(3)mDay(7)
04-07 14:59:13.443   676   736 I VHAL.TimeHandler: [PA]PROP_CLOCK_GET_TIME(1)mHr(14)mMins(59)mSec(13)
04-07 14:59:13.443   676   736 I VHAL.TimeHandler: [PROP_PA_CI_Timedicated] availability : 1
04-07 14:59:13.444   676   736 I VHAL.TimeHandler: [PA]PROP_PA_CI_Timedicated(1)mHr(14)mMins(59)mSec(13)
04-07 14:59:13.444   676   736 I VHAL.TimeHandler: [PA]mPA_CL_DateIndicated_Availability(1)mYr(2022)mMth(3)mDay(7)
04-07 14:59:13.444   676   736 I VHAL.TimeHandler: mTiAndDateVld(1)
04-07 14:59:13.444   676   736 I VHAL.TimeHandler: [onSignalChanged] mYr(2022)mMth(3)mDay(7)|y(2022)m(3)d(7)
04-07 14:59:13.444   676   736 I VHAL.TimeHandler: [onSignalChanged] mHr(14)mMins(59)mSec(13)|Hr(14)m(59)Sec(13)
04-07 14:59:13.449   572   593 I VNS.MessageHandler: rxMsg: aa ee 03 13 00 00 00 00 00 00 00 00 00 00 ff 00 02 00 00 00 00 0a 0b a8 aa ee 03 14 32 32 32 32 32 32 32 32 32 32 32 32 32 32 32 32 32 32 32 32 53
04-07 14:59:13.450   572   593 D VNS.MessageDefinitionManager: There is no parse information. msgId = 0xee03
04-07 14:59:13.450   572   593 D VNS.MessageDefinitionManager: There is no parse information. msgId = 0xee03
04-07 14:59:13.508   572   593 I VNS.MessageHandler: rxMsg: aa 84 9d 04 02 1c b9 8e 9e
04-07 14:59:13.518   572   593 I VNS.MessageHandler: rxMsg: aa 84 33 07 16 04 07 0e 3b 0d 01 36
04-07 14:59:13.598   572   593 I VNS.MessageHandler: rxMsg: aa 84 33 07 16 04 07 0e 3b 0d 01 36
04-07 14:59:13.622   572   593 I VNS.MessageHandler: rxMsg: aa ee 05 01 30 70
04-07 14:59:13.622   572   593 D VNS.MessageDefinitionManager: There is no parse information. msgId = 0xee05
04-07 14:59:13.628   572   593 I VNS.MessageHandler: rxMsg: aa 84 9d 04 02 1c b9 8f 9f
04-07 14:59:13.657  1924  1924 D EnNavCore2 >: MapDrawHandler [handleMessage : 130] >> Navigation Alive Log [103936806] doBackgroundWork procced : true, isPausedFromLogout : false
04-07 14:59:13.667   572   593 I VNS.MessageHandler: rxMsg: aa 84 53 03 01 00 00 7f
04-07 14:59:13.667   572   593 D VNS.MessageDefinitionManager: There is no parse information. msgId = 0x8453
04-07 14:59:13.748   572   593 I VNS.MessageHandler: rxMsg: aa 84 9d 04 02 1c b9 90 80
04-07 14:59:13.748   572   591 I VNS.MessageHandler: txMsg: aa 01 51 03 d9 5e 00 7e
04-07 14:59:13.757   572   593 I VNS.MessageHandler: rxMsg: aa 84 33 07 16 04 07 0e 3b 0d 01 36
04-07 14:59:13.794  1166  1756 W CCS-2022-01-26: ManagerBase:sendHeartbeat()
04-07 14:59:13.797   839   839 I MQTT_BROKER: Received PUBLISH from dimsupportservice (d0, q1, r0, m62796, 'ihu/heartbeat/navigation', ... (43 bytes))
04-07 14:59:13.797   839   839 I MQTT_BROKER: Sending PUBACK to dimsupportservice (Mid: 62796)
04-07 14:59:13.798   839   839 I MQTT_BROKER: Sending PUBLISH to dimsub|270359-localhos (d0, q1, r0, m62766, 'ihu/heartbeat/navigation', ... (43 bytes))
04-07 14:59:13.799   839   839 I MQTT_BROKER: Received PUBACK from dimsub|270359-localhos (Mid: 62766)
04-07 14:59:13.802   572   593 I VNS.MessageHandler: rxMsg: aa 83 21 09 00 00 00 22 2e 00 08 17 19 0b
04-07 14:59:13.825   852   852 W /system/bin/vbfupdate: ERROR connecting: 111:Connection refused
04-07 14:59:13.826  2151  2669 W CCS-2022-01-26: ManagerBase:sendHeartbeat()
04-07 14:59:13.827   572   591 I VNS.MessageHandler: txMsg: aa 01 50 04 ef 2d 9e 00 a3
04-07 14:59:13.828   572   591 I VNS.MessageHandler: txMsg: aa 01 50 04 50 44 00 02 e9
04-07 14:59:13.828   572   591 I VNS.MessageHandler: txMsg: aa 01 50 04 d0 4f 00 02 62
04-07 14:59:13.828   572   591 I VNS.MessageHandler: txMsg: aa 01 50 04 ef 20 00 03 33
04-07 14:59:13.828   572   591 I VNS.MessageHandler: txMsg: aa 01 50 04 ef 28 00 00 38
04-07 14:59:13.829   572   593 I VNS.MessageHandler: rxMsg: aa 84 9d 04 02 1c b9 91 81
04-07 14:59:13.829   572   591 I VNS.MessageHandler: txMsg: aa 01 50 04 ef 2c 00 00 3c
04-07 14:59:13.829   572   591 I VNS.MessageHandler: txMsg: aa 01 50 04 ef 29 00 00 39
04-07 14:59:13.829   572   591 I VNS.MessageHandler: txMsg: aa 01 50 04 ef 2b 00 00 3b
04-07 14:59:13.829   839   839 I MQTT_BROKER: Received PUBLISH from dimsupportservice (d0, q1, r0, m62797, 'ihu/heartbeat/navigation', ... (43 bytes))
04-07 14:59:13.829   839   839 I MQTT_BROKER: Sending PUBACK to dimsupportservice (Mid: 62797)
04-07 14:59:13.829   839   839 I MQTT_BROKER: Sending PUBLISH to dimsub|270359-localhos (d0, q1, r0, m62767, 'ihu/heartbeat/navigation', ... (43 bytes))
04-07 14:59:13.831   839   839 I MQTT_BROKER: Received PUBACK from dimsub|270359-localhos (Mid: 62767)
04-07 14:59:13.838   572   593 I VNS.MessageHandler: rxMsg: aa 84 33 07 16 04 07 0e 3b 0d 01 36
04-07 14:59:13.908   572   593 I VNS.MessageHandler: rxMsg: aa 84 9d 04 02 1c b9 92 82
04-07 14:59:13.918   572   593 I VNS.MessageHandler: rxMsg: aa 84 33 07 16 04 07 0e 3b 0d 01 36
04-07 14:59:13.948   659  1407 D u-blox  : CAndroidDatabase::getFixType: fixType is 0
04-07 14:59:13.951   572   593 I VNS.MessageHandler: rxMsg: aa ee 09 14 ff 02 02 00 00 00 00 00 01 a1 00 00 00 01 01 01 00 04 01 00 02 aa ee 03 13 00 00 00 00 00 00 00 00 00 00 ff 00 02 00 00 00 00 0a 0b a8 aa ee 03 2e ff 01 00 02 02 00 01 00 03 04 05 06 00 00 00 00 32 04 01 01 00 6b 00 01 01 0c 00 01 02 01 00 6b 82 00 09 00 00 00 00 7f 00 00 00 00 00 00 5e
04-07 14:59:13.951   572   593 D VNS.MessageDefinitionManager: There is no parse information. msgId = 0xee09
04-07 14:59:13.951   572   593 D VNS.MessageDefinitionManager: There is no parse information. msgId = 0xee03
04-07 14:59:13.951   572   593 D VNS.MessageDefinitionManager: There is no parse information. msgId = 0xee03
04-07 14:59:13.953   659  1407 D u-blox  : CAndroidDatabase::getFixType: fixType is 0
04-07 14:59:13.998   572   593 I VNS.MessageHandler: rxMsg: aa 84 33 07 16 04 07 0e 3b 0d 01 36
04-07 14:59:14.028   572   593 I VNS.MessageHandler: rxMsg: aa 84 9d 04 02 1c b9 93 83
04-07 14:59:14.078   572   593 I VNS.MessageHandler: rxMsg: aa 84 33 07 16 04 07 0e 3b 0d 01 36
04-07 14:59:14.108   572   593 I VNS.MessageHandler: rxMsg: aa 84 9d 04 02 1c b9 94 84
04-07 14:59:14.122  2151  2356 D GKAI:GUI:1.0.0: [MKTokenManager] token
04-07 14:59:14.122  2151  2356 D GKAI:GUI:1.0.0: [MKTokenManager] ecarxId is null
04-07 14:59:14.122  2151  2356 D GKAI:GUI:1.0.0: [MKTokenManager] token
04-07 14:59:14.122  2151  2356 D GKAI:GUI:1.0.0: [MKTokenManager] ecarxId is null
04-07 14:59:14.167  1166  1458 D GKAI:GUI:1.0.0: [MKTokenManager] token
04-07 14:59:14.167  1166  1458 D GKAI:GUI:1.0.0: [MKTokenManager] ecarxId is null
04-07 14:59:14.167  1166  1458 D GKAI:GUI:1.0.0: [MKTokenManager] token
04-07 14:59:14.167  1166  1458 D GKAI:GUI:1.0.0: [MKTokenManager] ecarxId is null
04-07 14:59:14.228   572   593 I VNS.MessageHandler: rxMsg: aa 84 9d 04 02 1c b9 95 85
04-07 14:59:14.238   572   593 I VNS.MessageHandler: rxMsg: aa 84 33 07 16 04 07 0e 3b 0d 01 36
04-07 14:59:14.244   572   591 I VNS.MessageHandler: txMsg: aa 01 93 04 01 00 00 00 3d
04-07 14:59:14.302   572   591 I VNS.MessageHandler: txMsg: aa 01 37 07 a0 00 00 02 00 04 00 3d
04-07 14:59:14.302   572   593 I VNS.MessageHandler: rxMsg: aa 83 21 09 00 00 00 22 2e 00 08 13 1a 0c
04-07 14:59:14.308   572   593 I VNS.MessageHandler: rxMsg: aa 84 9d 04 02 1c b9 96 86
04-07 14:59:14.314  2354  2420 W CCS-2022-01-26: ManagerBase:sendHeartbeat()
04-07 14:59:14.316   839   839 I MQTT_BROKER: Received PUBLISH from dimsupportservice (d0, q1, r0, m62798, 'ihu/heartbeat/telephone', ... (43 bytes))
04-07 14:59:14.316   839   839 I MQTT_BROKER: Sending PUBACK to dimsupportservice (Mid: 62798)
04-07 14:59:14.316   839   839 I MQTT_BROKER: Sending PUBLISH to dimsub|270359-localhos (d0, q1, r0, m62768, 'ihu/heartbeat/telephone', ... (43 bytes))
04-07 14:59:14.317   839   839 I MQTT_BROKER: Received PUBACK from dimsub|270359-localhos (Mid: 62768)
04-07 14:59:14.320   572   593 I VNS.MessageHandler: rxMsg: aa 84 33 07 16 04 07 0e 3b 0d 01 36
04-07 14:59:14.328 32743 32743 D AlarmPingSender: Sending Ping at:1649336354328
04-07 14:59:14.329   852   852 W /system/bin/vbfupdate: ERROR connecting: 111:Connection refused
04-07 14:59:14.330 32743 32743 D AlarmPingSender: Schedule next alarm at 1649336384330
04-07 14:59:14.330 32743 32743 D AlarmPingSender: Alarm scheule using setExactAndAllowWhileIdle, next: 30000
04-07 14:59:14.398   572   593 I VNS.MessageHandler: rxMsg: aa 84 33 07 16 04 07 0e 3b 0e 01 35
04-07 14:59:14.404   676   736 I VHAL.TimeHandler: [PA]PROP_CLOCK_GET_DATE(1)mYr(2022)mMth(3)mDay(7)
04-07 14:59:14.404   676   736 I VHAL.TimeHandler: [PA]PROP_CLOCK_GET_TIME(1)mHr(14)mMins(59)mSec(14)
04-07 14:59:14.404   676   736 I VHAL.TimeHandler: [PROP_PA_CI_Timedicated] availability : 1
04-07 14:59:14.404   676   736 I VHAL.TimeHandler: [PA]PROP_PA_CI_Timedicated(1)mHr(14)mMins(59)mSec(14)
04-07 14:59:14.404   676   736 I VHAL.TimeHandler: [PA]mPA_CL_DateIndicated_Availability(1)mYr(2022)mMth(3)mDay(7)
04-07 14:59:14.404   676   736 I VHAL.TimeHandler: mTiAndDateVld(1)
04-07 14:59:14.404   676   736 I VHAL.TimeHandler: [onSignalChanged] mYr(2022)mMth(3)mDay(7)|y(2022)m(3)d(7)
04-07 14:59:14.405   676   736 I VHAL.TimeHandler: [onSignalChanged] mHr(14)mMins(59)mSec(14)|Hr(14)m(59)Sec(14)
04-07 14:59:14.428   572   593 I VNS.MessageHandler: rxMsg: aa 84 9d 04 02 1c b9 97 87
04-07 14:59:14.449   572   593 I VNS.MessageHandler: rxMsg: aa ee 03 13 00 00 00 00 00 00 00 00 00 00 ff 00 02 00 00 00 00 0a 0b a8
04-07 14:59:14.449   572   593 D VNS.MessageDefinitionManager: There is no parse information. msgId = 0xee03
04-07 14:59:14.479   572   593 I VNS.MessageHandler: rxMsg: aa 84 33 07 16 04 07 0e 3b 0e 01 35
04-07 14:59:14.508   572   593 I VNS.MessageHandler: rxMsg: aa 84 9d 04 02 1c b9 98 88
04-07 14:59:14.514 32743  1799 D AlarmPingSender: Success. Release lock(MqttService.client.projects/cx11-eu-qa/locations/europe-west1/registries/ccsp-ihu-mqtt/devices/CX11EU00987818250100):1649336354514
04-07 14:59:14.628   572   593 I VNS.MessageHandler: rxMsg: aa 84 9d 04 02 1c b9 99 89
04-07 14:59:14.638   572   593 I VNS.MessageHandler: rxMsg: aa 84 33 07 16 04 07 0e 3b 0e 01 35
04-07 14:59:14.655  1139  1303 W NAVSVC  : V202201271208-537:<openapi-navi> NaviService => invokeNaviAPI:NaviBaseModel{protocolID=2000, callbackId=-97502103, protocolVersion='10', packageName='com.ecarx.xiaoka', mapVendor='-1', extraData=Bundle[EMPTY_PARCEL], timeout=0}
04-07 14:59:14.656  1139  1303 D NaviService: invokeNaviAPI: 2000-->com.ecarx.xiaoka, return RspLocation{locationInfo=LocationInfo{latLng=LatLng{latitude=57.70833, longitude=11.97359, coordType='gcj02'}, accuracy=0.0, altitude=0.0, speed=0.0, bearing=0.0, fixTime=0, lastGeoDecodeLatLng=null, country='Sweden', countryCode='1', province='Vstra Gtalands ln ', city='Gteborg', cityCode='', adcode='', address='Drottningtorget', formatedAddress='Drottningtorget, Gteborg, 411 03, Sverige', geoDecodeTime=0, adname='null'}{base=NaviBaseModel{protocolID=2000, callbackId=-97502103, protocolVersion='10', packageName='com.ecarx.xiaoka', mapVendor='-1', extraData=Bundle[{}], timeout=0}}; }
04-07 14:59:14.702   572   591 I VNS.MessageHandler: txMsg: aa 01 51 03 d9 5e 00 7e
04-07 14:59:14.719   572   593 I VNS.MessageHandler: rxMsg: aa 84 33 07 16 04 07 0e 3b 0e 01 35
04-07 14:59:14.748   572   593 I VNS.MessageHandler: rxMsg: aa 84 9d 04 02 1c b9 9a 8a
04-07 14:59:14.788   572   593 I VNS.MessageHandler: rxMsg: aa 84 53 03 00 81 00 ff
04-07 14:59:14.788   572   593 D VNS.MessageDefinitionManager: There is no parse information. msgId = 0x8453
04-07 14:59:14.798   572   593 I VNS.MessageHandler: rxMsg: aa 84 33 07 16 04 07 0e 3b 0e 01 35
04-07 14:59:14.803   572   593 I VNS.MessageHandler: rxMsg: aa 83 21 09 00 00 00 22 2e 00 07 14 19 07
04-07 14:59:14.828   572   593 I VNS.MessageHandler: rxMsg: aa 84 9d 04 02 1c b9 9b 8b
04-07 14:59:14.832   852   852 W /system/bin/vbfupdate: ERROR connecting: 111:Connection refused
04-07 14:59:14.833  2450  2605 W CCS-2022-01-26: ManagerBase:sendHeartbeat()
04-07 14:59:14.837   839   839 I MQTT_BROKER: Received PUBLISH from dimsupportservice (d0, q1, r0, m62799, 'ihu/heartbeat/media', ... (43 bytes))
04-07 14:59:14.837   839   839 I MQTT_BROKER: Sending PUBACK to dimsupportservice (Mid: 62799)
04-07 14:59:14.837   839   839 I MQTT_BROKER: Sending PUBLISH to dimsub|270359-localhos (d0, q1, r0, m62769, 'ihu/heartbeat/media', ... (43 bytes))
04-07 14:59:14.839   839   839 I MQTT_BROKER: Received PUBACK from dimsub|270359-localhos (Mid: 62769)
04-07 14:59:14.850   676   733 I VHAL.ActiveCoolingHandler: [T1] Result : 0 / Temp : 50
04-07 14:59:14.856   572   591 I VNS.MessageHandler: txMsg: aa 01 51 0f d9 56 5f 3a 0c 29 3a 64 00 00 00 00 00 00 00 64
04-07 14:59:14.856   572   591 I VNS.MessageHandler: txMsg: aa 01 51 06 d9 9d 2c 7c 04 35 d9
04-07 14:59:14.878   572   593 I VNS.MessageHandler: rxMsg: aa 84 33 07 16 04 07 0e 3b 0e 01 35
04-07 14:59:14.908   572   593 I VNS.MessageHandler: rxMsg: aa 84 9d 04 02 1c b9 9c 8c
04-07 14:59:14.946   572   593 I VNS.MessageHandler: rxMsg: aa ee 01 78 30 00 02 01 00 00 00 00 02 00 00 00 00 00 01 02 00 00 01 03 00 00 00 01 f1 23 00 00 00 00 00 1c 2f 24 01 01 00 00 0f 00 85 00 00 03 3c 0f 3c 00 00 00 00 02 01 00 1e 3c 01 00 00 09 00 00 00 00 00 00 00 00 00 00 00 00 02 a0 00 00 02 00 04 00 01 00 00 99 02 00 00 01 01 03 03 01 01 03 03 00 04 01 01 01 01 08 00 00 00 01 00 00 00 00 00 00 00 00 00 00 87 02 00 0e de
04-07 14:59:14.946   572   593 D VNS.MessageDefinitionManager: There is no parse information. msgId = 0xee01
04-07 14:59:14.948   659  1407 D u-blox  : CAndroidDatabase::getFixType: fixType is 0
04-07 14:59:14.949   572   593 I VNS.MessageHandler: rxMsg: aa ee 03 13 00 00 00 00 00 00 00 00 00 00 ff 00 02 00 00 00 00 0a 0b a8
04-07 14:59:14.949   572   593 D VNS.MessageDefinitionManager: There is no parse information. msgId = 0xee03
04-07 14:59:14.956   659  1407 D u-blox  : CAndroidDatabase::getFixType: fixType is 0
04-07 14:59:14.960   659  1407 D u-blox  : CAndroidDatabase::getFixType: fixType is 0
04-07 14:59:14.960   659  1407 D u-blox  : CAndroidDatabase::getFixType: fixType is 0
04-07 14:59:15.028   572   593 I VNS.MessageHandler: rxMsg: aa 84 9d 04 02 1c b9 9d 8d
04-07 14:59:15.039   572   593 I VNS.MessageHandler: rxMsg: aa 84 33 07 16 04 07 0e 3b 0e 01 35
04-07 14:59:15.108   572   593 I VNS.MessageHandler: rxMsg: aa 84 9d 04 02 1c b9 9e 8e
04-07 14:59:15.119   572   593 I VNS.MessageHandler: rxMsg: aa 84 33 07 16 04 07 0e 3b 0e 01 35
04-07 14:59:15.198   572   593 I VNS.MessageHandler: rxMsg: aa 84 33 07 16 04 07 0e 3b 0e 01 35
04-07 14:59:15.227  3118  3146 W CCS-2022-01-26: ManagerBase:sendHeartbeat()
04-07 14:59:15.229   572   593 I VNS.MessageHandler: rxMsg: aa 84 9d 04 02 1c b9 9f 8f
04-07 14:59:15.231   839   839 I MQTT_BROKER: Received PUBLISH from dimsupportservice (d0, q1, r0, m62800, 'ihu/heartbeat/telephone', ... (43 bytes))
04-07 14:59:15.231   839   839 I MQTT_BROKER: Sending PUBACK to dimsupportservice (Mid: 62800)
04-07 14:59:15.231   839   839 I MQTT_BROKER: Sending PUBLISH to dimsub|270359-localhos (d0, q1, r0, m62770, 'ihu/heartbeat/telephone', ... (43 bytes))
04-07 14:59:15.233   839   839 I MQTT_BROKER: Received PUBACK from dimsub|270359-localhos (Mid: 62770)
04-07 14:59:15.279   572   593 I VNS.MessageHandler: rxMsg: aa 84 33 07 16 04 07 0e 3b 0e 01 35
04-07 14:59:15.302   572   591 I VNS.MessageHandler: txMsg: aa 01 37 07 a0 00 00 02 00 04 00 3d
04-07 14:59:15.303   572   593 I VNS.MessageHandler: rxMsg: aa 83 21 09 00 00 00 22 2e 00 04 16 1e 01
04-07 14:59:15.308   572   593 I VNS.MessageHandler: rxMsg: aa 84 9d 04 02 1c b9 a0 b0
04-07 14:59:15.338   852   852 W /system/bin/vbfupdate: ERROR connecting: 111:Connection refused
04-07 14:59:15.428   572   593 I VNS.MessageHandler: rxMsg: aa 84 9d 04 02 1c b9 a1 b1
04-07 14:59:15.439   572   593 I VNS.MessageHandler: rxMsg: aa 84 33 07 16 04 07 0e 3b 0f 01 34
04-07 14:59:15.445   676   736 I VHAL.TimeHandler: [PA]PROP_CLOCK_GET_DATE(1)mYr(2022)mMth(3)mDay(7)
04-07 14:59:15.445   676   736 I VHAL.TimeHandler: [PA]PROP_CLOCK_GET_TIME(1)mHr(14)mMins(59)mSec(15)
04-07 14:59:15.445   676   736 I VHAL.TimeHandler: [PROP_PA_CI_Timedicated] availability : 1
04-07 14:59:15.445   676   736 I VHAL.TimeHandler: [PA]PROP_PA_CI_Timedicated(1)mHr(14)mMins(59)mSec(15)
04-07 14:59:15.445   676   736 I VHAL.TimeHandler: [PA]mPA_CL_DateIndicated_Availability(1)mYr(2022)mMth(3)mDay(7)
04-07 14:59:15.445   676   736 I VHAL.TimeHandler: mTiAndDateVld(1)
04-07 14:59:15.445   676   736 I VHAL.TimeHandler: [onSignalChanged] mYr(2022)mMth(3)mDay(7)|y(2022)m(3)d(7)
04-07 14:59:15.445   676   736 I VHAL.TimeHandler: [onSignalChanged] mHr(14)mMins(59)mSec(15)|Hr(14)m(59)Sec(15)
04-07 14:59:15.450   572   593 I VNS.MessageHandler: rxMsg: aa ee 03 13 00 00 00 00 00 00 00 00 00 00 ff 00 02 00 00 00 00 0a 0b a8
04-07 14:59:15.450   572   593 D VNS.MessageDefinitionManager: There is no parse information. msgId = 0xee03
04-07 14:59:15.508   572   593 I VNS.MessageHandler: rxMsg: aa 84 9d 04 02 1c b9 a2 b2
04-07 14:59:15.518   572   593 I VNS.MessageHandler: rxMsg: aa 84 33 07 16 04 07 0e 3b 0f 01 34
04-07 14:59:15.599   572   593 I VNS.MessageHandler: rxMsg: aa 84 33 07 16 04 07 0e 3b 0f 01 34
04-07 14:59:15.629   572   593 I VNS.MessageHandler: rxMsg: aa 84 9d 04 02 1c b9 a3 b3
04-07 14:59:15.655   572   591 I VNS.MessageHandler: txMsg: aa 01 51 03 d9 5e 00 7e
04-07 14:59:15.674  2471  2507 W NAVSVC  : V202201271208-537:<openapi-navi> NaviService => invokeNaviAPI:NaviBaseModel{protocolID=2000, callbackId=-220605127, protocolVersion='10', packageName='com.ecarx.xiaoka', mapVendor='-1', extraData=Bundle[EMPTY_PARCEL], timeout=0}
04-07 14:59:15.675  2471  2507 D NaviService: invokeNaviAPI: 2000-->com.ecarx.xiaoka, return RspLocation{locationInfo=LocationInfo{latLng=LatLng{latitude=57.70833, longitude=11.97359, coordType='gcj02'}, accuracy=0.0, altitude=0.0, speed=0.0, bearing=0.0, fixTime=0, lastGeoDecodeLatLng=null, country='Sweden', countryCode='1', province='Vstra Gtalands ln ', city='Gteborg', cityCode='', adcode='', address='Drottningtorget', formatedAddress='Drottningtorget, Gteborg, 411 03, Sverige', geoDecodeTime=0, adname='null'}{base=NaviBaseModel{protocolID=2000, callbackId=-220605127, protocolVersion='10', packageName='com.ecarx.xiaoka', mapVendor='-1', extraData=Bundle[{}], timeout=0}}; }
04-07 14:59:15.679   572   593 I VNS.MessageHandler: rxMsg: aa 84 33 07 16 04 07 0e 3b 0f 01 34
04-07 14:59:15.681  1182  1703 W CCS-2022-01-26: ManagerBase:sendHeartbeat()
04-07 14:59:15.684   839   839 I MQTT_BROKER: Received PUBLISH from dimsupportservice (d0, q1, r0, m62801, 'ihu/heartbeat/media', ... (43 bytes))
04-07 14:59:15.684   839   839 I MQTT_BROKER: Sending PUBACK to dimsupportservice (Mid: 62801)
04-07 14:59:15.685   839   839 I MQTT_BROKER: Sending PUBLISH to dimsub|270359-localhos (d0, q1, r0, m62771, 'ihu/heartbeat/media', ... (43 bytes))
04-07 14:59:15.686   839   839 I MQTT_BROKER: Received PUBACK from dimsub|270359-localhos (Mid: 62771)
04-07 14:59:15.749   572   593 I VNS.MessageHandler: rxMsg: aa 84 9d 04 02 1c b9 a4 b4 aa 84 53 03 01 00 00 7f
04-07 14:59:15.749   572   593 D VNS.MessageDefinitionManager: There is no parse information. msgId = 0x8453
04-07 14:59:15.768  1436  2951 I DPMJ    : |REQ:RCVR| DPM creating socket
04-07 14:59:15.794  1166  1756 W CCS-2022-01-26: ManagerBase:sendHeartbeat()
04-07 14:59:15.797   839   839 I MQTT_BROKER: Received PUBLISH from dimsupportservice (d0, q1, r0, m62802, 'ihu/heartbeat/navigation', ... (43 bytes))
04-07 14:59:15.797   839   839 I MQTT_BROKER: Sending PUBACK to dimsupportservice (Mid: 62802)
04-07 14:59:15.797   839   839 I MQTT_BROKER: Sending PUBLISH to dimsub|270359-localhos (d0, q1, r0, m62772, 'ihu/heartbeat/navigation', ... (43 bytes))
04-07 14:59:15.799   839   839 I MQTT_BROKER: Received PUBACK from dimsub|270359-localhos (Mid: 62772)
04-07 14:59:15.804   572   593 I VNS.MessageHandler: rxMsg: aa 83 21 09 00 00 00 22 2e 00 07 19 1b 08
04-07 14:59:15.826  2151  2669 W CCS-2022-01-26: ManagerBase:sendHeartbeat()
04-07 14:59:15.828   839   839 I MQTT_BROKER: Received PUBLISH from dimsupportservice (d0, q1, r0, m62803, 'ihu/heartbeat/navigation', ... (43 bytes))
04-07 14:59:15.828   839   839 I MQTT_BROKER: Sending PUBACK to dimsupportservice (Mid: 62803)
04-07 14:59:15.829   572   593 I VNS.MessageHandler: rxMsg: aa 84 9d 04 02 1c b9 a5 b5
04-07 14:59:15.829   839   839 I MQTT_BROKER: Sending PUBLISH to dimsub|270359-localhos (d0, q1, r0, m62773, 'ihu/heartbeat/navigation', ... (43 bytes))
04-07 14:59:15.830   839   839 I MQTT_BROKER: Received PUBACK from dimsub|270359-localhos (Mid: 62773)
04-07 14:59:15.840   572   593 I VNS.MessageHandler: rxMsg: aa 84 33 07 16 04 07 0e 3b 0f 01 34
04-07 14:59:15.841   852   852 W /system/bin/vbfupdate: ERROR connecting: 111:Connection refused
04-07 14:59:15.857  1457  1457 I CCS-2022-01-26: EthernetManagerHandler:isDataEnabled: true
04-07 14:59:15.908   572   593 I VNS.MessageHandler: rxMsg: aa 84 9d 04 02 1c b9 a6 b6
04-07 14:59:15.919   572   593 I VNS.MessageHandler: rxMsg: aa 84 33 07 16 04 07 0e 3b 0f 01 34
04-07 14:59:15.950   572   593 I VNS.MessageHandler: rxMsg: aa ee 03 13 00 00 00 00 00 00 00 00 00 00 ff 00 02 00 00 00 00 0a 0b a8
04-07 14:59:15.950   572   593 D VNS.MessageDefinitionManager: There is no parse information. msgId = 0xee03
04-07 14:59:15.951   659  1407 D u-blox  : CAndroidDatabase::getFixType: fixType is 0
04-07 14:59:15.953   659  1407 D u-blox  : CAndroidDatabase::getFixType: fixType is 0
04-07 14:59:15.956   659  1407 D u-blox  : CAndroidDatabase::getFixType: fixType is 0
04-07 14:59:15.956   659  1407 D u-blox  : CAndroidDatabase::getFixType: fixType is 0
04-07 14:59:15.999   572   593 I VNS.MessageHandler: rxMsg: aa 84 33 07 16 04 07 0e 3b 0f 01 34
04-07 14:59:16.025   572   593 I VNS.MessageHandler: rxMsg: aa ee 04 3e a0 01 00 00 01 00 00 11 00 01 00 01 00 00 00 2b 00 1a 04 02 01 00 01 fe 01 01 01 00 00 00 00 00 00 00 00 00 e0 00 00 00 00 00 00 00 00 00 00 00 00 00 00 00 00 00 00 00 00 00 00 00 00 00 e7
04-07 14:59:16.025   572   593 D VNS.MessageDefinitionManager: There is no parse information. msgId = 0xee04
04-07 14:59:16.029   572   593 I VNS.MessageHandler: rxMsg: aa 84 9d 04 02 1c b9 a7 b7
04-07 14:59:16.079   572   593 I VNS.MessageHandler: rxMsg: aa 84 33 07 16 04 07 0e 3b 0f 01 34
04-07 14:59:16.109   572   593 I VNS.MessageHandler: rxMsg: aa 84 9d 04 02 1c b9 a8 b8
04-07 14:59:16.229   572   593 I VNS.MessageHandler: rxMsg: aa 84 9d 04 02 1c b9 a9 b9
04-07 14:59:16.239   572   593 I VNS.MessageHandler: rxMsg: aa 84 33 07 16 04 07 0e 3b 0f 01 34
04-07 14:59:16.244   572   591 I VNS.MessageHandler: txMsg: aa 01 93 04 01 00 00 00 3d
04-07 14:59:16.303   572   591 I VNS.MessageHandler: txMsg: aa 01 37 07 a0 00 00 02 00 04 00 3d
04-07 14:59:16.303   572   593 I VNS.MessageHandler: rxMsg: aa 83 21 09 00 00 00 22 2e 00 04 14 1b 06
04-07 14:59:16.309   572   593 I VNS.MessageHandler: rxMsg: aa 84 9d 04 02 1c b9 aa ba
04-07 14:59:16.319   572   593 I VNS.MessageHandler: rxMsg: aa 84 33 07 16 04 07 0e 3b 0f 01 34
04-07 14:59:16.344   852   852 W /system/bin/vbfupdate: ERROR connecting: 111:Connection refused
04-07 14:59:16.399   572   593 I VNS.MessageHandler: rxMsg: aa 84 33 07 16 04 07 0e 3b 10 01 2b
04-07 14:59:16.404   676   736 I VHAL.TimeHandler: [PA]PROP_CLOCK_GET_DATE(1)mYr(2022)mMth(3)mDay(7)
04-07 14:59:16.405   676   736 I VHAL.TimeHandler: [PA]PROP_CLOCK_GET_TIME(1)mHr(14)mMins(59)mSec(16)
04-07 14:59:16.405   676   736 I VHAL.TimeHandler: [PROP_PA_CI_Timedicated] availability : 1
04-07 14:59:16.405   676   736 I VHAL.TimeHandler: [PA]PROP_PA_CI_Timedicated(1)mHr(14)mMins(59)mSec(16)
04-07 14:59:16.405   676   736 I VHAL.TimeHandler: [PA]mPA_CL_DateIndicated_Availability(1)mYr(2022)mMth(3)mDay(7)
04-07 14:59:16.405   676   736 I VHAL.TimeHandler: mTiAndDateVld(1)
04-07 14:59:16.405   676   736 I VHAL.TimeHandler: [onSignalChanged] mYr(2022)mMth(3)mDay(7)|y(2022)m(3)d(7)
04-07 14:59:16.405   676   736 I VHAL.TimeHandler: [onSignalChanged] mHr(14)mMins(59)mSec(16)|Hr(14)m(59)Sec(16)
04-07 14:59:16.429   572   593 I VNS.MessageHandler: rxMsg: aa 84 9d 04 02 1c b9 ab bb
04-07 14:59:16.450   572   593 I VNS.MessageHandler: rxMsg: aa ee 03 13 00 00 00 00 00 00 00 00 00 00 ff 00 02 00 00 00 00 0a 0b a8
04-07 14:59:16.450   572   593 D VNS.MessageDefinitionManager: There is no parse information. msgId = 0xee03
04-07 14:59:16.479   572   593 I VNS.MessageHandler: rxMsg: aa 84 33 07 16 04 07 0e 3b 10 01 2b
04-07 14:59:16.509   572   593 I VNS.MessageHandler: rxMsg: aa 84 9d 04 02 1c b9 ac bc
04-07 14:59:16.512   676  2141 I VHAL.PowerModeHandler: get::propId=0x21404302
04-07 14:59:16.513  1292  1292 I chatty  : uid=1000(system) com.android.car expire 72 lines
04-07 14:59:16.525   572   591 I VNS.MessageHandler: txMsg: aa 01 50 04 ef 2a 00 00 3a
04-07 14:59:16.629   572   593 I VNS.MessageHandler: rxMsg: aa 84 9d 04 02 1c b9 ad bd
04-07 14:59:16.634   572   591 I VNS.MessageHandler: txMsg: aa 01 51 03 d9 5e 00 7e
04-07 14:59:16.639   572   593 I VNS.MessageHandler: rxMsg: aa 84 33 07 16 04 07 0e 3b 10 01 2b
04-07 14:59:16.676   676  2141 I VHAL.PowerModeHandler: get::propId=0x21404302
04-07 14:59:16.687   572   591 I VNS.MessageHandler: txMsg: aa 01 50 04 ef 2a 00 00 3a
04-07 14:59:16.709   572   593 I VNS.MessageHandler: rxMsg: aa 84 53 03 00 81 00 ff
04-07 14:59:16.709   572   593 D VNS.MessageDefinitionManager: There is no parse information. msgId = 0x8453
04-07 14:59:16.719   572   593 I VNS.MessageHandler: rxMsg: aa 84 33 07 16 04 07 0e 3b 10 01 2b
04-07 14:59:16.749   572   593 I VNS.MessageHandler: rxMsg: aa 84 9d 04 02 1c b9 ae be
04-07 14:59:16.799   572   593 I VNS.MessageHandler: rxMsg: aa 84 33 07 16 04 07 0e 3b 10 01 2b
04-07 14:59:16.804   572   593 I VNS.MessageHandler: rxMsg: aa 83 21 09 00 00 00 22 2e 00 04 15 1a 06
04-07 14:59:16.829   572   593 I VNS.MessageHandler: rxMsg: aa 84 9d 04 02 1c b9 af bf
04-07 14:59:16.829   572   591 I VNS.MessageHandler: txMsg: aa 01 50 04 ef 2d 9e 00 a3
04-07 14:59:16.830   572   591 I VNS.MessageHandler: txMsg: aa 01 50 04 50 44 00 02 e9
04-07 14:59:16.830   572   591 I VNS.MessageHandler: txMsg: aa 01 50 04 d0 4f 00 02 62
04-07 14:59:16.830   572   591 I VNS.MessageHandler: txMsg: aa 01 50 04 ef 20 00 03 33
04-07 14:59:16.830   572   591 I VNS.MessageHandler: txMsg: aa 01 50 04 ef 28 00 00 38
04-07 14:59:16.831   572   591 I VNS.MessageHandler: txMsg: aa 01 50 04 ef 2c 00 00 3c
04-07 14:59:16.831   572   591 I VNS.MessageHandler: txMsg: aa 01 50 04 ef 29 00 00 39
04-07 14:59:16.831   572   591 I VNS.MessageHandler: txMsg: aa 01 50 04 ef 2b 00 00 3b
04-07 14:59:16.847   852   852 W /system/bin/vbfupdate: ERROR connecting: 111:Connection refused
04-07 14:59:16.879   572   593 I VNS.MessageHandler: rxMsg: aa 84 33 07 16 04 07 0e 3b 10 01 2b
04-07 14:59:16.909   572   593 I VNS.MessageHandler: rxMsg: aa 84 9d 04 02 1c b9 b0 a0
04-07 14:59:16.950   572   593 I VNS.MessageHandler: rxMsg: aa ee 03 13 00 00 00 00 00 00 00 00 00 00 ff 00 02 00 00 00 00 0a 0b a8
04-07 14:59:16.950   572   593 D VNS.MessageDefinitionManager: There is no parse information. msgId = 0xee03
04-07 14:59:16.951   659  1407 D u-blox  : CAndroidDatabase::getFixType: fixType is 0
04-07 14:59:16.954   659  1407 D u-blox  : CAndroidDatabase::getFixType: fixType is 0
04-07 14:59:16.956   659  1407 D u-blox  : CAndroidDatabase::getFixType: fixType is 0
04-07 14:59:16.956   659  1407 D u-blox  : CAndroidDatabase::getFixType: fixType is 0
