04-07 14:59:17.029   572   593 I VNS.MessageHandler: rxMsg: aa 84 9d 04 02 1c b9 b1 a1
04-07 14:59:17.039   572   593 I VNS.MessageHandler: rxMsg: aa 84 33 07 16 04 07 0e 3b 10 01 2b
04-07 14:59:17.109   572   593 I VNS.MessageHandler: rxMsg: aa 84 9d 04 02 1c b9 b2 a2
04-07 14:59:17.119   572   593 I VNS.MessageHandler: rxMsg: aa 84 33 07 16 04 07 0e 3b 10 01 2b
04-07 14:59:17.124  2151  2356 D GKAI:GUI:1.0.0: [MKTokenManager] token
04-07 14:59:17.124  2151  2356 D GKAI:GUI:1.0.0: [MKTokenManager] ecarxId is null
04-07 14:59:17.124  2151  2356 D GKAI:GUI:1.0.0: [MKTokenManager] token
04-07 14:59:17.124  2151  2356 D GKAI:GUI:1.0.0: [MKTokenManager] ecarxId is null
04-07 14:59:17.170  1166  1458 D GKAI:GUI:1.0.0: [MKTokenManager] token
04-07 14:59:17.170  1166  1458 D GKAI:GUI:1.0.0: [MKTokenManager] ecarxId is null
04-07 14:59:17.170  1166  1458 D GKAI:GUI:1.0.0: [MKTokenManager] token
04-07 14:59:17.170  1166  1458 D GKAI:GUI:1.0.0: [MKTokenManager] ecarxId is null
04-07 14:59:17.199   572   593 I VNS.MessageHandler: rxMsg: aa 84 33 07 16 04 07 0e 3b 10 01 2b
04-07 14:59:17.216   676  2141 I VHAL.PowerModeHandler: get::propId=0x21404302
04-07 14:59:17.225   572   591 I VNS.MessageHandler: txMsg: aa 01 50 04 ef 2a 00 00 3a
04-07 14:59:17.230   572   593 I VNS.MessageHandler: rxMsg: aa 84 9d 04 02 1c b9 b3 a3
04-07 14:59:17.279   572   593 I VNS.MessageHandler: rxMsg: aa 84 33 07 16 04 07 0e 3b 10 01 2b
04-07 14:59:17.303   572   591 I VNS.MessageHandler: txMsg: aa 01 37 07 a0 00 00 02 00 04 00 3d
04-07 14:59:17.303   572   593 I VNS.MessageHandler: rxMsg: aa 83 21 09 00 00 00 22 2e 00 08 16 1a 09
04-07 14:59:17.309   572   593 I VNS.MessageHandler: rxMsg: aa 84 9d 04 02 1c b9 b4 a4
04-07 14:59:17.314  2354  2420 W CCS-2022-01-26: ManagerBase:sendHeartbeat()
04-07 14:59:17.315  1525  1628 I chatty  : uid=1000(system) Binder:1525_3 expire 35 lines
04-07 14:59:17.317   839   839 I MQTT_BROKER: Received PUBLISH from dimsupportservice (d0, q1, r0, m62804, 'ihu/heartbeat/telephone', ... (43 bytes))
04-07 14:59:17.317   839   839 I MQTT_BROKER: Sending PUBACK to dimsupportservice (Mid: 62804)
04-07 14:59:17.317   839   839 I MQTT_BROKER: Sending PUBLISH to dimsub|270359-localhos (d0, q1, r0, m62774, 'ihu/heartbeat/telephone', ... (43 bytes))
04-07 14:59:17.319   839   839 I MQTT_BROKER: Received PUBACK from dimsub|270359-localhos (Mid: 62774)
04-07 14:59:17.351   852   852 W /system/bin/vbfupdate: ERROR connecting: 111:Connection refused
04-07 14:59:17.429   572   593 I VNS.MessageHandler: rxMsg: aa 84 9d 04 02 1c b9 b5 a5
04-07 14:59:17.439   572   593 I VNS.MessageHandler: rxMsg: aa 84 33 07 16 04 07 0e 3b 11 01 2a
04-07 14:59:17.445   676   736 I VHAL.TimeHandler: [PA]PROP_CLOCK_GET_DATE(1)mYr(2022)mMth(3)mDay(7)
04-07 14:59:17.445   676   736 I VHAL.TimeHandler: [PA]PROP_CLOCK_GET_TIME(1)mHr(14)mMins(59)mSec(17)
04-07 14:59:17.445   676   736 I VHAL.TimeHandler: [PROP_PA_CI_Timedicated] availability : 1
04-07 14:59:17.445   676   736 I VHAL.TimeHandler: [PA]PROP_PA_CI_Timedicated(1)mHr(14)mMins(59)mSec(17)
04-07 14:59:17.445   676   736 I VHAL.TimeHandler: [PA]mPA_CL_DateIndicated_Availability(1)mYr(2022)mMth(3)mDay(7)
04-07 14:59:17.445   676   736 I VHAL.TimeHandler: mTiAndDateVld(1)
04-07 14:59:17.445   676   736 I VHAL.TimeHandler: [onSignalChanged] mYr(2022)mMth(3)mDay(7)|y(2022)m(3)d(7)
04-07 14:59:17.445   676   736 I VHAL.TimeHandler: [onSignalChanged] mHr(14)mMins(59)mSec(17)|Hr(14)m(59)Sec(17)
04-07 14:59:17.450   572   593 I VNS.MessageHandler: rxMsg: aa ee 03 13 00 00 00 00 00 00 00 00 00 00 ff 00 02 00 00 00 00 0a 0b a8
04-07 14:59:17.450   572   593 D VNS.MessageDefinitionManager: There is no parse information. msgId = 0xee03
04-07 14:59:17.509   572   593 I VNS.MessageHandler: rxMsg: aa 84 9d 04 02 1c b9 b6 a6
04-07 14:59:17.519   572   593 I VNS.MessageHandler: rxMsg: aa 84 33 07 16 04 07 0e 3b 11 01 2a
04-07 14:59:17.588   572   591 I VNS.MessageHandler: txMsg: aa 01 51 03 d9 5e 00 7e
04-07 14:59:17.599   572   593 I VNS.MessageHandler: rxMsg: aa 84 33 07 16 04 07 0e 3b 11 01 2a
04-07 14:59:17.613   962  1016 D [TEM]IPCMD.Message: IpcmdBusTx[IHU] :[0] 0000 00 a9 09 04 00 00 00 1e a9 04 06 42 03 06 00 00 e0 80 00 00 00 c0 80 00 00 00 00 00 00 ff 00 00 00 00 00 20 00 00 
04-07 14:59:17.614   962  1016 D [TEM]IPCMD.Message: IpcmdBusTx[IHU] :[0] 0000 00 a9 09 04 00 00 00 1e a9 04 06 42 03 06 00 00 e0 80 00 00 00 c0 80 00 00 00 00 00 00 ff 00 00 00 00 00 20 00 00 
04-07 14:59:17.615   962  1016 D [TEM]IPCMD.Message: IpcmdBusTx[IHU] :[0] 0000 00 a9 09 03 00 00 00 20 a9 03 06 42 03 06 00 00 00 00 00 00 00 00 00 c0 06 32 07 70 00 00 00 00 00 00 00 8b 00 00 8b 00 
04-07 14:59:17.616   962  1016 D [TEM]IPCMD.Message: IpcmdBusTx[IHU] :[0] 0000 00 a9 09 02 00 00 00 38 a9 02 06 42 03 06 00 00 00 00 00 00 00 00 00 c0 06 32 07 70 c0 80 00 00 00 c0 80 00 00 00 03 e8 00 00 00 00 80 01 86 a0 00 00 d8 9f ff ff ff ff ff ff fe ff ff ff ff 00 
04-07 14:59:17.629   572   593 I VNS.MessageHandler: rxMsg: aa 84 9d 04 02 1c b9 b7 a7
04-07 14:59:17.661  1139  1303 W NAVSVC  : V202201271208-537:<openapi-navi> NaviService => invokeNaviAPI:NaviBaseModel{protocolID=2000, callbackId=-2032115612, protocolVersion='10', packageName='com.ecarx.xiaoka', mapVendor='-1', extraData=Bundle[EMPTY_PARCEL], timeout=0}
04-07 14:59:17.661  1139  1303 D NaviService: invokeNaviAPI: 2000-->com.ecarx.xiaoka, return RspLocation{locationInfo=LocationInfo{latLng=LatLng{latitude=57.70833, longitude=11.97359, coordType='gcj02'}, accuracy=0.0, altitude=0.0, speed=0.0, bearing=0.0, fixTime=0, lastGeoDecodeLatLng=null, country='Sweden', countryCode='1', province='Vstra Gtalands ln ', city='Gteborg', cityCode='', adcode='', address='Drottningtorget', formatedAddress='Drottningtorget, Gteborg, 411 03, Sverige', geoDecodeTime=0, adname='null'}{base=NaviBaseModel{protocolID=2000, callbackId=-2032115612, protocolVersion='10', packageName='com.ecarx.xiaoka', mapVendor='-1', extraData=Bundle[{}], timeout=0}}; }
04-07 14:59:17.669   883   953 D [TEM]IPCMD.Message: IpcmdBusRx[TEM] :[0] 0000 ff ff ff 01 00 00 00 0c ff 01 06 28 03 06 01 00 01 00 00 00 
04-07 14:59:17.679   572   593 I VNS.MessageHandler: rxMsg: aa 84 33 07 16 04 07 0e 3b 11 01 2a
04-07 14:59:17.749   572   593 I VNS.MessageHandler: rxMsg: aa 84 9d 04 02 1c b9 b8 a8
04-07 14:59:17.769   883  1041 D [TEM]IPCMD.Message: IpcmdBusTx[IHU] :[0] 0000 ff ff ff 01 00 00 00 0c ff 01 06 80 03 06 01 00 05 00 00 00 
04-07 14:59:17.794  1166  1756 W CCS-2022-01-26: ManagerBase:sendHeartbeat()
04-07 14:59:17.797   839   839 I MQTT_BROKER: Received PUBLISH from dimsupportservice (d0, q1, r0, m62805, 'ihu/heartbeat/navigation', ... (43 bytes))
04-07 14:59:17.797   839   839 I MQTT_BROKER: Sending PUBACK to dimsupportservice (Mid: 62805)
04-07 14:59:17.797   839   839 I MQTT_BROKER: Sending PUBLISH to dimsub|270359-localhos (d0, q1, r0, m62775, 'ihu/heartbeat/navigation', ... (43 bytes))
04-07 14:59:17.798   839   839 I MQTT_BROKER: Received PUBACK from dimsub|270359-localhos (Mid: 62775)
04-07 14:59:17.803   572   593 I VNS.MessageHandler: rxMsg: aa 83 21 09 00 00 00 22 2e 00 08 14 17 06
04-07 14:59:17.826  2151  2669 I chatty  : uid=1000(system) pool-2-thread-1 expire 5 lines
04-07 14:59:17.828   839   839 I MQTT_BROKER: Received PUBLISH from dimsupportservice (d0, q1, r0, m62806, 'ihu/heartbeat/navigation', ... (43 bytes))
04-07 14:59:17.828   839   839 I MQTT_BROKER: Sending PUBACK to dimsupportservice (Mid: 62806)
04-07 14:59:17.829   839   839 I MQTT_BROKER: Sending PUBLISH to dimsub|270359-localhos (d0, q1, r0, m62776, 'ihu/heartbeat/navigation', ... (43 bytes))
04-07 14:59:17.829   572   593 I VNS.MessageHandler: rxMsg: aa 84 9d 04 02 1c b9 b9 a9 aa 84 53 03 01 00 00 7f
04-07 14:59:17.829   572   593 D VNS.MessageDefinitionManager: There is no parse information. msgId = 0x8453
04-07 14:59:17.831   839   839 I MQTT_BROKER: Received PUBACK from dimsub|270359-localhos (Mid: 62776)
04-07 14:59:17.833  2450  2605 W CCS-2022-01-26: ManagerBase:sendHeartbeat()
04-07 14:59:17.837   839   839 I MQTT_BROKER: Received PUBLISH from dimsupportservice (d0, q1, r0, m62807, 'ihu/heartbeat/media', ... (43 bytes))
04-07 14:59:17.837   839   839 I MQTT_BROKER: Sending PUBACK to dimsupportservice (Mid: 62807)
04-07 14:59:17.838   839   839 I MQTT_BROKER: Sending PUBLISH to dimsub|270359-localhos (d0, q1, r0, m62777, 'ihu/heartbeat/media', ... (43 bytes))
04-07 14:59:17.839   572   593 I VNS.MessageHandler: rxMsg: aa 84 33 07 16 04 07 0e 3b 11 01 2a
04-07 14:59:17.839   839   839 I MQTT_BROKER: Received PUBACK from dimsub|270359-localhos (Mid: 62777)
04-07 14:59:17.850   676   733 I VHAL.ActiveCoolingHandler: [T1] Result : 0 / Temp : 50
04-07 14:59:17.854   852   852 W /system/bin/vbfupdate: ERROR connecting: 111:Connection refused
04-07 14:59:17.856   572   591 I VNS.MessageHandler: txMsg: aa 01 51 0f d9 56 5f 3a 0c 29 3a 64 00 00 00 00 00 00 00 64
04-07 14:59:17.856   572   591 I VNS.MessageHandler: txMsg: aa 01 51 06 d9 9d 2c 7c 04 35 d9
04-07 14:59:17.909   572   593 I VNS.MessageHandler: rxMsg: aa 84 9d 04 02 1c b9 ba aa
04-07 14:59:17.919   572   593 I VNS.MessageHandler: rxMsg: aa 84 33 07 16 04 07 0e 3b 11 01 2a
04-07 14:59:17.946   572   593 I VNS.MessageHandler: rxMsg: aa ee 01 78 30 00 02 01 00 00 00 00 02 00 00 00 00 00 01 02 00 00 01 03 00 00 00 01 f1 23 00 00 00 00 00 1c 2f 27 01 01 00 00 0f 00 85 00 00 03 3c 0f 3c 00 00 00 00 02 02 00 1e 3c 01 00 00 09 00 00 00 00 00 00 00 00 00 00 00 00 02 a0 00 00 02 00 04 00 01 00 00 99 02 00 00 01 01 03 03 01 01 03 03 00 04 01 01 01 01 08 00 00 00 01 00 00 00 00 00 00 00 00 00 00 87 03 00 0e df
04-07 14:59:17.946   572   593 D VNS.MessageDefinitionManager: There is no parse information. msgId = 0xee01
04-07 14:59:17.950   572   593 I VNS.MessageHandler: rxMsg: aa ee 03 13 00 00 00 00 00 00 00 00 00 00 ff 00 02 00 00 00 00 0a 0b a8
04-07 14:59:17.950   572   593 D VNS.MessageDefinitionManager: There is no parse information. msgId = 0xee03
04-07 14:59:17.952   659  1407 D u-blox  : CAndroidDatabase::getFixType: fixType is 0
04-07 14:59:17.956   659  1407 D u-blox  : CAndroidDatabase::getFixType: fixType is 0
04-07 14:59:17.956   994  1385 I chatty  : uid=1000(system) LocationWorkerT expire 22 lines
04-07 14:59:17.956   659  1407 D u-blox  : CAndroidDatabase::getFixType: fixType is 0
04-07 14:59:17.976   676  2141 I VHAL.PowerModeHandler: get::propId=0x21404302
04-07 14:59:17.988   572   591 I VNS.MessageHandler: txMsg: aa 01 50 04 ef 2a 00 00 3a
04-07 14:59:17.999   572   593 I VNS.MessageHandler: rxMsg: aa 84 33 07 16 04 07 0e 3b 11 01 2a
04-07 14:59:18.012   676  2141 I VHAL.PowerModeHandler: get::propId=0x21404302
04-07 14:59:18.021   572   591 I VNS.MessageHandler: txMsg: aa 01 50 04 ef 2a 00 00 3a
04-07 14:59:18.029   572   593 I VNS.MessageHandler: rxMsg: aa 84 9d 04 02 1c b9 bb ab
04-07 14:59:18.079   572   593 I VNS.MessageHandler: rxMsg: aa 84 33 07 16 04 07 0e 3b 11 01 2a
04-07 14:59:18.101   883   953 D [TEM]IPCMD.Message: IpcmdBusRx[VCM] :[0] 0000 ff ff ff 01 00 00 00 0c ff 01 06 47 03 06 01 00 03 00 00 00 
04-07 14:59:18.109   572   593 I VNS.MessageHandler: rxMsg: aa 84 9d 04 02 1c b9 bc ac
04-07 14:59:18.130   962   997 D [TEM]IPCMD.Message: IpcmdBusRx[TEM] :[0] 0000 00 a3 03 06 00 00 00 0a a3 06 05 6b 03 05 00 00 3c c0 
04-07 14:59:18.227  3118  3146 W CCS-2022-01-26: ManagerBase:sendHeartbeat()
04-07 14:59:18.229   572   593 I VNS.MessageHandler: rxMsg: aa 84 9d 04 02 1c b9 bd ad
04-07 14:59:18.231   839   839 I MQTT_BROKER: Received PUBLISH from dimsupportservice (d0, q1, r0, m62808, 'ihu/heartbeat/telephone', ... (43 bytes))
04-07 14:59:18.231   839   839 I MQTT_BROKER: Sending PUBACK to dimsupportservice (Mid: 62808)
04-07 14:59:18.231   839   839 I MQTT_BROKER: Sending PUBLISH to dimsub|270359-localhos (d0, q1, r0, m62778, 'ihu/heartbeat/telephone', ... (43 bytes))
04-07 14:59:18.233   839   839 I MQTT_BROKER: Received PUBACK from dimsub|270359-localhos (Mid: 62778)
04-07 14:59:18.239   572   593 I VNS.MessageHandler: rxMsg: aa 84 33 07 16 04 07 0e 3b 11 01 2a
04-07 14:59:18.245   572   591 I VNS.MessageHandler: txMsg: aa 01 93 04 01 00 00 00 3d
04-07 14:59:18.303   572   591 I VNS.MessageHandler: txMsg: aa 01 37 07 a0 00 00 02 00 04 00 3d
04-07 14:59:18.304   572   593 I VNS.MessageHandler: rxMsg: aa 83 21 09 00 00 00 22 2e 00 05 19 1a 0b
04-07 14:59:18.309   572   593 I VNS.MessageHandler: rxMsg: aa 84 9d 04 02 1c b9 be ae
04-07 14:59:18.319   572   593 I VNS.MessageHandler: rxMsg: aa 84 33 07 16 04 07 0e 3b 11 01 2a
04-07 14:59:18.357   852   852 W /system/bin/vbfupdate: ERROR connecting: 111:Connection refused
04-07 14:59:18.399   572   593 I VNS.MessageHandler: rxMsg: aa 84 33 07 16 04 07 0e 3b 12 01 29
04-07 14:59:18.405   676   736 I VHAL.TimeHandler: [PA]PROP_CLOCK_GET_DATE(1)mYr(2022)mMth(3)mDay(7)
04-07 14:59:18.405   676   736 I VHAL.TimeHandler: [PA]PROP_CLOCK_GET_TIME(1)mHr(14)mMins(59)mSec(18)
04-07 14:59:18.405   676   736 I VHAL.TimeHandler: [PROP_PA_CI_Timedicated] availability : 1
04-07 14:59:18.405   676   736 I VHAL.TimeHandler: [PA]PROP_PA_CI_Timedicated(1)mHr(14)mMins(59)mSec(18)
04-07 14:59:18.405   676   736 I VHAL.TimeHandler: [PA]mPA_CL_DateIndicated_Availability(1)mYr(2022)mMth(3)mDay(7)
04-07 14:59:18.405   676   736 I VHAL.TimeHandler: mTiAndDateVld(1)
04-07 14:59:18.405   676   736 I VHAL.TimeHandler: [onSignalChanged] mYr(2022)mMth(3)mDay(7)|y(2022)m(3)d(7)
04-07 14:59:18.405   676   736 I VHAL.TimeHandler: [onSignalChanged] mHr(14)mMins(59)mSec(18)|Hr(14)m(59)Sec(18)
04-07 14:59:18.429   572   593 I VNS.MessageHandler: rxMsg: aa 84 9d 04 02 1c b9 bf af
04-07 14:59:18.450   572   593 I VNS.MessageHandler: rxMsg: aa ee 03 13 00 00 00 00 00 00 00 00 00 00 ff 00 02 00 00 00 00 0a 0b a8
04-07 14:59:18.450   572   593 D VNS.MessageDefinitionManager: There is no parse information. msgId = 0xee03
04-07 14:59:18.466   962  1015 D [TEM]IPCMD.Message: IpcmdBusTx[IHU] :[0] 0000 00 a9 09 01 00 00 00 1e a9 01 06 ab 03 06 00 00 e0 80 00 00 00 c0 80 00 00 00 00 00 00 ff 00 00 00 00 00 20 00 00 
04-07 14:59:18.479   572   593 I VNS.MessageHandler: rxMsg: aa 84 33 07 16 04 07 0e 3b 12 01 29
04-07 14:59:18.509   572   593 I VNS.MessageHandler: rxMsg: aa 84 9d 04 02 1c b9 c0 d0
04-07 14:59:18.536   682   732 I chatty  : uid=1000(system) vendor.lge.hard expire 25 lines
04-07 14:59:18.542   572   591 I VNS.MessageHandler: txMsg: aa 01 51 03 d9 5e 00 7e
04-07 14:59:18.629   572   593 I VNS.MessageHandler: rxMsg: aa 84 9d 04 02 1c b9 c1 d1
04-07 14:59:18.639   572   593 I VNS.MessageHandler: rxMsg: aa 84 33 07 16 04 07 0e 3b 12 01 29
04-07 14:59:18.680  2471  2507 W NAVSVC  : V202201271208-537:<openapi-navi> NaviService => invokeNaviAPI:NaviBaseModel{protocolID=2000, callbackId=761696401, protocolVersion='10', packageName='com.ecarx.xiaoka', mapVendor='-1', extraData=Bundle[EMPTY_PARCEL], timeout=0}
04-07 14:59:18.680  2471  2507 D NaviService: invokeNaviAPI: 2000-->com.ecarx.xiaoka, return RspLocation{locationInfo=LocationInfo{latLng=LatLng{latitude=57.70833, longitude=11.97359, coordType='gcj02'}, accuracy=0.0, altitude=0.0, speed=0.0, bearing=0.0, fixTime=0, lastGeoDecodeLatLng=null, country='Sweden', countryCode='1', province='Vstra Gtalands ln ', city='Gteborg', cityCode='', adcode='', address='Drottningtorget', formatedAddress='Drottningtorget, Gteborg, 411 03, Sverige', geoDecodeTime=0, adname='null'}{base=NaviBaseModel{protocolID=2000, callbackId=761696401, protocolVersion='10', packageName='com.ecarx.xiaoka', mapVendor='-1', extraData=Bundle[{}], timeout=0}}; }
04-07 14:59:18.681  1182  1703 W CCS-2022-01-26: ManagerBase:sendHeartbeat()
04-07 14:59:18.684   839   839 I MQTT_BROKER: Received PUBLISH from dimsupportservice (d0, q1, r0, m62809, 'ihu/heartbeat/media', ... (43 bytes))
04-07 14:59:18.684   839   839 I MQTT_BROKER: Sending PUBACK to dimsupportservice (Mid: 62809)
04-07 14:59:18.684   839   839 I MQTT_BROKER: Sending PUBLISH to dimsub|270359-localhos (d0, q1, r0, m62779, 'ihu/heartbeat/media', ... (43 bytes))
04-07 14:59:18.686   839   839 I MQTT_BROKER: Received PUBACK from dimsub|270359-localhos (Mid: 62779)
04-07 14:59:18.719   572   593 I VNS.MessageHandler: rxMsg: aa 84 33 07 16 04 07 0e 3b 12 01 29
04-07 14:59:18.749   572   593 I VNS.MessageHandler: rxMsg: aa 84 9d 04 02 1c b9 c2 d2
04-07 14:59:18.789   676  2141 I VHAL.PowerModeHandler: get::propId=0x21404302
04-07 14:59:18.789   572   593 I VNS.MessageHandler: rxMsg: aa 84 53 03 00 81 00 ff
04-07 14:59:18.789   572   593 D VNS.MessageDefinitionManager: There is no parse information. msgId = 0x8453
04-07 14:59:18.799   572   593 I VNS.MessageHandler: rxMsg: aa 84 33 07 16 04 07 0e 3b 12 01 29
04-07 14:59:18.800   572   591 I VNS.MessageHandler: txMsg: aa 01 50 04 ef 2a 00 00 3a
04-07 14:59:18.804   572   593 I VNS.MessageHandler: rxMsg: aa 83 21 09 00 00 00 22 2e 00 03 15 18 03
04-07 14:59:18.829   572   593 I VNS.MessageHandler: rxMsg: aa 84 9d 04 02 1c b9 c3 d3
04-07 14:59:18.860   852   852 W /system/bin/vbfupdate: ERROR connecting: 111:Connection refused
04-07 14:59:18.879   572   593 I VNS.MessageHandler: rxMsg: aa 84 33 07 16 04 07 0e 3b 12 01 29
04-07 14:59:18.901   676  2141 I VHAL.PowerModeHandler: get::propId=0x21404302
04-07 14:59:18.909   572   593 I VNS.MessageHandler: rxMsg: aa 84 9d 04 02 1c b9 c4 d4
04-07 14:59:18.912   572   591 I VNS.MessageHandler: txMsg: aa 01 50 04 ef 2a 00 00 3a
04-07 14:59:18.923   572   593 I VNS.MessageHandler: rxMsg: aa ee 04 18 f0 00 00 00 01 00 00 00 00 00 00 00 00 00 00 00 00 31 01 01 00 00 01 01 98
04-07 14:59:18.923   572   593 D VNS.MessageDefinitionManager: There is no parse information. msgId = 0xee04
04-07 14:59:18.936   676  2141 I VHAL.PowerModeHandler: get::propId=0x21404302
04-07 14:59:18.947   572   591 I VNS.MessageHandler: txMsg: aa 01 50 04 ef 2a 00 00 3a
04-07 14:59:18.951   659  1407 V u-blox  : : notifyDatabaseAboutNavPvt: UBX NAV PVT iTow=103944000
04-07 14:59:18.951   659  1407 D u-blox  : CAndroidDatabase::getFixType: fixType is 0
04-07 14:59:18.951   659  1407 D u-blox  : CAndroidDatabase::getFixType: fixType is 0
04-07 14:59:18.954   572   593 I VNS.MessageHandler: rxMsg: aa 83 03 14 11 01 11 00 02 11 36 16 01 14 02 22 01 20 05 15 29 00 0f 01 2f aa ee 09 14 ff 02 02 00 00 00 00 00 01 a1 00 00 00 01 01 01 00 04 01 00 02 aa ee 03 13 00 00 00 00 00 00 00 00 00 00 ff 00 02 00 00 00 00 0a 0b a8 aa ee 03 2e ff 01 00 02 02 00 01 00 03 04 05 06 00 00 00 00 32 04 01 01 00 6b 00 01 01 14 00 01 02 01 00 6b 82 00 08 00 00 00 00 7f 00 00 00 00 00 00 47
04-07 14:59:18.954   572   593 D VNS.MessageDefinitionManager: There is no parse information. msgId = 0xee09
04-07 14:59:18.954   572   593 D VNS.MessageDefinitionManager: There is no parse information. msgId = 0xee03
04-07 14:59:18.954   572   593 D VNS.MessageDefinitionManager: There is no parse information. msgId = 0xee03
04-07 14:59:18.955   659  1407 D u-blox  : CAndroidDatabase::getFixType: fixType is 0
04-07 14:59:18.955   659  1407 D u-blox  : CAndroidDatabase::getFixType: fixType is 0
04-07 14:59:18.957   659  1407 D u-blox  : CAndroidDatabase::getFixType: fixType is 0
04-07 14:59:18.957   659  1407 D u-blox  : CAndroidDatabase::getFixType: fixType is 0
04-07 14:59:18.957   659  1407 V u-blox  : CProtocolUBX::ProcessEsfStatus: GYRO Z Cal.: 0, WT Cal.: 0, ACCEL X Cal.:0
04-07 14:59:18.962   676   736 D VHAL.DiagHandler: VP verInt : 54
04-07 14:59:18.962   676   736 D VHAL.DiagHandler: VP Version : VP_DCY11_IHU_EU_DCY11_IP754_220120_02
04-07 14:59:18.962   676   736 I VHAL.DiagHandler: setPropValue: propId[0x21105309], value[VP_DCY11_IHU_EU_DCY11_IP754_220120_02]
04-07 14:59:18.962   676   736 I VHAL.DiagHandler: askDIDInformation
04-07 14:59:18.963   676   736 I VHAL.DiagHandler: askDIDInformation
04-07 14:59:18.968   572   591 I VNS.MessageHandler: txMsg: aa 02 51 03 f1 aa 00 a1
04-07 14:59:18.968   572   591 I VNS.MessageHandler: txMsg: aa 02 51 03 f1 ab 00 a0
04-07 14:59:18.990   572   593 I VNS.MessageHandler: rxMsg: aa 82 51 0b f1 aa 00 88 91 60 29 30 20 20 41 08
04-07 14:59:18.996   676   736 I VHAL.DiagHandler: [onGetAsyncReceived] signalId: 0x0251
04-07 14:59:18.996   676   736 I VHAL.DiagHandler: [onGetAsyncReceived] SIGNAL_AskDIDInformation HWSD_message data[88 91 60 29 30 A]
04-07 14:59:18.996   676   736 I VHAL.DiagHandler: setPropValue: propId[0x21105317], value[8891602930A]
04-07 14:59:18.999   572   593 I VNS.MessageHandler: rxMsg: aa 82 51 0b f1 ab 00 88 91 60 30 30 20 20 41 10
04-07 14:59:19.006   676   736 I VHAL.DiagHandler: [onGetAsyncReceived] signalId: 0x0251
04-07 14:59:19.006   676   736 I VHAL.DiagHandler: [onGetAsyncReceived] SIGNAL_AskDIDInformation DU_Message data[88 91 60 30 30 A]
04-07 14:59:19.006   676   736 I VHAL.DiagHandler: setPropValue: propId[0x21105318], value[8891603030A]
04-07 14:59:19.017   676  2141 I VHAL.PowerModeHandler: get::propId=0x21404302
04-07 14:59:19.028   572   591 I VNS.MessageHandler: txMsg: aa 01 50 04 ef 2a 00 00 3a
04-07 14:59:19.029   572   593 I VNS.MessageHandler: rxMsg: aa 84 9d 04 02 1c b9 c5 d5
04-07 14:59:19.040   572   593 I VNS.MessageHandler: rxMsg: aa 84 33 07 16 04 07 0e 3b 12 01 29
04-07 14:59:19.109   572   593 I VNS.MessageHandler: rxMsg: aa 84 9d 04 02 1c b9 c6 d6
04-07 14:59:19.119   572   593 I VNS.MessageHandler: rxMsg: aa 84 33 07 16 04 07 0e 3b 12 01 29
04-07 14:59:19.199   572   593 I VNS.MessageHandler: rxMsg: aa 84 33 07 16 04 07 0e 3b 12 01 29
04-07 14:59:19.229   572   593 I VNS.MessageHandler: rxMsg: aa 84 9d 04 02 1c b9 c7 d7
04-07 14:59:19.254   676  2141 I VHAL.PowerModeHandler: get::propId=0x21404302
04-07 14:59:19.266   572   591 I VNS.MessageHandler: txMsg: aa 01 50 04 ef 2a 00 00 3a
04-07 14:59:19.279   572   593 I VNS.MessageHandler: rxMsg: aa 84 33 07 16 04 07 0e 3b 12 01 29
04-07 14:59:19.303   572   591 I VNS.MessageHandler: txMsg: aa 01 37 07 a0 00 00 02 00 04 00 3d
04-07 14:59:19.304   572   593 I VNS.MessageHandler: rxMsg: aa 83 21 09 00 00 00 22 2e 00 04 0f 1b 1d
04-07 14:59:19.309   572   593 I VNS.MessageHandler: rxMsg: aa 84 9d 04 02 1c b9 c8 d8
04-07 14:59:19.366   852   852 W /system/bin/vbfupdate: ERROR connecting: 111:Connection refused
04-07 14:59:19.432   572   593 I VNS.MessageHandler: rxMsg: aa 84 9d 04 02 1c b9 c9 d9
04-07 14:59:19.439   572   593 I VNS.MessageHandler: rxMsg: aa 84 33 07 16 04 07 0e 3b 13 01 28
04-07 14:59:19.445   676   736 I VHAL.TimeHandler: [PA]PROP_CLOCK_GET_DATE(1)mYr(2022)mMth(3)mDay(7)
04-07 14:59:19.445   676   736 I VHAL.TimeHandler: [PA]PROP_CLOCK_GET_TIME(1)mHr(14)mMins(59)mSec(19)
04-07 14:59:19.445   676   736 I VHAL.TimeHandler: [PROP_PA_CI_Timedicated] availability : 1
04-07 14:59:19.445   676   736 I VHAL.TimeHandler: [PA]PROP_PA_CI_Timedicated(1)mHr(14)mMins(59)mSec(19)
04-07 14:59:19.445   676   736 I VHAL.TimeHandler: [PA]mPA_CL_DateIndicated_Availability(1)mYr(2022)mMth(3)mDay(7)
04-07 14:59:19.446   676   736 I VHAL.TimeHandler: mTiAndDateVld(1)
04-07 14:59:19.446   676   736 I VHAL.TimeHandler: [onSignalChanged] mYr(2022)mMth(3)mDay(7)|y(2022)m(3)d(7)
04-07 14:59:19.446   676   736 I VHAL.TimeHandler: [onSignalChanged] mHr(14)mMins(59)mSec(19)|Hr(14)m(59)Sec(19)
04-07 14:59:19.450   572   593 I VNS.MessageHandler: rxMsg: aa ee 03 13 00 00 00 00 00 00 00 00 00 00 ff 00 02 00 00 00 00 0a 0b a8
04-07 14:59:19.450   572   593 D VNS.MessageDefinitionManager: There is no parse information. msgId = 0xee03
04-07 14:59:19.496   572   591 I VNS.MessageHandler: txMsg: aa 01 51 03 d9 5e 00 7e
04-07 14:59:19.509   572   593 I VNS.MessageHandler: rxMsg: aa 84 9d 04 02 1c b9 ca da
04-07 14:59:19.519   572   593 I VNS.MessageHandler: rxMsg: aa 84 33 07 16 04 07 0e 3b 13 01 28
04-07 14:59:19.599   572   593 I VNS.MessageHandler: rxMsg: aa 84 33 07 16 04 07 0e 3b 13 01 28
04-07 14:59:19.613   676  2141 I VHAL.PowerModeHandler: get::propId=0x21404302
04-07 14:59:19.623   572   591 I VNS.MessageHandler: txMsg: aa 01 50 04 ef 2a 00 00 3a
04-07 14:59:19.630   572   593 I VNS.MessageHandler: rxMsg: aa 84 9d 04 02 1c b9 cb db
04-07 14:59:19.679   572   593 I VNS.MessageHandler: rxMsg: aa 84 33 07 16 04 07 0e 3b 13 01 28
04-07 14:59:19.684   676  2141 I VHAL.PowerModeHandler: get::propId=0x21404302
04-07 14:59:19.694   572   591 I VNS.MessageHandler: txMsg: aa 01 50 04 ef 2a 00 00 3a
04-07 14:59:19.749   572   593 I VNS.MessageHandler: rxMsg: aa 84 9d 04 02 1c b9 cc dc aa 84 53 03 01 00 00 7f
04-07 14:59:19.750   572   593 D VNS.MessageDefinitionManager: There is no parse information. msgId = 0x8453
04-07 14:59:19.769  1436  2951 I DPMJ    : |REQ:RCVR| DPM creating socket
04-07 14:59:19.794  1166  1756 W CCS-2022-01-26: ManagerBase:sendHeartbeat()
04-07 14:59:19.796   839   839 I MQTT_BROKER: Received PUBLISH from dimsupportservice (d0, q1, r0, m62810, 'ihu/heartbeat/navigation', ... (43 bytes))
04-07 14:59:19.796   839   839 I MQTT_BROKER: Sending PUBACK to dimsupportservice (Mid: 62810)
04-07 14:59:19.796   839   839 I MQTT_BROKER: Sending PUBLISH to dimsub|270359-localhos (d0, q1, r0, m62780, 'ihu/heartbeat/navigation', ... (43 bytes))
04-07 14:59:19.798   839   839 I MQTT_BROKER: Received PUBACK from dimsub|270359-localhos (Mid: 62780)
04-07 14:59:19.804   572   593 I VNS.MessageHandler: rxMsg: aa 83 21 09 00 00 00 22 2e 00 04 15 19 05
04-07 14:59:19.828   839   839 I MQTT_BROKER: Received PUBLISH from dimsupportservice (d0, q1, r0, m62811, 'ihu/heartbeat/navigation', ... (43 bytes))
04-07 14:59:19.828   839   839 I MQTT_BROKER: Sending PUBACK to dimsupportservice (Mid: 62811)
04-07 14:59:19.829   839   839 I MQTT_BROKER: Sending PUBLISH to dimsub|270359-localhos (d0, q1, r0, m62781, 'ihu/heartbeat/navigation', ... (43 bytes))
04-07 14:59:19.830   572   593 I VNS.MessageHandler: rxMsg: aa 84 9d 04 02 1c b9 cd dd
04-07 14:59:19.830   839   839 I MQTT_BROKER: Received PUBACK from dimsub|270359-localhos (Mid: 62781)
04-07 14:59:19.832   572   591 I VNS.MessageHandler: txMsg: aa 01 50 04 ef 2d 9e 00 a3
04-07 14:59:19.832   572   591 I VNS.MessageHandler: txMsg: aa 01 50 04 50 44 00 02 e9
04-07 14:59:19.833   572   591 I VNS.MessageHandler: txMsg: aa 01 50 04 d0 4f 00 02 62
04-07 14:59:19.833   572   591 I VNS.MessageHandler: txMsg: aa 01 50 04 ef 20 00 03 33
04-07 14:59:19.834   572   591 I VNS.MessageHandler: txMsg: aa 01 50 04 ef 28 00 00 38
04-07 14:59:19.834   572   591 I VNS.MessageHandler: txMsg: aa 01 50 04 ef 2c 00 00 3c
04-07 14:59:19.834   572   591 I VNS.MessageHandler: txMsg: aa 01 50 04 ef 29 00 00 39
04-07 14:59:19.834   572   591 I VNS.MessageHandler: txMsg: aa 01 50 04 ef 2b 00 00 3b
04-07 14:59:19.839   572   593 I VNS.MessageHandler: rxMsg: aa 84 33 07 16 04 07 0e 3b 13 01 28
04-07 14:59:19.869   852   852 W /system/bin/vbfupdate: ERROR connecting: 111:Connection refused
04-07 14:59:19.909   572   593 I VNS.MessageHandler: rxMsg: aa 84 9d 04 02 1c b9 ce de
04-07 14:59:19.919   572   593 I VNS.MessageHandler: rxMsg: aa 84 33 07 16 04 07 0e 3b 13 01 28
04-07 14:59:19.950   572   593 I VNS.MessageHandler: rxMsg: aa ee 03 13 00 00 00 00 00 00 00 00 00 00 ff 00 02 00 00 00 00 0a 0b a8
04-07 14:59:19.950   572   593 D VNS.MessageDefinitionManager: There is no parse information. msgId = 0xee03
04-07 14:59:19.951   659  1407 D u-blox  : CAndroidDatabase::getFixType: fixType is 0
04-07 14:59:19.957   659  1407 D u-blox  : CAndroidDatabase::getFixType: fixType is 0
04-07 14:59:19.957   659  1407 D u-blox  : CAndroidDatabase::getFixType: fixType is 0
04-07 14:59:19.999   572   593 I VNS.MessageHandler: rxMsg: aa 84 33 07 16 04 07 0e 3b 13 01 28
04-07 14:59:20.029   572   593 I VNS.MessageHandler: rxMsg: aa 84 9d 04 02 1c b9 cf df
04-07 14:59:20.079   572   593 I VNS.MessageHandler: rxMsg: aa 84 33 07 16 04 07 0e 3b 13 01 28
04-07 14:59:20.109   572   593 I VNS.MessageHandler: rxMsg: aa 84 9d 04 02 1c b9 d0 c0
04-07 14:59:20.125  2151  2356 I chatty  : uid=1000(system) MKTokenManager expire 12 lines
04-07 14:59:20.171  1166  1458 D GKAI:GUI:1.0.0: [MKTokenManager] token
04-07 14:59:20.171  1166  1458 D GKAI:GUI:1.0.0: [MKTokenManager] ecarxId is null
04-07 14:59:20.171  1166  1458 D GKAI:GUI:1.0.0: [MKTokenManager] token
04-07 14:59:20.171  1166  1458 D GKAI:GUI:1.0.0: [MKTokenManager] ecarxId is null
04-07 14:59:20.229   572   593 I VNS.MessageHandler: rxMsg: aa 84 9d 04 02 1c b9 d1 c1
04-07 14:59:20.239   572   593 I VNS.MessageHandler: rxMsg: aa 84 33 07 16 04 07 0e 3b 13 01 28
04-07 14:59:20.245   572   591 I VNS.MessageHandler: txMsg: aa 01 93 04 01 00 00 00 3d
04-07 14:59:20.304   572   591 I VNS.MessageHandler: txMsg: aa 01 37 07 a0 00 00 02 00 04 00 3d
04-07 14:59:20.304   572   593 I VNS.MessageHandler: rxMsg: aa 83 21 09 00 00 00 22 2e 00 06 12 22 3b
04-07 14:59:20.309   572   593 I VNS.MessageHandler: rxMsg: aa 84 9d 04 02 1c b9 d2 c2
04-07 14:59:20.314  2354  2420 W CCS-2022-01-26: ManagerBase:sendHeartbeat()
04-07 14:59:20.316   839   839 I MQTT_BROKER: Received PUBLISH from dimsupportservice (d0, q1, r0, m62812, 'ihu/heartbeat/telephone', ... (43 bytes))
04-07 14:59:20.317   839   839 I MQTT_BROKER: Sending PUBACK to dimsupportservice (Mid: 62812)
04-07 14:59:20.319   572   593 I VNS.MessageHandler: rxMsg: aa 84 33 07 16 04 07 0e 3b 13 01 28
04-07 14:59:20.320   839   839 I MQTT_BROKER: Sending PUBLISH to dimsub|270359-localhos (d0, q1, r0, m62782, 'ihu/heartbeat/telephone', ... (43 bytes))
04-07 14:59:20.325   839   839 I MQTT_BROKER: Received PUBACK from dimsub|270359-localhos (Mid: 62782)
04-07 14:59:20.374   852   852 W /system/bin/vbfupdate: ERROR connecting: 111:Connection refused
04-07 14:59:20.399   572   593 I VNS.MessageHandler: rxMsg: aa 84 33 07 16 04 07 0e 3b 14 01 2f
04-07 14:59:20.407   676   736 I VHAL.TimeHandler: [PA]PROP_CLOCK_GET_DATE(1)mYr(2022)mMth(3)mDay(7)
04-07 14:59:20.408   676   736 I VHAL.TimeHandler: [PA]PROP_CLOCK_GET_TIME(1)mHr(14)mMins(59)mSec(20)
04-07 14:59:20.408   676   736 I VHAL.TimeHandler: [PROP_PA_CI_Timedicated] availability : 1
04-07 14:59:20.408   676   736 I VHAL.TimeHandler: [PA]PROP_PA_CI_Timedicated(1)mHr(14)mMins(59)mSec(20)
04-07 14:59:20.408   676   736 I VHAL.TimeHandler: [PA]mPA_CL_DateIndicated_Availability(1)mYr(2022)mMth(3)mDay(7)
04-07 14:59:20.408   676   736 I VHAL.TimeHandler: mTiAndDateVld(1)
04-07 14:59:20.408   676   736 I VHAL.TimeHandler: [onSignalChanged] mYr(2022)mMth(3)mDay(7)|y(2022)m(3)d(7)
04-07 14:59:20.408   676   736 I VHAL.TimeHandler: [onSignalChanged] mHr(14)mMins(59)mSec(20)|Hr(14)m(59)Sec(20)
04-07 14:59:20.423  1241  1262 I chatty  : uid=1000(system) LGE-VEHICLE-EVE expire 82 lines
04-07 14:59:20.430   572   593 I VNS.MessageHandler: rxMsg: aa 84 9d 04 02 1c b9 d3 c3
04-07 14:59:20.450   572   593 I VNS.MessageHandler: rxMsg: aa ee 03 13 00 00 00 00 00 00 00 00 00 00 ff 00 02 00 00 00 00 0a 0b a8
04-07 14:59:20.450   572   593 D VNS.MessageDefinitionManager: There is no parse information. msgId = 0xee03
04-07 14:59:20.474   572   591 I VNS.MessageHandler: txMsg: aa 01 51 03 d9 5e 00 7e
04-07 14:59:20.479   572   593 I VNS.MessageHandler: rxMsg: aa 84 33 07 16 04 07 0e 3b 14 01 2f
04-07 14:59:20.509   572   593 I VNS.MessageHandler: rxMsg: aa 84 9d 04 02 1c b9 d4 c4
04-07 14:59:20.629   572   593 I VNS.MessageHandler: rxMsg: aa 84 9d 04 02 1c b9 d5 c5
04-07 14:59:20.640   572   593 I VNS.MessageHandler: rxMsg: aa 84 33 07 16 04 07 0e 3b 14 01 2f
04-07 14:59:20.667  1139  1303 W NAVSVC  : V202201271208-537:<openapi-navi> NaviService => invokeNaviAPI:NaviBaseModel{protocolID=2000, callbackId=-632086659, protocolVersion='10', packageName='com.ecarx.xiaoka', mapVendor='-1', extraData=Bundle[EMPTY_PARCEL], timeout=0}
04-07 14:59:20.667  1139  1303 D NaviService: invokeNaviAPI: 2000-->com.ecarx.xiaoka, return RspLocation{locationInfo=LocationInfo{latLng=LatLng{latitude=57.70833, longitude=11.97359, coordType='gcj02'}, accuracy=0.0, altitude=0.0, speed=0.0, bearing=0.0, fixTime=0, lastGeoDecodeLatLng=null, country='Sweden', countryCode='1', province='Vstra Gtalands ln ', city='Gteborg', cityCode='', adcode='', address='Drottningtorget', formatedAddress='Drottningtorget, Gteborg, 411 03, Sverige', geoDecodeTime=0, adname='null'}{base=NaviBaseModel{protocolID=2000, callbackId=-632086659, protocolVersion='10', packageName='com.ecarx.xiaoka', mapVendor='-1', extraData=Bundle[{}], timeout=0}}; }
04-07 14:59:20.709   572   593 I VNS.MessageHandler: rxMsg: aa 84 9d 04 02 1c b9 d6 c6
04-07 14:59:20.719   572   593 I VNS.MessageHandler: rxMsg: aa 84 33 07 16 04 07 0e 3b 14 01 2f
04-07 14:59:20.799   572   593 I VNS.MessageHandler: rxMsg: aa 84 33 07 16 04 07 0e 3b 14 01 2f
04-07 14:59:20.804   572   593 I VNS.MessageHandler: rxMsg: aa 83 21 09 00 00 00 22 2e 00 04 10 15 0c
04-07 14:59:20.830   572   593 I VNS.MessageHandler: rxMsg: aa 84 9d 04 02 1c b9 d7 c7
04-07 14:59:20.833  2450  2605 W CCS-2022-01-26: ManagerBase:sendHeartbeat()
04-07 14:59:20.836   839   839 I MQTT_BROKER: Received PUBLISH from dimsupportservice (d0, q1, r0, m62813, 'ihu/heartbeat/media', ... (43 bytes))
04-07 14:59:20.836   839   839 I MQTT_BROKER: Sending PUBACK to dimsupportservice (Mid: 62813)
04-07 14:59:20.836   839   839 I MQTT_BROKER: Sending PUBLISH to dimsub|270359-localhos (d0, q1, r0, m62783, 'ihu/heartbeat/media', ... (43 bytes))
04-07 14:59:20.837   839   839 I MQTT_BROKER: Received PUBACK from dimsub|270359-localhos (Mid: 62783)
04-07 14:59:20.851   676   733 I VHAL.ActiveCoolingHandler: [T1] Result : 0 / Temp : 50
04-07 14:59:20.856   572   591 I VNS.MessageHandler: txMsg: aa 01 51 0f d9 56 5f 3a 0c 29 3a 64 00 00 00 00 00 00 00 64
04-07 14:59:20.857   572   591 I VNS.MessageHandler: txMsg: aa 01 51 06 d9 9d 2c 7c 04 35 d9
04-07 14:59:20.863  1457  1457 I CCS-2022-01-26: EthernetManagerHandler:isDataEnabled: true
04-07 14:59:20.870   572   593 I VNS.MessageHandler: rxMsg: aa 84 53 03 00 81 00 ff
04-07 14:59:20.870   572   593 D VNS.MessageDefinitionManager: There is no parse information. msgId = 0x8453
04-07 14:59:20.877   852   852 W /system/bin/vbfupdate: ERROR connecting: 111:Connection refused
04-07 14:59:20.879   572   593 I VNS.MessageHandler: rxMsg: aa 84 33 07 16 04 07 0e 3b 14 01 2f
04-07 14:59:20.909   572   593 I VNS.MessageHandler: rxMsg: aa 84 9d 04 02 1c b9 d8 c8
04-07 14:59:20.947   572   593 I VNS.MessageHandler: rxMsg: aa ee 01 78 30 00 02 01 00 00 00 00 02 00 00 00 00 00 01 02 00 00 01 03 00 00 00 01 f1 23 00 00 00 00 00 1c 2f 2a 01 01 00 00 0f 00 86 00 00 03 3c 0f 3c 00 00 00 00 02 03 00 1e 3c 01 00 00 09 00 00 00 00 00 00 00 00 00 00 00 00 02 a0 00 00 02 00 04 00 01 00 00 99 02 00 00 01 01 03 03 01 01 03 03 00 04 01 01 01 01 08 00 00 00 01 00 00 00 00 00 00 00 00 00 00 87 04 00 0e d7
04-07 14:59:20.947   572   593 D VNS.MessageDefinitionManager: There is no parse information. msgId = 0xee01
04-07 14:59:20.950   572   593 I VNS.MessageHandler: rxMsg: aa ee 03 13 00 00 00 00 00 00 00 00 00 00 ff 00 02 00 00 00 00 0a 0b a8
04-07 14:59:20.951   572   593 D VNS.MessageDefinitionManager: There is no parse information. msgId = 0xee03
04-07 14:59:20.952   659  1407 D u-blox  : CAndroidDatabase::getFixType: fixType is 0
04-07 14:59:20.955   659  1407 D u-blox  : CAndroidDatabase::getFixType: fixType is 0
04-07 14:59:20.959   659  1407 D u-blox  : CAndroidDatabase::getFixType: fixType is 0
04-07 14:59:20.959   659  1407 D u-blox  : CAndroidDatabase::getFixType: fixType is 0
04-07 14:59:21.026   572   593 I VNS.MessageHandler: rxMsg: aa ee 04 3e a0 01 00 00 01 00 00 11 00 01 00 01 00 00 00 2b 00 1a 04 02 01 00 01 fe 01 01 01 00 00 00 00 00 00 00 00 00 e0 00 00 00 00 00 00 00 00 00 00 00 00 00 00 00 00 00 00 00 00 00 00 00 00 00 e7
04-07 14:59:21.026   572   593 D VNS.MessageDefinitionManager: There is no parse information. msgId = 0xee04
04-07 14:59:21.029   572   593 I VNS.MessageHandler: rxMsg: aa 84 9d 04 02 1c b9 d9 c9
04-07 14:59:21.039   572   593 I VNS.MessageHandler: rxMsg: aa 84 33 07 16 04 07 0e 3b 14 01 2f
04-07 14:59:21.109   572   593 I VNS.MessageHandler: rxMsg: aa 84 9d 04 02 1c b9 da ca
04-07 14:59:21.119   572   593 I VNS.MessageHandler: rxMsg: aa 84 33 07 16 04 07 0e 3b 14 01 2f
04-07 14:59:21.130   962   997 I [TEM]temil: [temil:21w09d2:v2.2.1] SIMConnectionStatusInterface::onNotificationReceived() status : 1 technology : 30 dataConnectionStatus : 1 sstrength : 4
04-07 14:59:21.131   962   997 D [TEM]temil: [temil:21w09d2:v2.2.1] SIMConnectionStatusInterface::notifyNotificationReceived() success - count = 1 : status = 1 technology = 30 dataConnectionStatus = 1 sstrength = 4
04-07 14:59:21.200   572   593 I VNS.MessageHandler: rxMsg: aa 84 33 07 16 04 07 0e 3b 14 01 2f
04-07 14:59:21.228  3118  3146 W CCS-2022-01-26: ManagerBase:sendHeartbeat()
04-07 14:59:21.230   572   593 I VNS.MessageHandler: rxMsg: aa 84 9d 04 02 1c b9 db cb
04-07 14:59:21.231   839   839 I MQTT_BROKER: Received PUBLISH from dimsupportservice (d0, q1, r0, m62814, 'ihu/heartbeat/telephone', ... (43 bytes))
04-07 14:59:21.232   839   839 I MQTT_BROKER: Sending PUBACK to dimsupportservice (Mid: 62814)
04-07 14:59:21.232   839   839 I MQTT_BROKER: Sending PUBLISH to dimsub|270359-localhos (d0, q1, r0, m62784, 'ihu/heartbeat/telephone', ... (43 bytes))
04-07 14:59:21.234   839   839 I MQTT_BROKER: Received PUBACK from dimsub|270359-localhos (Mid: 62784)
04-07 14:59:21.280   572   593 I VNS.MessageHandler: rxMsg: aa 84 33 07 16 04 07 0e 3b 14 01 2f
04-07 14:59:21.304   572   591 I VNS.MessageHandler: txMsg: aa 01 37 07 a0 00 00 02 00 04 00 3d
04-07 14:59:21.306   572   593 I VNS.MessageHandler: rxMsg: aa 83 21 09 00 00 00 22 2e 00 04 14 21 3c
04-07 14:59:21.310   572   593 I VNS.MessageHandler: rxMsg: aa 84 9d 04 02 1c b9 dc cc
04-07 14:59:21.380   852   852 W /system/bin/vbfupdate: ERROR connecting: 111:Connection refused
04-07 14:59:21.425  2805  2805 D EnNavCore2 >: MapDrawHandler [handleMessage : 130] >> Navigation Alive Log [103944575] doBackgroundWork procced : false, isPausedFromLogout : true
04-07 14:59:21.426   572   591 I VNS.MessageHandler: txMsg: aa 01 51 03 d9 5e 00 7e
04-07 14:59:21.429   572   593 I VNS.MessageHandler: rxMsg: aa 84 9d 04 02 1c b9 dd cd
04-07 14:59:21.440   572   593 I VNS.MessageHandler: rxMsg: aa 84 33 07 16 04 07 0e 3b 15 01 2e
04-07 14:59:21.445   676   736 I VHAL.TimeHandler: [PA]PROP_CLOCK_GET_DATE(1)mYr(2022)mMth(3)mDay(7)
04-07 14:59:21.446   676   736 I VHAL.TimeHandler: [PA]PROP_CLOCK_GET_TIME(1)mHr(14)mMins(59)mSec(21)
04-07 14:59:21.446   676   736 I VHAL.TimeHandler: [PROP_PA_CI_Timedicated] availability : 1
04-07 14:59:21.446   676   736 I VHAL.TimeHandler: [PA]PROP_PA_CI_Timedicated(1)mHr(14)mMins(59)mSec(21)
04-07 14:59:21.446   676   736 I VHAL.TimeHandler: [PA]mPA_CL_DateIndicated_Availability(1)mYr(2022)mMth(3)mDay(7)
04-07 14:59:21.446   676   736 I VHAL.TimeHandler: mTiAndDateVld(1)
04-07 14:59:21.446   676   736 I VHAL.TimeHandler: [onSignalChanged] mYr(2022)mMth(3)mDay(7)|y(2022)m(3)d(7)
04-07 14:59:21.446   676   736 I VHAL.TimeHandler: [onSignalChanged] mHr(14)mMins(59)mSec(21)|Hr(14)m(59)Sec(21)
04-07 14:59:21.451   572   593 I VNS.MessageHandler: rxMsg: aa ee 03 13 00 00 00 00 00 00 00 00 00 00 ff 00 02 00 00 00 00 0a 0b a8
04-07 14:59:21.451   572   593 D VNS.MessageDefinitionManager: There is no parse information. msgId = 0xee03
04-07 14:59:21.510   572   593 I VNS.MessageHandler: rxMsg: aa 84 9d 04 02 1c b9 de ce
04-07 14:59:21.520   572   593 I VNS.MessageHandler: rxMsg: aa 84 33 07 16 04 07 0e 3b 15 01 2e
04-07 14:59:21.600   572   593 I VNS.MessageHandler: rxMsg: aa 84 33 07 16 04 07 0e 3b 15 01 2e
04-07 14:59:21.630   572   593 I VNS.MessageHandler: rxMsg: aa 84 9d 04 02 1c b9 df cf
04-07 14:59:21.681   572   593 I VNS.MessageHandler: rxMsg: aa 84 33 07 16 04 07 0e 3b 15 01 2e
04-07 14:59:21.681  1182  1703 W CCS-2022-01-26: ManagerBase:sendHeartbeat()
04-07 14:59:21.684   839   839 I MQTT_BROKER: Received PUBLISH from dimsupportservice (d0, q1, r0, m62815, 'ihu/heartbeat/media', ... (43 bytes))
04-07 14:59:21.684   839   839 I MQTT_BROKER: Sending PUBACK to dimsupportservice (Mid: 62815)
04-07 14:59:21.685   839   839 I MQTT_BROKER: Sending PUBLISH to dimsub|270359-localhos (d0, q1, r0, m62785, 'ihu/heartbeat/media', ... (43 bytes))
04-07 14:59:21.686   839   839 I MQTT_BROKER: Received PUBACK from dimsub|270359-localhos (Mid: 62785)
04-07 14:59:21.687  2471  2507 W NAVSVC  : V202201271208-537:<openapi-navi> NaviService => invokeNaviAPI:NaviBaseModel{protocolID=2000, callbackId=-1525850661, protocolVersion='10', packageName='com.ecarx.xiaoka', mapVendor='-1', extraData=Bundle[EMPTY_PARCEL], timeout=0}
04-07 14:59:21.688  2471  2507 D NaviService: invokeNaviAPI: 2000-->com.ecarx.xiaoka, return RspLocation{locationInfo=LocationInfo{latLng=LatLng{latitude=57.70833, longitude=11.97359, coordType='gcj02'}, accuracy=0.0, altitude=0.0, speed=0.0, bearing=0.0, fixTime=0, lastGeoDecodeLatLng=null, country='Sweden', countryCode='1', province='Vstra Gtalands ln ', city='Gteborg', cityCode='', adcode='', address='Drottningtorget', formatedAddress='Drottningtorget, Gteborg, 411 03, Sverige', geoDecodeTime=0, adname='null'}{base=NaviBaseModel{protocolID=2000, callbackId=-1525850661, protocolVersion='10', packageName='com.ecarx.xiaoka', mapVendor='-1', extraData=Bundle[{}], timeout=0}}; }
04-07 14:59:21.710   572   593 I VNS.MessageHandler: rxMsg: aa 84 9d 04 02 1c b9 e0 f0
04-07 14:59:21.794  1166  1756 W CCS-2022-01-26: ManagerBase:sendHeartbeat()
04-07 14:59:21.797   839   839 I MQTT_BROKER: Received PUBLISH from dimsupportservice (d0, q1, r0, m62816, 'ihu/heartbeat/navigation', ... (43 bytes))
04-07 14:59:21.797   839   839 I MQTT_BROKER: Sending PUBACK to dimsupportservice (Mid: 62816)
04-07 14:59:21.797   839   839 I MQTT_BROKER: Sending PUBLISH to dimsub|270359-localhos (d0, q1, r0, m62786, 'ihu/heartbeat/navigation', ... (43 bytes))
04-07 14:59:21.798   839   839 I MQTT_BROKER: Received PUBACK from dimsub|270359-localhos (Mid: 62786)
04-07 14:59:21.804   572   593 I VNS.MessageHandler: rxMsg: aa 83 21 09 00 00 00 22 2e 00 04 14 1b 06
04-07 14:59:21.829   839   839 I MQTT_BROKER: Received PUBLISH from dimsupportservice (d0, q1, r0, m62817, 'ihu/heartbeat/navigation', ... (43 bytes))
04-07 14:59:21.829   839   839 I MQTT_BROKER: Sending PUBACK to dimsupportservice (Mid: 62817)
04-07 14:59:21.829   839   839 I MQTT_BROKER: Sending PUBLISH to dimsub|270359-localhos (d0, q1, r0, m62787, 'ihu/heartbeat/navigation', ... (43 bytes))
04-07 14:59:21.830   839   839 I MQTT_BROKER: Received PUBACK from dimsub|270359-localhos (Mid: 62787)
04-07 14:59:21.831   572   593 I VNS.MessageHandler: rxMsg: aa 84 9d 04 02 1c b9 e1 f1 aa 84 53 03 01 00 00 7f
04-07 14:59:21.831   572   593 D VNS.MessageDefinitionManager: There is no parse information. msgId = 0x8453
04-07 14:59:21.840   572   593 I VNS.MessageHandler: rxMsg: aa 84 33 07 16 04 07 0e 3b 15 01 2e
04-07 14:59:21.884   852   852 W /system/bin/vbfupdate: ERROR connecting: 111:Connection refused
04-07 14:59:21.910   572   593 I VNS.MessageHandler: rxMsg: aa 84 9d 04 02 1c b9 e2 f2
04-07 14:59:21.920   572   593 I VNS.MessageHandler: rxMsg: aa 84 33 07 16 04 07 0e 3b 15 01 2e
04-07 14:59:21.950   659  1407 D u-blox  : CAndroidDatabase::getFixType: fixType is 0
04-07 14:59:21.950   572   593 I VNS.MessageHandler: rxMsg: aa ee 03 13 00 00 00 00 00 00 00 00 00 00 ff 00 02 00 00 00 00 0a 0b a8
04-07 14:59:21.951   572   593 D VNS.MessageDefinitionManager: There is no parse information. msgId = 0xee03
04-07 14:59:21.954   659  1407 D u-blox  : CAndroidDatabase::getFixType: fixType is 0
04-07 14:59:21.974   572   593 I VNS.MessageHandler: rxMsg: aa 83 20 01 10 18
04-07 14:59:22.000   572   593 I VNS.MessageHandler: rxMsg: aa 84 33 07 16 04 07 0e 3b 15 01 2e
04-07 14:59:22.024   572   593 I VNS.MessageHandler: rxMsg: aa 83 20 01 11 19
04-07 14:59:22.030   572   593 I VNS.MessageHandler: rxMsg: aa 84 9d 04 02 1c b9 e3 f3
04-07 14:59:22.080   572   593 I VNS.MessageHandler: rxMsg: aa 84 33 07 16 04 07 0e 3b 15 01 2e
04-07 14:59:22.110   572   593 I VNS.MessageHandler: rxMsg: aa 84 9d 04 02 1c b9 e4 f4
04-07 14:59:22.230   572   593 I VNS.MessageHandler: rxMsg: aa 84 9d 04 02 1c b9 e5 f5
04-07 14:59:22.240   572   593 I VNS.MessageHandler: rxMsg: aa 84 33 07 16 04 07 0e 3b 15 01 2e
04-07 14:59:22.248   572   591 I VNS.MessageHandler: txMsg: aa 01 93 04 01 00 00 00 3d
04-07 14:59:22.304   572   591 I VNS.MessageHandler: txMsg: aa 01 37 07 a0 00 00 02 00 04 00 3d
04-07 14:59:22.305   572   593 I VNS.MessageHandler: rxMsg: aa 83 21 09 00 00 00 22 2e 00 04 16 1c 03
04-07 14:59:22.310   572   593 I VNS.MessageHandler: rxMsg: aa 84 9d 04 02 1c b9 e6 f6
04-07 14:59:22.320   572   593 I VNS.MessageHandler: rxMsg: aa 84 33 07 16 04 07 0e 3b 15 01 2e
04-07 14:59:22.380   572   591 I VNS.MessageHandler: txMsg: aa 01 51 03 d9 5e 00 7e
04-07 14:59:22.388   852   852 W /system/bin/vbfupdate: ERROR connecting: 111:Connection refused
04-07 14:59:22.400   572   593 I VNS.MessageHandler: rxMsg: aa 84 33 07 16 04 07 0e 3b 16 01 2d
04-07 14:59:22.406   676   736 I VHAL.TimeHandler: [PA]PROP_CLOCK_GET_DATE(1)mYr(2022)mMth(3)mDay(7)
04-07 14:59:22.406   676   736 I VHAL.TimeHandler: [PA]PROP_CLOCK_GET_TIME(1)mHr(14)mMins(59)mSec(22)
04-07 14:59:22.406   676   736 I VHAL.TimeHandler: [PROP_PA_CI_Timedicated] availability : 1
04-07 14:59:22.406   676   736 I VHAL.TimeHandler: [PA]PROP_PA_CI_Timedicated(1)mHr(14)mMins(59)mSec(22)
04-07 14:59:22.406   676   736 I VHAL.TimeHandler: [PA]mPA_CL_DateIndicated_Availability(1)mYr(2022)mMth(3)mDay(7)
04-07 14:59:22.406   676   736 I VHAL.TimeHandler: mTiAndDateVld(1)
04-07 14:59:22.406   676   736 I VHAL.TimeHandler: [onSignalChanged] mYr(2022)mMth(3)mDay(7)|y(2022)m(3)d(7)
04-07 14:59:22.406   676   736 I VHAL.TimeHandler: [onSignalChanged] mHr(14)mMins(59)mSec(22)|Hr(14)m(59)Sec(22)
04-07 14:59:22.430   572   593 I VNS.MessageHandler: rxMsg: aa 84 9d 04 02 1c b9 e7 f7
04-07 14:59:22.451   572   593 I VNS.MessageHandler: rxMsg: aa ee 03 13 00 00 00 00 00 00 00 00 00 00 ff 00 02 00 00 00 00 0a 0b a8
04-07 14:59:22.451   572   593 D VNS.MessageDefinitionManager: There is no parse information. msgId = 0xee03
04-07 14:59:22.480   572   593 I VNS.MessageHandler: rxMsg: aa 84 33 07 16 04 07 0e 3b 16 01 2d
04-07 14:59:22.510   572   593 I VNS.MessageHandler: rxMsg: aa 84 9d 04 02 1c b9 e8 f8
04-07 14:59:22.630   572   593 I VNS.MessageHandler: rxMsg: aa 84 9d 04 02 1c b9 e9 f9
04-07 14:59:22.640   572   593 I VNS.MessageHandler: rxMsg: aa 84 33 07 16 04 07 0e 3b 16 01 2d
04-07 14:59:22.711   572   593 I VNS.MessageHandler: rxMsg: aa 84 9d 04 02 1c b9 ea fa
04-07 14:59:22.720   572   593 I VNS.MessageHandler: rxMsg: aa 84 33 07 16 04 07 0e 3b 16 01 2d
04-07 14:59:22.790   572   593 I VNS.MessageHandler: rxMsg: aa 84 53 03 00 81 00 ff
04-07 14:59:22.790   572   593 D VNS.MessageDefinitionManager: There is no parse information. msgId = 0x8453
04-07 14:59:22.800   572   593 I VNS.MessageHandler: rxMsg: aa 84 33 07 16 04 07 0e 3b 16 01 2d
04-07 14:59:22.805   572   593 I VNS.MessageHandler: rxMsg: aa 83 21 09 00 00 00 22 2e 00 07 15 18 07
04-07 14:59:22.830   572   593 I VNS.MessageHandler: rxMsg: aa 84 9d 04 02 1c b9 eb fb
04-07 14:59:22.834   572   591 I VNS.MessageHandler: txMsg: aa 01 50 04 ef 2d 9e 00 a3
04-07 14:59:22.834   572   591 I VNS.MessageHandler: txMsg: aa 01 50 04 50 44 00 02 e9
04-07 14:59:22.834   572   591 I VNS.MessageHandler: txMsg: aa 01 50 04 d0 4f 00 02 62
04-07 14:59:22.835   572   591 I VNS.MessageHandler: txMsg: aa 01 50 04 ef 20 00 03 33
04-07 14:59:22.835   572   591 I VNS.MessageHandler: txMsg: aa 01 50 04 ef 28 00 00 38
04-07 14:59:22.835   572   591 I VNS.MessageHandler: txMsg: aa 01 50 04 ef 2c 00 00 3c
04-07 14:59:22.835   572   591 I VNS.MessageHandler: txMsg: aa 01 50 04 ef 29 00 00 39
04-07 14:59:22.835   572   591 I VNS.MessageHandler: txMsg: aa 01 50 04 ef 2b 00 00 3b
04-07 14:59:22.881   572   593 I VNS.MessageHandler: rxMsg: aa 84 33 07 16 04 07 0e 3b 16 01 2d
04-07 14:59:22.891   852   852 W /system/bin/vbfupdate: ERROR connecting: 111:Connection refused
04-07 14:59:22.911   572   593 I VNS.MessageHandler: rxMsg: aa 84 9d 04 02 1c b9 ec fc
04-07 14:59:22.951   572   593 I VNS.MessageHandler: rxMsg: aa ee 03 13 00 00 00 00 00 00 00 00 00 00 ff 00 02 00 00 00 00 0a 0b a8 aa ee 03 14 32 32 32 32 32 32 32 32 32 32 32 32 32 32 32 32 32 32 32 32 53
04-07 14:59:22.951   572   593 D VNS.MessageDefinitionManager: There is no parse information. msgId = 0xee03
04-07 14:59:22.951   572   593 D VNS.MessageDefinitionManager: There is no parse information. msgId = 0xee03
04-07 14:59:22.952   659  1407 D u-blox  : CAndroidDatabase::getFixType: fixType is 0
04-07 14:59:22.956   659  1407 D u-blox  : CAndroidDatabase::getFixType: fixType is 0
04-07 14:59:22.956   659  1407 D u-blox  : CAndroidDatabase::getFixType: fixType is 0
04-07 14:59:23.030   572   593 I VNS.MessageHandler: rxMsg: aa 84 9d 04 02 1c b9 ed fd
04-07 14:59:23.040   572   593 I VNS.MessageHandler: rxMsg: aa 84 33 07 16 04 07 0e 3b 16 01 2d
04-07 14:59:23.110   572   593 I VNS.MessageHandler: rxMsg: aa 84 9d 04 02 1c b9 ee fe
04-07 14:59:23.120   572   593 I VNS.MessageHandler: rxMsg: aa 84 33 07 16 04 07 0e 3b 16 01 2d
04-07 14:59:23.173  1166  1458 D GKAI:GUI:1.0.0: [MKTokenManager] token
04-07 14:59:23.173  1166  1458 D GKAI:GUI:1.0.0: [MKTokenManager] ecarxId is null
04-07 14:59:23.173  1166  1458 D GKAI:GUI:1.0.0: [MKTokenManager] token
04-07 14:59:23.173  1166  1458 D GKAI:GUI:1.0.0: [MKTokenManager] ecarxId is null
04-07 14:59:23.200   572   593 I VNS.MessageHandler: rxMsg: aa 84 33 07 16 04 07 0e 3b 16 01 2d
04-07 14:59:23.217  1924  1924 D EnNavCore2 >: GLDIMSurfaceView$MainRoofHandler [Render : 126] >> Navigation Alive Log [103946367] Render Dim Map Proceed
04-07 14:59:23.230   572   593 I VNS.MessageHandler: rxMsg: aa 84 9d 04 02 1c b9 ef ff
04-07 14:59:23.280   572   593 I VNS.MessageHandler: rxMsg: aa 84 33 07 16 04 07 0e 3b 16 01 2d
04-07 14:59:23.305   572   593 I VNS.MessageHandler: rxMsg: aa 83 21 09 00 00 00 22 2e 00 08 13 20 36
04-07 14:59:23.305   572   591 I VNS.MessageHandler: txMsg: aa 01 37 07 a0 00 00 02 00 04 00 3d
